Aberdeen Harbour Order Confirmation Act;year=1992;context=http://www.legislation.gov.uk/id/ukla/1992/2
Accommodation Level Crossings Act 1995 c. viii;context=http://www.legislation.gov.uk/id/ukla/1995/8
Adelphi Estate Act;year=1991;context=http://www.legislation.gov.uk/id/ukla/1991/6
Aire and Calder Navigation Act;year=1992;context=http://www.legislation.gov.uk/id/ukla/1992/4
Alliance & Leicester (Girobank) Act 1993 (c. iii);context=http://www.legislation.gov.uk/id/ukla/1993/3
Alliance & Leicester Group Treasury plc (Transfer) Act;year=2001;context=http://www.legislation.gov.uk/id/ukla/2001/1
Alliance & Leicester plc (Group Reorganisation) Act;year=2000;context=http://www.legislation.gov.uk/id/ukla/2000/3
Allied Irish Banks Act 1993 (c. xiv);context=http://www.legislation.gov.uk/id/ukla/1993/14
Allied Irish Banks Act;year=1996;context=http://www.legislation.gov.uk/id/ukla/1996/7
Australia and New Zealand Banking Group Act;year=1996;context=http://www.legislation.gov.uk/id/ukla/1996/2
Avon Weir Act 1992 (c. v);context=http://www.legislation.gov.uk/id/ukla/1992/5
Barclays Group Reorganisation Act;year=2002;context=http://www.legislation.gov.uk/id/ukla/2002/4
Baxi Partnership Limited Trusts Act;year=2000;context=http://www.legislation.gov.uk/id/ukla/2000/4
Belfast Charitable Society Act;year=1996;context=http://www.legislation.gov.uk/id/ukla/1996/6
Bell’s Bridge Order Confirmation Act 1995 c. iv;context=http://www.legislation.gov.uk/id/ukla/1995/4
Beverley Freemen Act;year=2010;context=http://www.legislation.gov.uk/id/ukla/2010/1
Birmingham Assay Office Act;year=1995;context=http://www.legislation.gov.uk/id/ukla/1995/6
Birmingham City Council Act 1991 (c. xvii);context=http://www.legislation.gov.uk/id/ukla/1991/17
Bournemouth Borough Council Act;year=2010;context=http://www.legislation.gov.uk/id/ukla/2010/2
Brighton Marine Palace and Pier 1991 (c. xv);context=http://www.legislation.gov.uk/id/ukla/1991/15
British Railways (No. 2) Act 1992 (c. xi);context=http://www.legislation.gov.uk/id/ukla/1992/11
British Railways (No. 2) Order Confirmation Act;year=1994;context=http://www.legislation.gov.uk/id/ukla/1994/2
British Railways (No. 3) Order Confirmation Act;year=1994;context=http://www.legislation.gov.uk/id/ukla/1994/3
British Railways Act 1992 (c. i);context=http://www.legislation.gov.uk/id/ukla/1992/1
British Railways Act;year=1993;context=http://www.legislation.gov.uk/id/ukla/1993/4
British Railways Act;year=1994;context=http://www.legislation.gov.uk/id/ukla/1994/4
British Railways Order Confirmation Act;year=1994;context=http://www.legislation.gov.uk/id/ukla/1994/1
British Waterways Act 1995 (c. i);context=http://www.legislation.gov.uk/id/ukla/1995/1
Broads Authority Act;year=2009;context=http://www.legislation.gov.uk/id/ukla/2009/1
Cattewater Reclamation Act 1992 (c. xiv);context=http://www.legislation.gov.uk/id/ukla/1992/14
Church of Scotland (Properties and Investments) Order Confirmation Act;year=1994;context=http://www.legislation.gov.uk/id/ukla/1994/5
Church of Scotland (Property and Endowments) Amendment Order Confirmation Act 1995 c. xi;context=http://www.legislation.gov.uk/id/ukla/1995/11
Citibank International Act 1993 (c. xvii);context=http://www.legislation.gov.uk/id/ukla/1993/17
City of Bristol (Portishead Docks) Act 1992 (c. xxi);context=http://www.legislation.gov.uk/id/ukla/1992/21
City of Edinburgh (Guided Busways) Order Confirmation Act;year=1998;context=http://www.legislation.gov.uk/id/ukla/1998/3
City of Edinburgh Council Order Confirmation;context=http://www.legislation.gov.uk/id/ukla/1996/10
City of Edinburgh District Council Order Confirmation Act;year=1991;context=http://www.legislation.gov.uk/id/ukla/1991/19
City of London (Approved Premises for Marriage) Act;year=1996;context=http://www.legislation.gov.uk/id/ukla/1996/4
City of London (Union of Parishes) Act;year=1907;context=http://www.legislation.gov.uk/id/ukla/Edw7/7/140
City of London (Ward Elections) Act;year=2002;context=http://www.legislation.gov.uk/id/ukla/2002/6
City of Newcastle upon Tyne Act;year=2000;context=http://www.legislation.gov.uk/id/ukla/2000/8
City of Westminster Act;year=1996;context=http://www.legislation.gov.uk/id/ukla/1996/8
City of Westminster Act;year=1999;context=http://www.legislation.gov.uk/id/ukla/1999/1
Colchester Borough Council Act;year=2001;context=http://www.legislation.gov.uk/id/ukla/2001/2
Comhairle Nan Eilean Siar (Eriskay Causeway) Order Confirmation Act;year=2000;context=http://www.legislation.gov.uk/id/ukla/2000/1
Commercial and Private Bank Act 1991 (c. xxii);context=http://www.legislation.gov.uk/id/ukla/1991/22
Commons Registration (East Sussex) Act;year=1994;context=http://www.legislation.gov.uk/id/ukla/1994/7
Croydon Tramlink Act;year=1994;context=http://www.legislation.gov.uk/id/ukla/1994/11
Dawat-e-Hadiyah (England) Act 1993 (c. x);context=http://www.legislation.gov.uk/id/ukla/1993/10
Dean Forest (Mines) Act;year=1904;context=http://www.legislation.gov.uk/id/ukla/Edw7/4/156
Dean Forest Act;year=1906;context=http://www.legislation.gov.uk/id/ukla/Edw7/6/119
Derbyshire Mining Customs and Mineral Courts Act;year=1852;context=http://www.legislation.gov.uk/id/ukla/Vict/16-17/163
Dunham Bridge (Amendment) Act;year=1994;context=http://www.legislation.gov.uk/id/ukla/1994/8
Durham Markets Company Act 1992 (c. xx);context=http://www.legislation.gov.uk/id/ukla/1992/20
Edinburgh Assay Office Order Confirmation Act;year=1996;context=http://www.legislation.gov.uk/id/ukla/1996/1
Edinburgh Merchant Company Order Confirmation;context=http://www.legislation.gov.uk/id/ukla/1996/11
Folkestone Harbour Act;year=1992;context=http://www.legislation.gov.uk/id/ukla/1992/6
Greater London Council (General Powers) Act;year=1974;context=http://www.legislation.gov.uk/id/ukla/1974/24
Greater Manchester (Light Rapid Transit System) Act 1991 (c. xvi);context=http://www.legislation.gov.uk/id/ukla/1991/16
Greater Manchester (Light Rapid Transit System) Act 1992 (c. xviii);context=http://www.legislation.gov.uk/id/ukla/1992/18
Greater Manchester (Light Rapid Transit System) Act;year=1994;context=http://www.legislation.gov.uk/id/ukla/1994/6
Greater Nottingham Light Rapid Transit Act;year=1994;context=http://www.legislation.gov.uk/id/ukla/1994/15
Greenham and Crookham Commons Act;year=2002;context=http://www.legislation.gov.uk/id/ukla/2002/1
Gun Barrel Proof Act;year=1868;context=http://www.legislation.gov.uk/id/ukla/Vict/31-32/113
Gun Barrel Proof Act;year=1950;context=http://www.legislation.gov.uk/id/ukla/Geo6/14/3
Harris Tweed Act;year=1993;context=http://www.legislation.gov.uk/id/ukla/1993/11
HBOS Group Reorganisation Act;year=2006;context=http://www.legislation.gov.uk/id/ukla/2006/1
Heathrow Express Railway (No. 2) Act 1991 (c. ix);context=http://www.legislation.gov.uk/id/ukla/1991/9
Heathrow Express Railway Act 1991 (c. vii);context=http://www.legislation.gov.uk/id/ukla/1991/7
Henry Johnson, Sons & Co., Limited Act;year=1996;context=http://www.legislation.gov.uk/id/ukla/1996/5
Hereford Markets Act;year=2003;context=http://www.legislation.gov.uk/id/ukla/2003/4
HFC Bank Act;year=1999;context=http://www.legislation.gov.uk/id/ukla/1999/4
Highland Regional Council (Harbours) Order Confirmation Act 1991 (c. xii);context=http://www.legislation.gov.uk/id/ukla/1991/12
Highland Regional Council (Wester Bridge) Order Confirmation Act 1993 (c. xii);context=http://www.legislation.gov.uk/id/ukla/1993/12
Hill Samuel Bank and United Dominions Trust Act;year=1994;context=http://www.legislation.gov.uk/id/ukla/1994/14
HSBC Investment Banking Act;year=2002;context=http://www.legislation.gov.uk/id/ukla/2002/3
Imperial College Act;year=1997;context=http://www.legislation.gov.uk/id/ukla/1997/2
Imperial College Act;year=1999;context=http://www.legislation.gov.uk/id/ukla/1999/3
Imperial Institute Act;year=1925;context=http://www.legislation.gov.uk/id/ukla/Geo5/15-16/17
Ipswich Market Act;year=2004;context=http://www.legislation.gov.uk/id/ukla/2004/3
Kent County Council Act;year=2001;context=http://www.legislation.gov.uk/id/ukla/2001/3
Killingholme Generating Stations (Ancillary Powers) Act;year=1991;context=http://www.legislation.gov.uk/id/ukla/1991/8
King’s College London Act;year=1997;context=http://www.legislation.gov.uk/id/ukla/1997/3
Land at Palace Avenue, Kensington (Acquisition of Freehold) Act;year=2002;context=http://www.legislation.gov.uk/id/ukla/2002/2
Leeds Supertram Act 1993 (c. xv);context=http://www.legislation.gov.uk/id/ukla/1993/15
Leicester City Council Act;year=2006;context=http://www.legislation.gov.uk/id/ukla/2006/2
Lerwick Harbour Act;year=1994;context=http://www.legislation.gov.uk/id/ukla/1994/10
Letchworth Garden City Heritage Foundation Act;year=1995;context=http://www.legislation.gov.uk/id/ukla/1995/2
Liverpool City Council Act;year=2006;context=http://www.legislation.gov.uk/id/ukla/2006/3
Llanelli Borough Council (Dafen Estuary) Act;year=1991;context=http://www.legislation.gov.uk/id/ukla/1991/11
Llanelli Borough Council (River Lliedi) Act;year=1992;context=http://www.legislation.gov.uk/id/ukla/1992/19
Lloyds TSB Act;year=1998;context=http://www.legislation.gov.uk/id/ukla/1998/5
Loch Leven and Lochaber Water Power Order Confirmation c. vii;context=http://www.legislation.gov.uk/id/ukla/1995/7
London Development Agency Act;year=2003;context=http://www.legislation.gov.uk/id/ukla/2003/1
London Docklands Development Corporation Act;year=1994;context=http://www.legislation.gov.uk/id/ukla/1994/13
London Docklands Railway (Lewisham) (No. 2) 1993 (c. viii);context=http://www.legislation.gov.uk/id/ukla/1993/8
London Docklands Railway (Lewisham) Act;year=1993;context=http://www.legislation.gov.uk/id/ukla/1993/7
London Docklands Railway Act 1991 (c. xxiii);context=http://www.legislation.gov.uk/id/ukla/1991/23
London Local Authorities Act;context=http://www.legislation.gov.uk/id/ukla/2000/7
London Local Authorities Act 1991 (c. xiii);context=http://www.legislation.gov.uk/id/ukla/1991/13
London Local Authorities Act;year=1994;context=http://www.legislation.gov.uk/id/ukla/1994/12
London Local Authorities Act;year=1995;context=http://www.legislation.gov.uk/id/ukla/1995/10
London Local Authorities Act;year=1996;context=http://www.legislation.gov.uk/id/ukla/1996/9
London Local Authorities Act;year=2004;context=http://www.legislation.gov.uk/id/ukla/2004/1
London Local Authorities Act;year=2007;context=http://www.legislation.gov.uk/id/ukla/2007/2
London Local Authorities and Transport for London Act;year=2003;context=http://www.legislation.gov.uk/id/ukla/2003/3
London Local Authorities and Transport for London Act;year=2008;context=http://www.legislation.gov.uk/id/ukla/2008/3
London Regional Transport (Penalty Fares) Act 1992 (c. xvi);context=http://www.legislation.gov.uk/id/ukla/1992/16
London Underground (Green Park) Act;year=1994;context=http://www.legislation.gov.uk/id/ukla/1994/9
London Underground (Jubilee) Act 1993 (c. ix);context=http://www.legislation.gov.uk/id/ukla/1993/9
London Underground (King’s Cross) Act;year=1993;context=http://www.legislation.gov.uk/id/ukla/1993/1
London Underground (Safety Measures) Act;year=1991;context=http://www.legislation.gov.uk/id/ukla/1991/18
London Underground (Victoria) Act;year=1991;context=http://www.legislation.gov.uk/id/ukla/1991/10
London Underground Act 1992 (c. iii);context=http://www.legislation.gov.uk/id/ukla/1992/3
Maidstone Borough Council Act;year=2006;context=http://www.legislation.gov.uk/id/ukla/2006/4
Malvern Hills Act 1995 c. iii;context=http://www.legislation.gov.uk/id/ukla/1995/3
Manchester City Council Act;year=2010;context=http://www.legislation.gov.uk/id/ukla/2010/3
Medway Council Act;year=2001;context=http://www.legislation.gov.uk/id/ukla/2001/4
Medway Council Act;year=2004;context=http://www.legislation.gov.uk/id/ukla/2004/5
Mersey Docks and Harbour Act 1992 (c. x);context=http://www.legislation.gov.uk/id/ukla/1992/10
Mersey Tunnels Act;year=2004;context=http://www.legislation.gov.uk/id/ukla/2004/2
Midland Metro (No. 2) Act;year=1992;context=http://www.legislation.gov.uk/id/ukla/1992/8
Midland Metro (No. 2) Act 1993 (c. vi);context=http://www.legislation.gov.uk/id/ukla/1993/6
Midland Metro (Penalty Fares) Act;year=1991;context=http://www.legislation.gov.uk/id/ukla/1991/2
Midland Metro Act;year=1992;context=http://www.legislation.gov.uk/id/ukla/1992/7
Midland Metro Act 1993 (c. v);context=http://www.legislation.gov.uk/id/ukla/1993/5
Milford Haven Port Authority Act;year=2002;context=http://www.legislation.gov.uk/id/ukla/2002/5
National Australia Group Europe Act;year=2001;context=http://www.legislation.gov.uk/id/ukla/2001/5
National Trust (Northern Ireland) Act;year=2007;context=http://www.legislation.gov.uk/id/ukla/2007/3
New Forest Act;year=1877;context=http://www.legislation.gov.uk/id/ukla/Vict/40-41/121
New Forest Act;year=1879;context=http://www.legislation.gov.uk/id/ukla/Vict/42-43/194
North Yorkshire County Council Act;year=1991;context=http://www.legislation.gov.uk/id/ukla/1991/14
Nottingham City Council Act;year=2003;context=http://www.legislation.gov.uk/id/ukla/2003/2
Peterhead Harbours Order Confirmation Act 1992 (c. xii);context=http://www.legislation.gov.uk/id/ukla/1992/12
Pittenweem Harbour Order Confirmation Act 1992 (c. ix);context=http://www.legislation.gov.uk/id/ukla/1992/9
Price’s Patent Candle Company Limited Act 1992 (c. xvii);context=http://www.legislation.gov.uk/id/ukla/1992/17
Pwllheli Harbour (Amendment) Act 1993 (c. xiii);context=http://www.legislation.gov.uk/id/ukla/1993/13
Queen Mary and Westfield College Act 1995 c. ix;context=http://www.legislation.gov.uk/id/ukla/1995/9
Railtrack (Waverley Station) Order Confirmation Act;year=2000;context=http://www.legislation.gov.uk/id/ukla/2000/6
River Humber (Upper Pyewipe Outfall) Act;year=1992;context=http://www.legislation.gov.uk/id/ukla/1992/15
Scottish Agricultural College Order Confirmation Act;year=1997;context=http://www.legislation.gov.uk/id/ukla/1997/4
Scottish Borders Council (Jim Clark Memorial Rally) Order Confirmation Act;context=http://www.legislation.gov.uk/id/ukla/1996/12
Shard Bridge Act 1991 (c. v);context=http://www.legislation.gov.uk/id/ukla/1991/5
Sheffield Assay Office Act 1995 c. v;context=http://www.legislation.gov.uk/id/ukla/1995/5
Shrewsbury and Atcham Borough Council Act;year=1998;context=http://www.legislation.gov.uk/id/ukla/1998/2
Smith Kline & French Laboratories, Australia, and Menley & James, Australia, Act;year=1991;context=http://www.legislation.gov.uk/id/ukla/1991/1
South Yorkshire Light Rail Transit Act;year=1993;context=http://www.legislation.gov.uk/id/ukla/1993/2
Southampton International Boat Show Act;year=1997;context=http://www.legislation.gov.uk/id/ukla/1997/1
St. Austell Market Act;year=2008;context=http://www.legislation.gov.uk/id/ukla/2008/2
Standard Life Assurance Company Act;year=1991;context=http://www.legislation.gov.uk/id/ukla/1991/3
Strathclyde Regional Council Order Confirmation Act 1991 (c. xx);context=http://www.legislation.gov.uk/id/ukla/1991/20
Tamar Bridge Act;year=1998;context=http://www.legislation.gov.uk/id/ukla/1998/4
Tay Road Bridge Order Confirmation Act 1991 (c. iv);context=http://www.legislation.gov.uk/id/ukla/1991/4
Torquay Market Act 1991 (c. xxi);context=http://www.legislation.gov.uk/id/ukla/1991/21
Transas Group Act;year=2003;context=http://www.legislation.gov.uk/id/ukla/2003/5
Transport for London Act;year=2008;context=http://www.legislation.gov.uk/id/ukla/2008/1
Transport Salaried Staffs' Association (Amendment of Rules);context=http://www.legislation.gov.uk/id/ukla/2000/5
Tweed Fisheries Act;year=1857;context=http://www.legislation.gov.uk/id/ukla/Vict/20-21/148
Tweed Fisheries Act;year=1969;context=http://www.legislation.gov.uk/id/ukla/1969/24
Tweed Fisheries Amendment Act;year=1859;context=http://www.legislation.gov.uk/id/ukla/Vict/22-23/70
Tyne Tunnels Act;year=1998;context=http://www.legislation.gov.uk/id/ukla/1998/1
Ulster Bank Act 1992 (c. xiii);context=http://www.legislation.gov.uk/id/ukla/1992/13
Unibank Act;year=1993;context=http://www.legislation.gov.uk/id/ukla/1993/18
United Reformed Church Act;year=2000;context=http://www.legislation.gov.uk/id/ukla/2000/2
University College London Act;year=1996;context=http://www.legislation.gov.uk/id/ukla/1996/3
University College London Act;year=1999;context=http://www.legislation.gov.uk/id/ukla/1999/2
University of London Act;year=1994;context=http://www.legislation.gov.uk/id/ukla/1994/16
University of Manchester Act;year=2004;context=http://www.legislation.gov.uk/id/ukla/2004/4
University of Wales, Cardiff Act;year=2004;context=http://www.legislation.gov.uk/id/ukla/2004/6
Western Isles Council (Berneray Causeway) Order Confirmation Act;context=http://www.legislation.gov.uk/id/ukla/1996/13
Whitehaven Harbour Act;year=2007;context=http://www.legislation.gov.uk/id/ukla/2007/1
Woodgrange Park Cemetery Act 1993 (c. xvi);context=http://www.legislation.gov.uk/id/ukla/1993/16
