11th century;context=http://dbpedia.org/resource/11th_century
12th century;context=http://dbpedia.org/resource/12th_century
13th century;context=http://dbpedia.org/resource/13th_century
14th century;context=http://dbpedia.org/resource/14th_century
15th century;context=http://dbpedia.org/resource/15th_century
16th century;context=http://dbpedia.org/resource/16th_century
17th century;context=http://dbpedia.org/resource/17th_century
18th century;context=http://dbpedia.org/resource/18th_century
19th century;context=http://dbpedia.org/resource/19th_century
20th century;context=http://dbpedia.org/resource/20th_century
Ancient Greece;context=http://dbpedia.org/resource/Ancient_Greece
Bronze Age;context=http://dbpedia.org/resource/Bronze_Age
Copper Age;context=http://dbpedia.org/resource/Copper_Age
Dark Ages;context=http://dbpedia.org/resource/Dark_Age
Edwardian;context=http://dbpedia.org/resource/Edwardian_period
Elizabethan;context=http://dbpedia.org/resource/Elizabethan_period
Georgian;context=http://dbpedia.org/resource/Georgian_Era
Industrial Revolution;context=http://dbpedia.org/resource/Industrial_Revolution
Iron Age;context=http://dbpedia.org/resource/Iron_Age
Jacobean;context=http://dbpedia.org/resource/Jacobean_Era
Late Middle Ages;context=http://dbpedia.org/resource/Late_Middle_Ages
Lower Paleolithic;context=http://dbpedia.org/resource/Lower_Paleolithic
Mesolithic;context=http://dbpedia.org/resource/Mesolithic
Middle Ages;context=http://dbpedia.org/resource/Middle_Ages
Middle Paleolitich;context=http://dbpedia.org/resource/Middle_paleolithic
Neolithic;context=http://dbpedia.org/resource/Neolithic
Paleolithic;context=http://dbpedia.org/resource/Paleolithic
Stone Age;context=http://dbpedia.org/resource/Stone_Age
The Great Depression;context=http://dbpedia.org/resource/The_Great_Depression
Upper Paleolithic;context=http://dbpedia.org/resource/Upper_Paleolithic
Victorian;context=http://dbpedia.org/resource/Victorian_era
