
1st;day=01
1 st;day=01
first;day=01
2nd;day=02
2 nd;day=02
second;day=02
3rd;day=03
3 rd;day=03
third;day=03
4th;day=04
4 th;day=04
fourth;day=04
5th;day=05
5 th;day=05
fifth;day=05
6th;day=06
6 th;day=06
sixth;day=06
7th;day=07
7 th;day=07
seventh;day=07
8th;day=08
8 th;day=08
eighth;day=08
9th;day=09
9 th;day=09
ninth;day=09
10th;day=10
10 th;day=10
tenth;day=10
11th;day=11
11 th;day=11
eleventh;day=11
12th;day=12
12 th;day=12
twelveth;day=12
13th;day=13
13 th;day=13
thirteenth;day=13
14th;day=14
14 th;day=14
fourteenth;day=14
15th;day=15
15 th;day=15
fifteenth;day=15
16th;day=16
16 th;day=16
sixteenth;day=16
17th;day=17
17 th;day=17
seventeenth;day=17
18th;day=18
18 th;day=18
eighteenth;day=18
19th;day=19
19 th;day=19
nineteenth;day=19
20th;day=20
20 th;day=20
twentieth;day=20
21st;day=21
21 st;day=21
twenty-first;day=21
twenty first;day=21
22nd;day=22
22 nd;day=22
twenty-second;day=22
twenty second;day=22
23rd;day=23
23 rd;day=23
twenty-third;day=23
twenty third;day=23
24th;day=24
24 th;day=24
twenty-fourth;day=24
twenty fourth;day=24
25th;day=25
25 th;day=25
twenty-fifth;day=25
twenty fifth;day=25
26th;day=26
26 th;day=26
twenty-sixth;day=26
twenty sixth;day=26
27th;day=27
27 th;day=27
twenty-seventh;day=27
twenty seventh;day=27
28th;day=28
28 th;day=28
twenty-eighth;day=28
twenty eighth;day=28
29th;day=29
29 th;day=29
twenty-ninth;day=29
twenty ninth;day=29
30th;day=30
30 th;day=30
thirtieth;day=30
31st;day=31
31 st;day=31
thirty-first;day=31
thirty first;day=31
