Abidjan;context=http://dbpedia.org/resource/Abidjan
Abuja;context=http://dbpedia.org/resource/Abuja
Accra;context=http://dbpedia.org/resource/Accra
Addis Ababa;context=http://dbpedia.org/resource/Adis_Abeba
Addis Abeba;context=http://dbpedia.org/resource/Adis_Abeba
Adelaide;context=http://dbpedia.org/resource/Adelaide
Alexandria;context=http://dbpedia.org/resource/Alexandria
Algiers;context=http://dbpedia.org/resource/Algiers
Almaty;context=http://dbpedia.org/resource/Almaty
Amman;context=http://dbpedia.org/resource/Amman
Amsterdam;context=http://dbpedia.org/resource/Amsterdam;
Ankara;context=http://dbpedia.org/resource/Ankara
Antananarivo;context=http://dbpedia.org/resource/Antananarivo
Ashgabat;context=http://dbpedia.org/resource/Ashgabat
Asmara;context=http://dbpedia.org/resource/Asmara
Astana;context=http://dbpedia.org/resource/Astana
Athens;context=http://dbpedia.org/resource/Athens
Atlanta;context=http://dbpedia.org/resource/Atlanta
Baghdad;context=http://dbpedia.org/resource/Baghdad
Baku;context=http://dbpedia.org/resource/Baku
Baltimore;context=http://dbpedia.org/resource/Baltimore
Bamako;context=http://dbpedia.org/resource/Bamako
Bangalore;context=http://dbpedia.org/resource/Bangalore
Bangdung;context=http://dbpedia.org/resource/Bandung
Bangkok;context=http://dbpedia.org/resource/Bangkok
Basel;context=http://dbpedia.org/resource/Basel
Baton Rouge;context=http://dbpedia.org/resource/Baton_Rouge,_Louisiana
Beirut;context=http://dbpedia.org/resource/Beirut
Beijing;context=http://dbpedia.org/resource/Beijing
Belfast;context=http://dbpedia.org/resource/Belfast
Belgrade;context=http://dbpedia.org/resource/Belgrade
Belmopan;context=http://dbpedia.org/resource/Belmopan
Benghazi;context=http://dbpedia.org/resource/Benghazi
Berlin;context=http://dbpedia.org/resource/Berlin
Bern;context=http://dbpedia.org/resource/Bern
Bishkek;context=http://dbpedia.org/resource/Bishkek
Bogota;context=http://dbpedia.org/resource/Bogotá
Boston;context=http://dbpedia.org/resource/Boston
Brasilia;context=http://dbpedia.org/resource/Brasilia
Bratislava;context=http://dbpedia.org/resource/Bratislava
Brazzaville;context=http://dbpedia.org/resource/Brazzaville
Bridgetown;context=http://dbpedia.org/resource/Bridgetown
Brindisi;context=http://dbpedia.org/resource/Brindisi
Brisbane;context=http://dbpedia.org/resource/Brisbane
Brussels;context=http://dbpedia.org/resource/Brussels
Bucharest;context=http://dbpedia.org/resource/Bucharest
Budapest;context=http://dbpedia.org/resource/Budapest
Buenos Aires;context=http://dbpedia.org/resource/Buenos_Aires
Bujumbura;context=http://dbpedia.org/resource/Bujumbura
Busan;context=http://dbpedia.org/resource/Busan
Cairo;context=http://dbpedia.org/resource/Cairo
Calgary;context=http://dbpedia.org/resource/Calgary;country=http://sws.geonames.org/6251999/
Calcutta;context=http://dbpedia.org/resource/Kolkata
Canberra;context=http://dbpedia.org/resource/Canberra
Cancun;context=http://dbpedia.org/resource/Cancún
Cannes;context=http://dbpedia.org/resource/Cannes
Cape Town;context=http://dbpedia.org/resource/Cape_Town
Caracas;context=http://dbpedia.org/resource/Caracas
Casablanca;context=http://dbpedia.org/resource/Casablanca
Castries;context=http://dbpedia.org/resource/Castries
Chandigarh;context=http://dbpedia.org/resource/Chandigarh
Changchun;context=http://dbpedia.org/resource/Changchun
Chengdu;context=http://dbpedia.org/resource/Chengdu
Chennai;context=http://dbpedia.org/resource/Chennai
Chicago;context=http://dbpedia.org/resource/Chicago
Chisinau;context=http://dbpedia.org/resource/Chisinau
Chongqing;context=http://dbpedia.org/resource/Chongqing
Christchuch;context=http://dbpedia.org/resource/Christchurch
Cincinnati;context=http://dbpedia.org/resource/Cincinnati
Cologne;context=http://dbpedia.org/resource/Cologne
Conakry;context=http://dbpedia.org/resource/Conakry
Copenhagen;context=http://dbpedia.org/resource/Copenhagen
Dalian;context=http://dbpedia.org/resource/Dalian
Dallas;context=http://dbpedia.org/resource/Dallas
Damascus;context=http://dbpedia.org/resource/Damascus
Dar es Salaam;context=http://dbpedia.org/resource/Dar_es_Salaam
Delhi;context=http://dbpedia.org/resource/Delhi
Denver;context=http://dbpedia.org/resource/Denver
Detroit;context=http://dbpedia.org/resource/Detroit
Dhaka;context=http://dbpedia.org/resource/Dhaka
Dodoma;context=http://dbpedia.org/resource/Dodoma
Doha;context=http://dbpedia.org/resource/Doha
Douglas;context=http://dbpedia.org/resource/Douglas,_Isle_of_Man
Dublin;context=http://dbpedia.org/resource/Dublin
Dushanbe;context=http://dbpedia.org/resource/Dushanbe
Dusseldorf;context=http://dbpedia.org/resource/Düsseldorf
Essen;context=http://dbpedia.org/resource/Essen
Flying Fish Cove;context=http://dbpedia.org/resource/Flying_Fish_Cove
Frankfurt;context=http://dbpedia.org/resource/Frankfurt
Freetown;context=http://dbpedia.org/resource/Freetown
Gaborone;context=http://dbpedia.org/resource/Gaborone
Geneva;context=http://dbpedia.org/resource/Geneva
Georgetown;context=http://dbpedia.org/resource/Georgetown,_Guyana
Gimpo;context=http://dbpedia.org/resource/Gimpo
Gothenburg;context=http://dbpedia.org/resource/Gothenburg
Guadalajara;context=http://dbpedia.org/resource/Guadalajara,_Jalisco
Guangzhou;context=http://dbpedia.org/resource/Guangzhou
Halifax;context=http://dbpedia.org/resource/Halifax,_Nova_Scotia;country=http://sws.geonames.org/6251999/
Hamburg;context=http://dbpedia.org/resource/Hamburg
Handan;context=http://dbpedia.org/resource/Handan
Hangzhou;context=http://dbpedia.org/resource/Hangzhou
Hanoi;context=http://dbpedia.org/resource/Hanoi
Harare;context=http://dbpedia.org/resource/Harare
Harbin;context=http://dbpedia.org/resource/Harbin
Havana;context=http://dbpedia.org/resource/Havana
Hefei;context=http://dbpedia.org/resource/Hefei
Helsinki;context=http://dbpedia.org/resource/Helsinki
Ho Chi Minh;context=http://dbpedia.org/resource/Ho_Chi_Minh_City
Ho Chi Minh City;context=http://dbpedia.org/resource/Ho_Chi_Minh_City
Hong Kong;context=http://dbpedia.org/resource/Hong_Kong
Honiara;context=http://dbpedia.org/resource/Honiara
Houston;context=http://dbpedia.org/resource/Houston
Hyderabad;context=http://dbpedia.org/resource/Hyderabad,_India
Islamabad;context=http://dbpedia.org/resource/Islamabad
Istanbul;context=http://dbpedia.org/resource/Istanbul
Jalalabad;context=http://dbpedia.org/resource/Jalalabad
Jakarta;context=http://dbpedia.org/resource/Jakarta
Jeddah;context=http://dbpedia.org/resource/Jeddah
Jerusalem;context=http://dbpedia.org/resource/Jerusalem
Jinan;context=http://dbpedia.org/resource/Jinan
Johannesburg;context=http://dbpedia.org/resource/Johannesburg
Jonkoping;context=http://dbpedia.org/resource/Jönköping
Jönköping;context=http://dbpedia.org/resource/Jönköping
Juba;context=http://dbpedia.org/resource/Juba
Kabul;context=http://dbpedia.org/resource/Kabul
Kampala;context=http://dbpedia.org/resource/Kampala
Kandahar;context=http://dbpedia.org/resource/Kandahar
Karachi;context=http://dbpedia.org/resource/Karachi
Kathmandu;context=http://dbpedia.org/resource/Kathmandu
Katowice;context=http://dbpedia.org/resource/Katowice
Khartoum;context=http://dbpedia.org/resource/Khartoum
Kiev;context=http://dbpedia.org/resource/Kiev
Kigali;context=http://dbpedia.org/resource/Kigali
Kingston;context=http://dbpedia.org/resource/Kingston,_Jamaica
Kingstown;context=http://dbpedia.org/resource/Kingstown,_Saint_Vincent_and_the_Grenadines
Kinshasa;context=http://dbpedia.org/resource/Kinshasa
Kuala Lumpur;context=http://dbpedia.org/resource/Kuala_Lumpur
Kuwait City;context=http://dbpedia.org/resource/Kuwait_City
La Paz;context=http://dbpedia.org/resource/La_Paz,_Bolivia
Las Vegas;context=http://dbpedia.org/resource/Las_Vegas,_Nevada
Lagos;context=http://dbpedia.org/resource/Lagos
Lahore;context=http://dbpedia.org/resource/Lahore
Lashkar Gah;context=http://dbpedia.org/resource/Lashkar_Gah
Lausanne;context=http://dbpedia.org/resource/Lausanne
Leipzig;context=http://dbpedia.org/resource/Leipzig
Libreville;context=http://dbpedia.org/resource/Libreville
Lilongwe;context=http://dbpedia.org/resource/Lilongwe
Lima;context=http://dbpedia.org/resource/Lima
Lisbon;context=http://dbpedia.org/resource/Lisbon
Ljubljana;context=http://dbpedia.org/resource/Ljubljana
Lomé;context=http://dbpedia.org/resource/Lomé
Los Angeles;context=http://dbpedia.org/resource/Los_Angeles
Luxor;context=http://dbpedia.org/resource/Luxor
Luanda;context=http://dbpedia.org/resource/Luanda
Lusaka;context=http://dbpedia.org/resource/Lusaka
Luxembourg City;context=http://dbpedia.org/resource/Luxembourg_(city)
Madrid;context=http://dbpedia.org/resource/Madrid
Malabo;context=http://dbpedia.org/resource/Malabo
Malé;context=http://dbpedia.org/resource/Malé
Malmo;context=http://dbpedia.org/resource/Malmö
Malmö;context=http://dbpedia.org/resource/Malmö
Managua;context=http://dbpedia.org/resource/Managua
Manama;context=http://dbpedia.org/resource/Manama
Manila;context=http://dbpedia.org/resource/Manila
Maputo;context=http://dbpedia.org/resource/Maputo
Maputo;context=http://dbpedia.org/resource/Maputo
Marrakech;context=http://dbpedia.org/resource/Marrakech
Maseru;context=http://dbpedia.org/resource/Maseru
Mbabane;context=http://dbpedia.org/resource/Mbabane
Medellin;context=http://dbpedia.org/resource/Medellin
Medina;context=http://dbpedia.org/resource/Medina
Melbourne;context=http://dbpedia.org/resource/Melbourne
Memphis;context=http://dbpedia.org/resource/Memphis,_Tennessee
Mexico City;context=http://dbpedia.org/resource/Mexico_City
Miami;context=http://dbpedia.org/resource/Miami
Milan;context=http://dbpedia.org/resource/Milan
Milwaukee;context=http://dbpedia.org/resource/Milwaukee
Minsk;context=http://dbpedia.org/resource/Minsk
Mogadishu;context=http://dbpedia.org/resource/Mogadishu
Monterrey;context=http://dbpedia.org/resource/Monterrey
Montevideo;context=http://dbpedia.org/resource/Montevideo
Montreal;context=http://dbpedia.org/resource/Montreal
Moroni;context=http://dbpedia.org/resource/Moroni,_Comoros
Moscow;context=http://dbpedia.org/resource/Moscow
Mumbai;context=http://dbpedia.org/resource/Mumbai
Munich;context=http://dbpedia.org/resource/Munich
Murmansk;context=http://dbpedia.org/resource/Murmansk
Muscat;context=http://dbpedia.org/resource/Muscat,_Oman
N'Djamena;context=http://dbpedia.org/resource/N'Djamena
Nagoya;context=http://dbpedia.org/resource/Nagoya
Nagpur;context=http://dbpedia.org/resource/Nagpur
Nairobi;context=http://dbpedia.org/resource/Nairobi
Nanjing;context=http://dbpedia.org/resource/Nanjing
Naples;context=http://dbpedia.org/resource/Naples
Nassau;context=http://dbpedia.org/resource/Nassau
Naypyidaw;context=http://dbpedia.org/resource/Naypyidaw
New Delhi;context=http://dbpedia.org/resource/New_Delhi
New Orleans;context=http://dbpedia.org/resource/New_Orleans
New York;context=http://dbpedia.org/resource/New_York_City
New York City;context=http://dbpedia.org/resource/New_York_City
Ngerulmud;context=http://dbpedia.org/resource/Ngerulmud
Niamey;context=http://dbpedia.org/resource/Niamey
Nicosia;context=http://dbpedia.org/resource/Nicosia
Nouakchott;context=http://dbpedia.org/resource/Nouakchott
Nuuk;context=http://dbpedia.org/resource/Nuuk
Oranjestad;context=http://dbpedia.org/resource/Oranjestad,_Aruba
Osaka;context=http://dbpedia.org/resource/Osaka
Oslo;context=http://dbpedia.org/resource/Oslo
Ottawa;context=http://dbpedia.org/resource/Ottawa
Ouagadougou;context=http://dbpedia.org/resource/Ouagadougou
Pago Pago;context=http://dbpedia.org/resource/Pago_Pago
Palikir;context=http://dbpedia.org/resource/Palikir
Panama City;context=http://dbpedia.org/resource/Panama_City
Paramaribo;context=http://dbpedia.org/resource/Paramaribo
Paris;context=http://dbpedia.org/resource/Paris
Perth;context=http://dbpedia.org/resource/Perth,_Western_Australia
Philadelphia;context=http://dbpedia.org/resource/Philadelphia
Phnom Penh;context=http://dbpedia.org/resource/Phnom_Penh
Pittsburgh;context=http://dbpedia.org/resource/Pittsburgh
Podgorica;context=http://dbpedia.org/resource/Podgorica
Port Louis;context=http://dbpedia.org/resource/Port_Louis
Port Moresby;context=http://dbpedia.org/resource/Port_Moresby
Port Vila;context=http://dbpedia.org/resource/Port_Vila
Port of Spain;context=http://dbpedia.org/resource/Port_of_Spain
Port-au-Prince;context=http://dbpedia.org/resource/Port-au-Prince
Portland;context=http://dbpedia.org/resource/Portland,_Oregon
Porto Alegre;context=http://dbpedia.org/resource/Porto Alegre
Porto-Novo;context=http://dbpedia.org/resource/Porto-Novo
Poznan;context=http://dbpedia.org/resource/Poznań
Poznań;context=http://dbpedia.org/resource/Poznań
Prague;context=http://dbpedia.org/resource/Prague
Praia;context=http://dbpedia.org/resource/Praia
Pretoria;context=http://dbpedia.org/resource/Pretoria
Pristina;context=http://dbpedia.org/resource/Pristina
Pune;context=http://dbpedia.org/resource/Pune
Pusan;context=http://dbpedia.org/resource/Busan
Putrajaya;context=http://dbpedia.org/resource/Putrajaya
Pyongyang;context=http://dbpedia.org/resource/Pyongyang
Qingdao;context=http://dbpedia.org/resource/Qingdao
Quito;context=http://dbpedia.org/resource/Quito
Rabat;context=http://dbpedia.org/resource/Rabat
Recife;context=http://dbpedia.org/resource/Recife
Reykjavík;context=http://dbpedia.org/resource/Reykjavík
Riga;context=http://dbpedia.org/resource/Riga
Rio de Janeiro;context=http://dbpedia.org/resource/Rio_de_Janeiro
Riyadh;context=http://dbpedia.org/resource/Riyadh
Rome;context=http://dbpedia.org/resource/Rome
Roseau;context=http://dbpedia.org/resource/Roseau,_Dominica
Rotterdam;context=http://dbpedia.org/resource/Rotterdam
Salvador;context=http://dbpedia.org/resource/Salvador
Salt Lake City;context=http://dbpedia.org/resource/Salt_Lake_City
San Francisco;context=http://dbpedia.org/resource/San_Francisco
San José;context=http://dbpedia.org/resource/San_José,_Costa_Rica
San Juan;context=http://dbpedia.org/resource/San_Juan,_Puerto_Rico
Santiago;context=http://dbpedia.org/resource/Santiago,_Chile
Santo Domingo;context=http://dbpedia.org/resource/Santo_Domingo
Sao Paulo;context=http://dbpedia.org/resource/São_Paulo
Sarajevo;context=http://dbpedia.org/resource/Sarajevo
Seattle;context=http://dbpedia.org/resource/Seattle
Seoul;context=http://dbpedia.org/resource/Seoul
Seville;context=http://dbpedia.org/resource/Seville
Shanghai;context=http://dbpedia.org/resource/Shanghai
Shenyang;context=http://dbpedia.org/resource/Shenyang
Sofia;context=http://dbpedia.org/resource/Sofia
South Tarawa;context=http://dbpedia.org/resource/South_Tarawa
Sri Jayawardenepura;context=http://dbpedia.org/resource/Kotte
St. Helier;context=http://dbpedia.org/resource/Saint_Helier
St. Petersburg;context=http://dbpedia.org/resource/Saint_Petersburg
St Petersburg;context=http://dbpedia.org/resource/Saint_Petersburg
St Louis;context=http://dbpedia.org/resource/St._Louis,_Missouri
St. Louis;context=http://dbpedia.org/resource/St._Louis,_Missouri
Stanley;context=http://dbpedia.org/resource/Stanley,_Falkland_Islands
Stockholm;context=http://dbpedia.org/resource/Stockholm
Sucre;context=http://dbpedia.org/resource/Sucre
Sukhumi;context=http://dbpedia.org/resource/Sukhumi
Suva;context=http://dbpedia.org/resource/Suva
Sydney;context=http://dbpedia.org/resource/Sydney
Taipei;context=http://dbpedia.org/resource/Taipei
Tallinn;context=http://dbpedia.org/resource/Tallinn
Tashkent;context=http://dbpedia.org/resource/Tashkent
Tbilisi;context=http://dbpedia.org/resource/Tbilisi
Tegucigalpa;context=http://dbpedia.org/resource/Tegucigalpa
Tehran;context=http://dbpedia.org/resource/Tehran
Tel Aviv;context=http://dbpedia.org/resource/Tel_Aviv
Thimphu;context=http://dbpedia.org/resource/Thimphu
Tianjin;context=http://dbpedia.org/resource/Tianjin
Tirana;context=http://dbpedia.org/resource/Tirana
Tokyo;context=http://dbpedia.org/resource/Tokyo
Toronto;context=http://dbpedia.org/resource/Toronto;country=http://sws.geonames.org/6251999/
Trieste;context=http://dbpedia.org/resource/Trieste
Tripoli;context=http://dbpedia.org/resource/Tripoli
Tskhinvali;context=http://dbpedia.org/resource/Tskhinvali
Tunis;context=http://dbpedia.org/resource/Tunis
Ulaanbaatar;context=http://dbpedia.org/resource/Ulaanbaatar
Vaduz;context=http://dbpedia.org/resource/Vaduz
Valletta;context=http://dbpedia.org/resource/Valletta
Vancouver;context=http://dbpedia.org/resource/Vancouver;country=http://sws.geonames.org/6251999/
Victoria;context=http://dbpedia.org/resource/Victoria,_Seychelles;country=http://sws.geonames.org/241170/
Victoria;context=http://dbpedia.org/resource/Victoria,_British_Columbia;country=http://sws.geonames.org/6251999/
Vienna;context=http://dbpedia.org/resource/Vienna
Vilnius;context=http://dbpedia.org/resource/Vilnius
Warsaw;context=http://dbpedia.org/resource/Warsaw
Washington, D.C.;context=http://dbpedia.org/resource/Washington,_D.C.
Washington;context=http://dbpedia.org/resource/Washington,_D.C.
Windhoek;context=http://dbpedia.org/resource/Windhoek
Wuhan;context=http://dbpedia.org/resource/Wuhan
Xi'an;context=http://dbpedia.org/resource/Xi'an
Yamoussoukro;context=http://dbpedia.org/resource/Yamoussoukro
Yangon;context=http://dbpedia.org/resource/Yangon
Yaoundé;context=http://dbpedia.org/resource/Yaoundé
Yerevan;context=http://dbpedia.org/resource/Yerevan
Zagreb;context=http://dbpedia.org/resource/Zagreb
Zurich;context=http://dbpedia.org/resource/Zurich