Alfa Romeo 159;type=car
Alfa Romeo Giulietta;type=car
Alfa Romeo Mito;type=car
Aston Martin DB9;type=car
Aston Martin DBS;type=car
Aston Martin Rapide;type=car
Aston Martin V12 Vantage;type=car
Aston Martin V8 Vantage;type=car
Audi A1;type=car
Audi A3;type=car
Audi A4;type=car
Audi A5;type=car
Audi A6;type=car
Audi A7;type=car
Audi A8;type=car
Audi Q5;type=car
Audi Q7;type=car
Audi R8;type=car
Audi RS;type=car
Audi TT;type=car
BMW 1 Series;type=car
BMW 3 Series;type=car
BMW 5 Series;type=car
BMW 6 Series;type=car
BMW 7 Series;type=car
BMW M Series;type=car
BMW X Series;type=car
BMW Z4;type=car
Bentley Continental;type=car
Bentley Continental GT;type=car
Citroen Berlingo;type=car
Citroen C1;type=car
Citroen C3;type=car
Citroen C3 Picasso;type=car
Citroen C4;type=car
Citroen C4 Picasso;type=car
Citroen C5;type=car
Citroen C6;type=car
Ferrari 458 Italia;type=car
Ferrari 599 GTB;type=car
Ferrari 599 GTO;type=car
Ferrari 612 Scaglietti;type=car
Ferrari California;type=car
Ferrari SA Aperta;type=car
Ford C-Max;type=car
Ford Fiesta;type=car
Ford Focus;type=car
Ford Focus RS;type=car
Ford Fusion;type=car
Ford Galaxy;type=car
Ford Ka;type=car
Ford Kuga;type=car
Ford Mondeo;type=car
Ford S-Max;type=car
Honda Accord;type=car
Honda CR-V;type=car
Honda CR-Z;type=car
Honda Civic;type=car
Honda Insight;type=car
Honda Jazz;type=car
Mazda 2;type=car
Mazda 3;type=car
Mazda 5;type=car
Mazda 6;type=car
Mazda CX-7;type=car
Mazda MX-5;type=car
Mazda RX-8;type=car
Mercedes A-Class;type=car
Mercedes B-Class;type=car
Mercedes C-Class;type=car
Mercedes CL-Class;type=car
Mercedes CLS;type=car
Mercedes G-Class;type=car
Mercedes M-Class;type=car
Mercedes R-Class;type=car
Mercedes SL-Class;type=car
Mercedes SLK;type=car
Mercedes SLR;type=car
Mercedes SLS;type=car
Mercedes SLS AMG;type=car
Mercedes Viano;type=car
Mercedes-Benz A-Class;type=car
Mercedes-Benz B-Class;type=car
Mercedes-Benz C-Class;type=car
Mercedes-Benz CL-Class;type=car
Mercedes-Benz CLS;type=car
Mercedes-Benz G-Class;type=car
Mercedes-Benz M-Class;type=car
Mercedes-Benz R-Class;type=car
Mercedes-Benz SL-Class;type=car
Mercedes-Benz SLK;type=car
Mercedes-Benz SLR;type=car
Mercedes-Benz SLS;type=car
Mercedes-Benz SLS AMG;type=car
Mercedes-Benz Viano;type=car
Peugeot 107;type=car
Peugeot 207;type=car
Peugeot 3008;type=car
Peugeot 308;type=car
Peugeot 4007;type=car
Peugeot 407;type=car
Peugeot 5008;type=car
Peugeot RCZ;type=car
Peugeot Tepee;type=car
Peugeot iOn;type=car
Porsche 911;type=car
Porsche Boxster;type=car
Porsche Cayenne;type=car
Porsche Cayman;type=car
Porsche Panamera;type=car
Renault Clio;type=car
Renault Espace;type=car
Renault Grand Modus;type=car
Renault Kangoo;type=car
Renault Koleos;type=car
Renault Laguna;type=car
Renault Megane;type=car
Renault Modus;type=car
Renault Scenic;type=car
Renault Twingo;type=car
Renault Wind;type=car
Renault Wind Roadster;type=car
Rolls-Royce Ghost;type=car
Rolls-Royce Phantom;type=car
Saab 9-3;type=car
Saab 9-5;type=car
Seat Alhambra;type=car
Seat Altea;type=car
Seat Exeo;type=car
Seat Ibiza;type=car
Seat Leon;type=car
Suzuki Alto;type=car
Suzuki Grand Vitara;type=car
Suzuki Jimny;type=car
Suzuki New Swift;type=car
Suzuki SX4;type=car
Suzuki Splash;type=car
Suzuki Swift;type=car
Toyota Auris;type=car
Toyota Avensis;type=car
Toyota Aygo;type=car
Toyota LC V8;type=car
Toyota Land Cruiser;type=car
Toyota Prius;type=car
Toyota RAV4;type=car
Toyota Urban Cruiser;type=car
Toyota Verso;type=car
Toyota Yaris;type=car
Toyota iQ;type=car;type=car
VW Beetle;type=car
VW Eos;type=car
VW Fox;type=car
VW Golf;type=car
VW Golf Plus;type=car
VW Jetta;type=car
VW Passat;type=car
VW Phaeton;type=car
VW Polo;type=car
VW Scirocco;type=car
VW Sharan;type=car
VW Tiguan;type=car
VW Touraeg;type=car
Volkswagen Beetle;type=car
Volkswagen Eos;type=car
Volkswagen Fox;type=car
Volkswagen Golf;type=car
Volkswagen Golf Plus;type=car
Volkswagen Jetta;type=car
Volkswagen Passat;type=car
Volkswagen Phaeton;type=car
Volkswagen Polo;type=car
Volkswagen Scirocco;type=car
Volkswagen Sharan;type=car
Volkswagen Tiguan;type=car
Volkswagen Touraeg;type=car
Volvo C30;type=car
Volvo C70;type=car
Volvo S40;type=car
Volvo S60;type=car
Volvo S80;type=car
Volvo V50;type=car
Volvo V60;type=car
Volvo V70;type=car
Volvo XC60;type=car
Volvo XC70;type=car
Volvo XC90;type=car

Type 42 destroyer;type=ship
Type 45 destroyer;type=ship
Type 23 frigate;type=ship
Type 23 frigate;type=ship
Invincible-class aircraft carrier;type=ship

A320;type=airplane
A330;type=airplane
A330-200F;type=airplane
A340;type=airplane
A350 XWB;type=airplane
A380;type=airplane
A380F;type=airplane