/* The lexical representation for duration is the ISO 8601 extended format PnYn MnDTnH nMnS, where nY represents the number of years, nM the number of months, nD the number of days, 'T' is the date/time separator, nH the number of hours, nM the number of minutes and nS the number of seconds */
nanosecond;type=S;count=0.000000001;prefix=PT
nanoseconds;type=S;count=0.000000001;prefix=PT
microsecond;type=S;count=0.000001;prefix=PT
microseconds;type=S;count=0.000001;prefix=PT
millisecond;type=S;count=0.001;prefix=PT
milliseconds;type=S;count=0.001;prefix=PT
msec;type=S;count=0.001;prefix=PT
sec;type=S;count=1;prefix=PT
second;type=S;count=1;prefix=PT
seconds;type=S;count=1;prefix=PT
min;type=M;count=1;prefix=PT
minute;type=M;count=1;prefix=PT
minutes;type=M;count=1;prefix=PT
h;type=H;count=1;prefix=PT
hr;type=H;count=1;prefix=PT
hour;type=H;count=1;prefix=PT
hours;type=H;count=1;prefix=PT
day;type=D;count=1;prefix=P
days;type=D;count=1;prefix=P
wk;type=D;count=7;prefix=P
week;type=D;count=7;prefix=P
weeks;type=D;count=7;prefix=P
fortnight;type=D;count=14;prefix=P
fortnights;type=D;count=14;prefix=P
month;type=M;count=1;prefix=P
months;type=M;count=1;prefix=P
yr;type=Y;count=1;prefix=P
year;type=Y;count=1;prefix=P
years;type=Y;count=1;prefix=P
decade;type=Y;count=10;prefix=P
decades;type=Y;count=10;prefix=P
century;type=Y;count=100;prefix=P
centuries;type=Y;count=100;prefix=P
millennia;type=Y;count=1000;prefix=P