Aberdeen Citizen
Aberdeen Independent
Abergele Visitor
Abingdon Herald
Accrington Observer
Airdrie & Coatbridge Advertiser
Al-Zahf Al-Akhdar
Alloa & Hillfoots Advertiser
Alton Herald
An Gidheal r
Andersonstown News
Antrim Guardian
Antrim Times
Arbroath Herald
Armagh Advertiser
Armagh Standard and Ulster Gazette
Arran Banner
Arran Voice
Ashford Herald
Ayr Advertiser
Ayrshire Post
Ballater Eagle
Ballycastle Chronicle
Ballyclare Gazette
Ballymena Guardian
Ballymoney Chronicle
Banbury Cake
Banbury Guardian
Banffshire Journal
Bangor and Anglesey Mail
Bangor Spectator
Barking & Dagenham Recorder
Barking & Dagenham Yellow Advertiser
Barrhead News
Basildon Yellow Advertiser
Basingstoke Gazette
Basingstoke Observer
Bedfordshire on Sunday
Belfast News
Belfast Telegraph
Berrow's Worcester Journal
Berwick Advertiser
Berwickshire News
Bexley Mercury
Bexley Times
Birmingham Mail
Birmingham Post
Blackpool Gazette
Blairgowrie Advertiser
Bo'ness Journal
Bolton News
Bournemouth Daily Echo
Bracknell & Ascot Times
Bracknell News
Braintree and Witham Times
Brechin Advertiser
Brent & Wembley Leader
Brentwood Gazette
Bridlington Free Press
Brighouse Echo
Bristol Evening Post
Bristol Observer
British Medical Journal
Bromsgrove Standard
Broughty Ferry Guide & Carnoustie Gazette
Buchan Observer
Bucks Free Press
Bucks Herald
Bude & Stratton Post
Burnley Express
Bury Free Press
Bury Times
Caernarfon Herald
Caithness Courier
Cambrian News
Cambridge Evening News
Cambridge News
Camden Gazette
Camden New Journal
Camelford & Delabole Post
Canterbury Adscene
Carmarthen Journal
Carrickfergus Advertiser
Catholic Herald
Chester and District Standard
Chester Chronicle
Chester Evening Leader
Chester Mail
Chew Valley Gazette
Chichester Observer
Chorley Citizen
Chorley Guardian
Chronicle Extra
Cleobury Mortimer
Clydebank Post
Coalville Times
Cobham News & Mail weekly
Coleraine Chronicle
Colne Valley Chronicle
Community Telegraph
Congleton Chronicle
Cornish & Devon Post
Cornish Guardian
County Armagh
County Derry Post
County Down Outlook
County Down Spectator
County Fermanagh
County Londonderry
County Tyrone
Coventry Advertiser
Coventry Citizen
Coventry Observer
Coventry Telegraph
Craven Herald & Pioneer
Crawley News
Crawley Observer
Crewe Chronicle
Crewe Guardian
Croydon Advertiser
Croydon Guardian
Croydon Post
Cumberland and Westmorland Herald
Cumberland News
Cumbernauld Advertiser
Cumbernauld News & Kilsyth Chronicle
Cumbrian Gazette
Daily Express
Daily Mail
Daily Mirror
Daily Record
Daily Sport
Daily Star
Daily Star Sunday
Daily Telegraph
Darlington & Stockton Times
Daventry Express
Deal and Sandwich Express
Deeside Piper
Denbighshire Visitor
Derby Evening Telegraph
Derby Express
Derby Telegraph
Derby Trader
Derbyshire Times
Derry Journal
Derry News
Doncaster Free Press
Donside Piper
Dover Express
Dover Mercury
Down Recorder
Driffield Post
Driffield Times
Droitwich Standard
Dudley News
Dumfries & Galloway
Dumfries & Galloway Standard
Dunfermline Press
Dunoon Observer
Durham Times
Ealing Gazette
Ealing Informer
Ealing Leader
East Anglian Daily Times
East Fife Mail
East Kent Gazette
East Kent Mercury
East Kilbride News
East London Advertiser
East Lothian News
East Riding Mail
Eastbourne Gazette
Eastbourne Herald
Eastern Daily Press
Edinburgh Echo
Edinburgh Herald & Post
Enfield Advertiser
Enfield Gazette
Esher News & Mail weekly
Essex Chronicle
Essex County Standard
Evening Chronicle
Evening Express
Evening Gazette
Evening Mail
Evening News
Evening Standard
Evening Star
Evening Telegraph
Evening Times
Exmouth Journal
Express & Star
Express and Echo
Express and Star
Falkirk Advertiser
Falkirk Herald
Farnborough News
Faversham News
Faversham Times
Fermanagh Herald
Fermanagh News
Fife Advertiser
Fife Free Press
Fife Herald
Fife Herald & Post
Fife Leader
Financial Times
Fleetwood Weekly News
Flintshire Chronicle
Flying Post
Folha de Sao Paulo
Folkestone Herald
Forfar Dispatch
Formby Times
Forres Gazette
Fulham & Hammersmith Chronicle
Galloway Gazette
Galloway News
Garstang Courier
Glasgow East News
Glenrothes Gazette
Glossop Advertiser
Glossop Chronicle
Gloucester Citizen
Gloucestershire Echo
Goole Times
Grantham Journal
Gravesend Messenger
Greenock Telegraph
Grimsby and Northern Lincolnshire
Grimsby Telegraph
Hackney Gazette
Halifax Evening Courier
Hamilton Advertiser
Hammersmith & Kensington Times
Hampshire Chronicle
Hampstead and Highgate Express
Harborough Mail
Haringey Advertiser
Harrow & Wembley Observer
Harrow Informer
Harrow Leader
Hartlepool Mail
Hastings & St. Leonards Observer
Havering Yellow Advertiser
Hawick News
Hebden Bridge Times
Hemel Hempstead Gazette
Henley Standard
Herald and Post
Herald Express
Hereford Times
Herne Bay Gazette
Herne Bay Times
Herts Advertiser
Hexham Courant
Heywood Advertiser
Highland News
Holme Valley Express
Holsworthy Post
Holyhead and Anglesey Mail
Hornsey & Crouch End Journal
Hounslow Borough Chronicle
Hounslow, Chiswick & Whitton Informer
Hucknall and Bulwell Dispatch
Huddersfield & District Chronicle
Huddersfield Daily Examiner
Huddersfield Weekly News
Hull Daily Mail
Hythe Herald
Ilford & Redbridge Yellow Advertiser
Ilford Recorder
Ilkley Gazette
Independent on Sunday
International Herald Tribune
Inverness Courier
Inverurie Herald
Irvine Herald
Isle of Thanet Gazette
Isle of Wight
Isle of Wight County Press
Isle of Wight Gazette
Islington Gazette
Jersey Evening Post
Johnstone Advertiser
Keighley News
Kensington & Chelsea Informer
Kent and Sussex Courier
Kent Messenger
Kent on Saturday
Kent on Sunday
Kentish Express
Kentish Gazette
Kidderminster Shuttle
Kilburn Times
Kilmarnock Standard
King's Lynn
Kingston Informer
Kirkintilloch & Bishopbriggs Herald
Kirriemuir Herald
Lanark Gazette & Carluke Gazette
Lancashire Evening Post
Lancashire Telegraph
Lancaster Guardian
Larne Gazette
Larne Times
Leeds Express
Leek Post and Times
Leicester Mercury
Leigh Reporter
Lennox Herald
Lewisham & Grenwich Mercury
Leyland Guardian
Lichfield Mercury
Limavady Chronicle
Lincolnshire Echo
Linlithgow Advertiser
Linlithgowshire Gazette
Liverpool Daily Post
Liverpool Echo
Llanelli Star
Local News for Southsiders
London Evening Standard
London Gazette
London Lite
LOsservatore Romano
Londonderry Sentinel
Loughborough Echo
Loughborough Mail
Loughborough Trader Xtra
Loughton Guardian
Lurgan Mail
Luton on Sunday
Lynn News
Lynn News & Advertiser
Mail on Sunday
Malton Gazette & Herald
Manchester Evening News
Market Drayton
Market Drayton Advertiser
Market Harborough
Market Rasen
Market Rasen Mail
Medway Messenger
Medway News
Medway Standard
Melton Times
Mersey Reporter
Mid Sussex Times
Mid Ulster Mail
Mid Ulster Observer
Middleton Guardian
Midlothian Advertiser
Milngavie & Bearsden Herald
Milton Keynes Citizen
Mitcham, Morden & Wimbledon Post
MK News
Molesey News & Mail weekly
Montrose Review
Motherwell Times & Bellshill Speaker
Muswell Hill Journal
Nairnshire Telegraph
New York Times
Newark Advertiser
Newbury Weekly News
Newcastle Evening Chronicle
Newcastle Journal
Newcastle Sunday Sun
Newham Recorder
Newry Reporter
News and Star
News of the World
Newtownabbey Times
Newtownards Chronicle
North Belfast News
North Wales Weekly News
North West Evening Mail
North Yorkshire News
North-West Evening Mail
Northampton Chronicle & Echo
Northampton Mercury
Northern Constitution
Northern Scot
Northern Times
Northumberland Gazette
Northwich Guardian
Norwich Evening News
Nottingham Evening Post
O Globo
Oban Times
Oldham Advertiser
Oldham Evening Chronicle
Orkney Today
Ormskirk Advertiser
Ormskirk and West Lancashire Advertiser
Ormskirk and West Lancashire Champion
Oxford Journal
Oxford Mail
Oxford Star
Oxford Times
Paddington & Westminster Times
Paisley Daily Express
Paisley Gazette
Paisley People
Patterdale Chronicle
Peeblesshire News
Perth & Kinross
Perth Herald & Post
Perthshire Advertiser
Peterborough Evening Telegraph
Pickering Gazette & Herald
Plymouth Evening Herald
Portadown Times
Prestwich and Whitefield Guide
Pulmans Weekly News
Reading Chronicle
Reading Evening Post
Rhyl Visitor
Richmond and Twickenham Times
Ripon Gazette
Rochdale Observer
Romford & Havering Post
Romford Recorder
Romney Marsh Herald
Ross-shire Journal
Rotherham Advertiser
Royston Crow
Rugby Observer
Rutherglen Reformer
Salford Advertiser
Salford City Reporter
Salisbury Journal
Scarborough Evening News
Scarborough Mercury later The Mercury
Scotland on Sunday
Scunthorpe Telegraph
Seaford Gazette
Selby Post
Selby Star
Selby Times
Selkirk Advertiser
Sevenoaks Chronicle
Shankill Mirror
Sheerness Times Guardian
Sheffield Star
Sheffield Telegraph
Sheppey Gazette
Shetland Times
Shields Gazette
Shrewsbury Chronicle
Shropshire Star
Sleaford Standard
Sleaford Target
Slough Express
South Belfast News
South Cheshire Mail
South London Press
South Wales Argus
South Wales Echo
South Wales Evening Post
Southern Daily Echo
Southern Reporter
Southport Champion
Southport Reporter
Southport Visiter
Sports Argus
Sports Mail
St Albans Observer
St Andrews Citizen
St. Helens Reporter
Stafford & Stone Chronicle
Stafford Post
Staines Informer
Staines Leader
Stamford and Rutland
Stamford Mercury
Star Courier
Star Courier Hampshire and Surrey
Stirling & Alloa Shopper
Stirling Observer
Stockport Express
Stornoway Gazette
Strabane Chronicle
Strabane Weekly News and Tyrone & Donegal Reporter
Stratford & Newham Express
Strathaven Echoes
Strathearn Herald
Strathkelvin Advertiser
Strathspey & Badenoch Herald
Streatham, Clapham & West Norwood Post
Stroud Life
Stroud News and Journal
Sunday Express
Sunday Herald
Sunday Independent
Sunday Mail
Sunday Mercury
Sunday Mirror
Sunday Telegraph
Sunday Times
Sunderland Echo
Surrey Advertiser
Surrey Herald
Surrey Mirror Advertiser
Sutton & Epsom Post
Sutton Coldfield
Sutton Coldfield Observer
Swindon Star
Tages-Anzeiger
Tameside Advertiser
Tamworth Herald
Taunton Times
Tavistock Times Gazette
Teesdale Mercury
Telegraph and Argus
Teme Valley Times
Tenbury Wells
Thanet Adscene
Thanet Extra
Thanet Times
The Advertiser
The Argus
The Asian Today
The Barnsley Chronicle
The Belfast Telegraph
The Bridport News
The Cambrian News
The Canterbury Daily Doings
The Catholic Herald
The Champion
The Coleraine Leader
The Courier
The Daily Doings
The Daily Mail
The Daily Mirror
The Daily Sport
The Daily Telegraph
The Evening Advertiser
The Evening Echo
The Glaswegian
The Guardian
The Hebridean
The Herald
The Impartial Reporter
The Independent
The Independent on Sunday
The Irish Independent
The Irish News
The Irish Sun
The Irish Times
The John O Groat Journal
The Journal
The London Gazette
The Londoner
The Mail on Sunday
The Morning Star
The New York Times
The News Letter
The Northern Echo
The Observer
The Orcadian
The People
The Pink'Un
The Scotsman
The Scottish Sun
The Sentinel
The Somerset County Gazzette
The Star
The Sun
The Sunday Post
The Sunday Sport
The Sunday Telegraph
The Sunday Times
The Taunton Times
The Times
The Village Voice
The West Briton
The Western Mail
Times & Citizen
Todmorden News
Tottenham, Wood Green and Edmonton Journal
Turriff Advertiser
Tyrone Constitution
Tyrone Courier
Tyrone Herald
Tyrone Times
Ullapool News
Ulster Herald
Ulster Star
Uxbridge & Hillingdon Leader
Uxbridge Gazette
View From Axminster
View From Lyme Regis
Wakefield Express
Wakefield Express Extra
Wall St Journal
Wall St Journal Europe
Wall Street Journal
Wall Street Journal Europe
Walton News & Mail weekly
Wanstead and Woodford Guardian
Warrington Guardian
Washington Post
Watford Observer
Wear Valley Mercury
Wee County News
Welwyn Hatfield Times
Wembley & Kingsbury Times
West Highland Free Press
West Lothian Courier
West Lothian Herald & Post
West Somerset Free Press
Western Daily Press
Western Gazette
Western Morning News
Westmorland Gazette
Wetherby News
Weybridge News & Mail weekly
Whitby Gazette
Whitchurch Herald
Whitstable Gazette
Whitstable Times
Widnes Weekly News weekly
Widnes World weekly
Wigan Evening Post
Wigan Observer
Wigan Reporter
Wight Insight
Willesden & Brent Times
Wiltshire Times
Wirral Globe
Wirral News
Wishaw Press
Wokingham Times
Worcester News
Worksop Guardian
Wrexham Chronicle
Wrexham Evening Leader
Yorkshire Evening Post
Yorkshire Post
