106.5 Central Radio;type=media
107.8 Arrow FM;type=media
109th Regiment of Foot (Bombay Infantry);type=military
10th (The Prince of Wales's Own Royal) Hussars;type=military
10th Gurkha Rifles;type=military
11th (Prince Albert's Own) Hussars;type=military
12th (The East Suffolk) Regiment of Foot;type=military
12th (The Prince of Wales's Royal) Lancers;type=military
13th Hussars;type=military
14th (The King's) Hussars;type=military
15th (Scottish) Division;type=military
15th (The King's) Hussars;type=military
16th (The Queen's) Lancers;type=military
17th (The Duke of Cambridge's Own) Lancers;type=military
18th Hussars;type=military
19th Hussars;type=military
1st (King's) Dragoon Guards;type=military
1st (Royal) Dragoons;type=military
1st (Royal) Regiment of Foot;type=military
20th Hussars;type=military
20th Regiment of Foot;type=military
21st Hussars;type=military
25th Punjabis;type=military
29th (Worcestershire) Regiment of Foot;type=military
2nd Dragoon Guards (Queen's Bays);type=military
2nd Dragoons (Royal Scots Greys);type=military
31st (Huntingdonshire) Regiment of Foot;type=military
3rd (The King's Own) Hussars;type=military
3rd (The Prince of Wales's) Dragoon Guards;type=military
40th (2nd Somersetshire) Regiment of Foot;type=military
47th (Lancashire) Regiment of Foot;type=military
4th (Royal Irish) Dragoon Guards;type=military
4th (The Queen's Own) Hussars;type=military
51st (Highland) Division;type=military
5th (Northumberland Fusiliers) Regiment of Foot;type=military
5th (Princess Charlotte of Wales's) Dragoon Guards;type=military
5th (Royal Irish) Lancers;type=military
5th Royal Irish Lancers;type=military
69th (South Lincolnshire) Regiment of Foot;type=military
6th (Inniskilling) Dragoons;type=military
6th Dragoon Guards (Carabiniers);type=military
70th (Surrey) Regiment of Foot;type=military
71st (Highland) Regiment of Foot;type=military
7th (The Princess Royal's) Dragoon Guards;type=military
7th (The Queen's Own) Hussars;type=military
87th (Royal Irish Fusiliers) Regiment of Foot;type=military
8th (The King's Royal Irish) Hussar;type=militarys
93rd Burma Infantry;type=military
94th Russell's Infantry;type=military
95th Regiment of Foot;type=military
96.3 Radio Aire;type=media
9th (The Queen's Royal) Lancers;type=military
9th Regiment of Foot;type=military
AFC Bournemouth;type=sport
Action of Churches Together in Scotland;context=http://dbpedia.org/resource/Action_of_Churches_Together_in_Scotland
Adjutant General's Corps;type=military
Age UK;type=charity
Al Jazeera;type=media
Al Qaeda;type=political
Al Qaida;type=political
Al-Qaeda;type=political
American Red Cross;type=charity
Amnesty International;type=charity
Anglican Church
Antiochian Orthodox Church
Apostolic Church
Army Air Corps;type=military
Army Legal Services Branch;type=military
Army Medical Services;type=military
Arsenal;type=sport
Assemblies of God in Great Britain
Associated Presbyterian Churches
Associated Press;type=media
Association of Chief Executives of Voluntary Organisations
Aston Villa;type=sport
Athletic Bilbao;type=sport
Atlantic FM;type=media
Avaaz
Avocats Sans Frontieres
BBC Coventry & Warwickshire;type=media
BBC Surrey;type=media
BBC Sussex;type=media
BBC Tamil Service;type=media
BBC Tees;type=media
BBC WM;type=media
BBC;type=media;context=http://dbpedia.org/resource/BBC
BMA;type=medical;context=http://dbpedia.org/resource/British_Medical_Association
BNP;type=political;context=http://dbpedia.org/resource/British_National_Party
Baptist Union of Scotland
Birmingham City;type=sport
Bright FM;type=media
Bristol City;type=sport
British Medical Association;type=medical;context=http://dbpedia.org/resource/British_Medical_Association
British Retail Consortium;context=http://dbpedia.org/resource/British_Retail_Consortium
Bundesbank;type=international
Business in the Community
CBI;type=civilservice;context=http://dbpedia.org/resource/CBI
COI;type=civilservice;context=http://dbpedia.org/resource/Central_Office_of_Information
CWU;type=union;context=http://dbpedia.org/resource/Communication_Workers_Union_(UK)
Campaign For Better Transport
Capital FM;type=media
Cardiff City;type=sport
Centre for Evidence-Based Medicine
Centre for Public Scrutiny
Centre for Policy Studies
Channel 4;type=media;context=http://dbpedia.org/resource/Channel_4
Channel Five;type=media;context=http://dbpedia.org/resource/Channel_5_(UK)
Charity Bank
Charity Commission
Charlton Athletic;type=sport
Chelmsford Radio;type=media
Chelsea Pensioners
Children’s Charities Coalition on Internet Safety
Choice FM;type=media
Christian Aid;type=charity
Church of England;type=religous
Church of Jesus Christ of Latter Day Saints;type=religious
Church of Scotland
City Talk 105.9;type=media
Clic Sargent;type=charity
Coldstream Guards;type=military
Colourful Radio;type=media
Combat Services;type=military
Combat Support Arms;type=military
Community Service Volunteers;type=charity
Compass FM;type=media
Connaught Rangers;type=military
Corps of Army Music;type=military
Coventry City;type=sport
Crystal Palace;type=sport
Derby County;type=sport
Diabetes UK;type=charity
Doncaster Rovers;type=sport
Duke of Cornwall's Light Infantry;type=military
Duke of Lancaster's Regiment;type=military
ECB;type=financial;context=http://dbpedia.org/resource/European_Central_Bank
EU;type=political;context=http://dbpedia.org/resource/European_union
EU Commission;type=political;context=http://dbpedia.org/resource/European_Commission
East Yorkshire Regiment;type=military
Educational and Training Services Branch;type=military
Elim Pentecostal Church
European Central Bank;type=financial;context=http://dbpedia.org/resource/European_Central_Bank
European Commission;type=political;context=http://dbpedia.org/resource/European_Commission
European Council;type=political;context=http://dbpedia.org/resource/European_Council
European Parliament;type=political;context=http://dbpedia.org/resource/European_Parliament
European Patent Office
European Union Council;type=political;context=http://dbpedia.org/resource/Council_of_the_European_Union
European Union;type=political;context=http://dbpedia.org/resource/European_union
Everly Brothers;type=band
Federal Reserve;type=international;context=http://dbpedia.org/resource/Federal_Reserve_System
FIFA;type=sport;context=http://dbpedia.org/resource/FIFA
Forsane Alizza;type=political
Free Church of Scotland
Free Presbyterian Church of Scotland
Friends of the Earth;type=charity
G20;type=international;context=http://dbpedia.org/resource/G-20_major_economies
G7;type=international;context=http://dbpedia.org/resource/G7
G8;type=international;context=http://dbpedia.org/resource/G8
General Post Office
General Service Corps;type=military
Girl Guides
Girl Guiding UK
Greek Orthodox Church
Greenpeace;type=charity
Grenadier Guards;type=military
Guards Division;type=military
Hamas;type=political
Heart Digital;type=media
Heat Radio;type=media
Help the Hospices;type=charity
Her Majesty's Government
Her Majesty’s Government
Human Rights Watch;type=charity
IAEA;type=international;context=http://dbpedia.org/resource/International_Atomic_Energy_Agency
IMF;type=international;context=http://dbpedia.org/resource/International_Monetary_Fund
ITV;type=media;context=http://dbpedia.org/resource/ITV
Institute for Mummies and the Iceman
Intelligence Corps;type=military
International Atomic Energy Agency;type=international;context=http://dbpedia.org/resource/International_Atomic_Energy_Agency
International Committee of the Red Cross;type=charity
International Criminal Tribunal for the Former Yugoslavia;context=http://dbpedia.org/resource/International_Criminal_Tribunal_for_the_former_Yugoslavia
Internationl Monetary Fund;type=international;context=http://dbpedia.org/resource/International_Monetary_Fund
Ipswich Town;type=sport
Irish Guards;type=military
Itar-Tass;type=media
Leonard Cheshire Disability;type=charity
Jazz FM;type=media
Kerrang! Radio;type=media
Khmer Rouge;context=http://dbpedia.org/resource/Khmer_Rouge
King's African Rifles;type=military
King's Division;type=military
King's Own Scottish Borderers;type=military
King’s African Rifles;type=military
King’s Own Scottish Borderers;type=military
King’s Lynn Town;type=sport
King's Lynn Town;type=sport
Kismat Radio;type=media
Leeds United
Leyton Orient;type=sport
Lokomotiv Moscow;type=sport
London 94.9;type=media
London Regiment;type=military
Louvin Brothers;type=band
Luton Town;type=sport
Magic Breakfast;type=charity
MI5;type=military;context=http://dbpedia.org/resource/MI5
MI6;type=military;context=http://dbpedia.org/resource/MI6
Macmillan Cancer Care;type=charity
Magic 105.4;type=media
Manchester City;type=sport
Manchester United;type=sport
Marie Curie Cancer Care
MENCAP;type=charity
Mercian Regiment;type=military
Military Provost Staff Corps;type=military
Milton Keynes Dons
Mumsnet
NASA;context=http://dbpedia.org/resource/NASA
NASUWT;context=http://dbpedia.org/resource/NASUWT
NATO;type=military;context=http://dbpedia.org/resource/NATO
NESTA;context=http://dbpedia.org/resource/NESTA
Netmums
NHS;type=medical;context=http://dbpedia.org/resource/National_Health_Service
NME Radio;type=media
NUS;type=union;context=http://dbpedia.org/resource/National_Union_of_Students_(United_Kingdom)
NUT;type=union;context=http://dbpedia.org/resource/National_Union_of_Teachers
National Union of Students;type=union;context=http://dbpedia.org/resource/National_Union_of_Students_(United_Kingdom)
Newcastle United;type=sport
Norwich City;type=sport
Nottingham Forest;type=sport
OECD;context=http://dbpedia.org/resource/Organisation_for_Economic_Co-operation_and_Development
Outdoor Media Centre
Oxfordshire and Buckinghamshire Light Infantry;type=military
Panjab Radio;type=media
Parachute Regiment;type=military
Peterborough United;type=sport
Pilotlight;type=charity
Plymouth Argyle;type=sport
Prince of Wales' Division;type=military
Princess of Wales's Royal Regiment;type=military
Provisional IRA;type=political
Punjabi Radio;type=media
Queen Alexandra's Royal Army Nursing Corps;type=military
Queen's Division;type=military
Queen's Own Highlanders;type=military
Queen’s Division;type=military
Queen’s Own Highlanders;type=military
Queens Park Rangers;type=sport
RAF;type=military;context=http://dbpedia.org/resource/Royal_Air_Force
RCN;type=medical;context=http://dbpedia.org/resource/Royal_College_of_Nursing
RNLI;type=charity;context=http://dbpedia.org/resource/RNLI
RSPB;type=charity;context=http://dbpedia.org/resource/Royal_Society_for_the_Protection_of_Birds
RSPCA;type=charity;context=http://dbpedia.org/resource/Royal_Society_for_the_Prevention_of_Cruelty_to_Animals
Radio 1;type=media;context=http://dbpedia.org/resource/BBC_Radio_1
Radio 2;type=media;context=http://dbpedia.org/resource/BBC_Radio_2
Radio 3;type=media;context=http://dbpedia.org/resource/BBC_Radio_3
Radio 4;type=media;context=http://dbpedia.org/resource/BBC_Radio_4
Radio 5;type=media;context=http://dbpedia.org/resource/BBC_Radio_5_Live
Radio 6;type=media;context=http://dbpedia.org/resource/BBC_Radio_6
Radio 7;type=media;context=http://dbpedia.org/resource/BBC_Radio_7
Radio Berkshire;type=media
Radio Bristol;type=media
Radio Cambridgeshire;type=media
Radio City 96.7;type=media
Radio Cornwall;type=media
Radio Cumbria;type=media
Radio Cymru;type=media
Radio Derby;type=media
Radio Devon;type=media
Radio Foyle;type=media
Radio Gloucestershire;type=media
Radio Guernsey;type=media
Radio Hereford & Worcester;type=media
Radio Humberside;type=media
Radio Jersey;type=media
Radio Kent;type=media
Radio Lancashire;type=media
Radio Leeds;type=media
Radio Leicester;type=media
Radio Lincolnshire;type=media
Radio Manchester;type=media
Radio Merseyside;type=media
Radio Newcastle;type=media
Radio Northamption;type=media
Radio Nottingham;type=media
Radio Orkney;type=media
Radio Oxford;type=media
Radio Scotland;type=media
Radio Sheffield;type=media
Radio Shropshire;type=media
Radio Solent;type=media
Radio Somerset;type=media
Radio Stoke;type=media
Radio Suffolk;type=media
Radio Ulster;type=media
Radio Wales;type=media
Radio Wiltshire;type=media
Radio York;type=media
Real IRA
Real Radio;type=media
Rock Radio;type=media
Roman Catholic
Roman Catholic Church
Rotary International in Great Britain & Ireland
Rotherham United;type=sport
Royal Academy;context=http://dbpedia.org/resource/Royal_Academy
Royal Academy of Engineering;context=http://dbpedia.org/resource/Royal_Academy_of_Engineering
Royal Aeronautical Society;context=http://dbpedia.org/resource/Royal_Aeronautical_Society
Royal Anglian Regiment;type=military
Royal Anthropological Institute;context=http://dbpedia.org/resource/Royal_Anthropological_Institute
Royal Armoured Corps;type=military
Royal Army Chaplains Department;type=military
Royal Army Dental Corps;type=military
Royal Army Medical Corps;type=military
Royal Army Physical Training Corps;type=military
Royal Army Veterinary Corps;type=military
Royal Artillery;type=military
Royal Asiatic Society" class="mw-redirect;context=http://dbpedia.org/resource/Royal_Asiatic_Society
Royal Astronomical Society of Canada;context=http://dbpedia.org/resource/Royal_Astronomical_Society_of_Canada
Royal Astronomical Society;context=http://dbpedia.org/resource/Royal_Astronomical_Society
Royal Bath and West of England Society;context=http://dbpedia.org/resource/Royal_Bath_and_West_of_England_Society
Royal British Legion;context=http://dbpedia.org/resource/The_Royal_British_Legion
Royal Corps of Signals;type=military
Royal Dublin Society;context=http://dbpedia.org/resource/Royal_Dublin_Society
Royal Economic Society;context=http://dbpedia.org/resource/Royal_Economic_Society
Royal Electrical and Mechanical Engineers;type=military
Royal Engineers;type=military
Royal Fusiliers;type=military
Royal Geographical Society;context=http://dbpedia.org/resource/Royal_Geographical_Society
Royal Gurkha Rifles;type=military
Royal Heraldry Society of Canada;context=http://dbpedia.org/resource/Royal_Heraldry_Society_of_Canada
Royal Highlanders;type=military
Royal Historical Society of Victoria;context=http://dbpedia.org/resource/Royal_Historical_Society_of_Victoria
Royal Historical Society;context=http://dbpedia.org/resource/Royal_Historical_Society
Royal Horticultural Society;context=http://dbpedia.org/resource/Royal_Horticultural_Society
Royal Irish Regiment;type=military
Royal Irish Rifles;type=military
Royal Logistic Corps;type=military
Royal Medical Society;context=http://dbpedia.org/resource/Royal_Medical_Society
Royal Military Police;type=military
Royal Navy;type=military;context=http://dbpedia.org/resource/Royal_Navy
Royal Numismatic Society;context=http://dbpedia.org/resource/Royal_Numismatic_Society
Royal Pharmaceutical Society of Great Britain;context=http://dbpedia.org/resource/Royal_Pharmaceutical_Society_of_Great_Britain
Royal Regiment of Fusiliers;type=military
Royal Regiment of Scotland;type=military
Royal Scottish Geographical Society;context=http://dbpedia.org/resource/Royal_Scottish_Geographical_Society
Royal Society for Nature Conservation;context=http://dbpedia.org/resource/Royal_Society_for_Nature_Conservation
Royal Society for the Prevention of Accidents;context=http://dbpedia.org/resource/Royal_Society_for_the_Prevention_of_Accidents
Royal Society for the Prevention of Cruelty to Animals;context=http://dbpedia.org/resource/Royal_Society_for_the_Prevention_of_Cruelty_to_Animals
Royal Society for the Promotion of Health;context=http://dbpedia.org/resource/Royal_Society_for_the_Promotion_of_Health
Royal Society for the Protection of Birds;context=http://dbpedia.org/resource/Royal_Society_for_the_Protection_of_Birds
Royal Society of Antiquaries of Ireland;context=http://dbpedia.org/resource/Royal_Society_of_Antiquaries_of_Ireland
Royal Society of Arts;context=http://dbpedia.org/resource/Royal_Society_of_Arts
Royal Society of Canada;context=http://dbpedia.org/resource/Royal_Society_of_Canada
Royal Society of Chemistry;context=http://dbpedia.org/resource/Royal_Society_of_Chemistry
Royal Society of Edinburgh;context=http://dbpedia.org/resource/Royal_Society_of_Edinburgh
Royal Society of Literature;context=http://dbpedia.org/resource/Royal_Society_of_Literature
Royal Society of Medicine;context=http://dbpedia.org/resource/Royal_Society_of_Medicine
Royal Society of New South Wales;context=http://dbpedia.org/resource/Royal_Society_of_New_South_Wales
Royal Society of New Zealand;context=http://dbpedia.org/resource/Royal_Society_of_New_Zealand
Royal Society of Queensland;context=http://dbpedia.org/resource/Royal_Society_of_Queensland
Royal Society of South Africa;context=http://dbpedia.org/resource/Royal_Society_of_South_Africa
Royal Society of South Australia;context=http://dbpedia.org/resource/Royal_Society_of_South_Australia
Royal Society of Tasmania;context=http://dbpedia.org/resource/Royal_Society_of_Tasmania
Royal Society of Tropical Medicine and Hygiene;context=http://dbpedia.org/resource/Royal_Society_of_Tropical_Medicine_and_Hygiene
Royal Society of Victoria;context=http://dbpedia.org/resource/Royal_Society_of_Victoria
Royal Society of Western Australia;context=http://dbpedia.org/resource/Royal_Society_of_Western_Australia
Royal Society;context=http://dbpedia.org/resource/Royal_Society
Royal Statistical Society;context=http://dbpedia.org/resource/Royal_Statistical_Society
Royal Welsh;type=military
Royal West of England Academy;context=http://dbpedia.org/resource/Royal_West_of_England_Academy
Russian Orthodox Church
S4C;type=media;context=http://dbpedia.org/resource/S4C
Safer Medicine Campaign;type=charity
SNP;type=political;context=http://dbpedia.org/resource/Scottish_National_Party
Scots Guards;type=military
Scottish Division;type=military
Scottish Episcopal Church
Scottish Reformation
Seaforth  Highlanders;type=military
Serious Fraud Office;context=http://dbpedia.org/resource/Serious_Fraud_Office_(United_Kingdom)
Sheffield United;type=sport
Sheffield Wednesday;type=sport
Small Arms School Corps;type=military
Small Charities Coalition;type=charity
Special Air Service;type=military
Stoke City;type=sport
Sunrise Radio;type=media
Supreme Council of the Armed Forces;context=Supreme_Council_of_the_Armed_Forces
Sue Ryder Care;type=charity
Swindon Town;type=sport
Syrian Arab Red Crescent;type=charity
TUC;type=union;context=http://dbpedia.org/resource/Trades_Union_Congress
Taliban;type=political;context=http://dbpedia.org/resource/Taliban
The Byrds;type=band
Princess Royal Trust for Carers;type=charity
The Rifles;type=military
Three Counties Radio
Tottenham Hotspur
Traffic Radio;type=media
U.K. Government
U.N. Security Council;type=international;context=http://dbpedia.org/resource/United_Nations_Security_Council
U.N. General Assembly;type=international;context=http://dbpedia.org/resource/United_Nations_General_Assembly
U.N.;type=international;context=http://dbpedia.org/resource/United_Nations
U.S. Government
UEFA;type=sport;context=http://dbpedia.org/resource/UEFA
UKIP;type=political;context=http://dbpedia.org/resource/Ukip
UN Security Council;type=international;context=http://dbpedia.org/resource/United_Nations_Security_Council
UN General Assembly;type=international;context=http://dbpedia.org/resource/United_Nations_General_Assembly
UN;type=international;context=http://dbpedia.org/resource/United_Nations
UNISON;type=union;context=http://dbpedia.org/resource/UNISON
UNSC;type=international;context=http://dbpedia.org/resource/United_Nations_Security_Council
United Free Church of Scotland
United Nations General Assembly;type=international;context=http://dbpedia.org/resource/United_Nations_General_Assembly
United Nations Security Council;type=international;context=http://dbpedia.org/resource/United_Nations_Security_Council
United Nations;type=international;context=http://dbpedia.org/resource/United_Nations
Venturesome;type=charity
VisitBritain
VisitEngland
VisitScotland
VisitWales
Volunteering England;type=charity
Welsh Guards;type=military
West Bromwich Albion;type=sport
West Yorkshire Regiment;type=military
Wigan Athletic;type=sport
Wolverhamption Wanderers
World Health Organization;type=international;context=http://dbpedia.org/resource/World_Health_Organization
Yorkshire Regiment;type=military
