Alberta;context=http://dbpedia.org/resource/Alberta;country=http://sws.geonames.org/6251999/
British Columbia;context=http://dbpedia.org/resource/British_Columbia;country=http://sws.geonames.org/6251999/
Labrador;context=http://dbpedia.org/resource/Labrador;country=http://sws.geonames.org/6251999/
Manitoba;context=http://dbpedia.org/resource/Manitoba;country=http://sws.geonames.org/6251999/
New Brunswick;context=http://dbpedia.org/resource/New_Brunswick;country=http://sws.geonames.org/6251999/
Newfoundland;context=http://dbpedia.org/resource/Newfoundland_(island);country=http://sws.geonames.org/6251999/
Newfoundland and Labrador;context=http://dbpedia.org/resource/Newfoundland_and_Labrador;country=http://sws.geonames.org/6251999/
Nova Scotia;context=http://dbpedia.org/resource/Nova_Scotia;country=http://sws.geonames.org/6251999/
Ontario;context=http://dbpedia.org/resource/Ontario;country=http://sws.geonames.org/6251999/
Prince Edward Island;context=http://dbpedia.org/resource/Prince_Edward_Island;country=http://sws.geonames.org/6251999/
Quebec;context=http://dbpedia.org/resource/Quebec;country=http://sws.geonames.org/6251999/
Saskatchewan;context=http://dbpedia.org/resource/Saskatchewan;country=http://sws.geonames.org/6251999/

Alsace;context=http://dbpedia.org/resource/Alsace;country=http://sws.geonames.org/3017382/
Aquitaine;context=http://dbpedia.org/resource/Aquitaine;country=http://sws.geonames.org/3017382/
Auvergne;context=http://dbpedia.org/resource/Auvergne_(region);country=http://sws.geonames.org/3017382/
Brittany;context=http://dbpedia.org/resource/Brittany;country=http://sws.geonames.org/3017382/
Burgundy;context=http://dbpedia.org/resource/Burgundy;country=http://sws.geonames.org/3017382/
Champagne-Ardenne;context=http://dbpedia.org/resource/Champagne-Ardenne;country=http://sws.geonames.org/3017382/
Corsica;context=http://dbpedia.org/resource/Corsica;country=http://sws.geonames.org/3017382/
Franche-comte;context=http://dbpedia.org/resource/Franche-Comt;country=http://sws.geonames.org/3017382/
Franche-Comt;context=http://dbpedia.org/resource/Franche-Comt;country=http://sws.geonames.org/3017382/
Languedoc-Roussillon;context=http://dbpedia.org/resource/Languedoc-Roussillon;country=http://sws.geonames.org/3017382/
Limousin;context=http://dbpedia.org/resource/Limousin_(region);country=http://sws.geonames.org/3017382/
Lorraine;context=http://dbpedia.org/resource/Lorraine_(region);country=http://sws.geonames.org/3017382/
Lower-Normandy;context=http://dbpedia.org/resource/Lower_Normandy;country=http://sws.geonames.org/3017382/
Lower Normandy;context=http://dbpedia.org/resource/Lower_Normandy;country=http://sws.geonames.org/3017382/
Midi-Pyrenees;context=http://dbpedia.org/resource/Midi-Pyrnes;country=http://sws.geonames.org/3017382/
North-Calais;context=http://dbpedia.org/resource/Nord-Pas-de-Calais;country=http://sws.geonames.org/3017382/
Normandy;context=http://dbpedia.org/resource/Normandy;country=http://sws.geonames.org/3017382/
le-de-France;context=http://dbpedia.org/resource/le-de-France_(region);country=http://sws.geonames.org/3017382/
Pays-de-la-Loire;context=http://dbpedia.org/resource/Pays_de_la_Loire;country=http://sws.geonames.org/3017382/
Picardy;context=http://dbpedia.org/resource/Picardy;country=http://sws.geonames.org/3017382/
Poitou-Charentes;context=http://dbpedia.org/resource/Poitou-Charentes;country=http://sws.geonames.org/3017382/
Provence-Alpes-Azur;context=http://dbpedia.org/resource/Provence-Alpes-Cte_d'Azur;country=http://sws.geonames.org/3017382/
Rhone-Alps;context=http://dbpedia.org/resource/Rhne-Alpes;country=http://sws.geonames.org/3017382/
Upper-Normandy;context=http://dbpedia.org/resource/Upper_Normandy;country=http://sws.geonames.org/3017382/
Upper Normandy;context=http://dbpedia.org/resource/Upper_Normandy;country=http://sws.geonames.org/3017382/

Alabama;context=http://dbpedia.org/resource/Alabama;country=http://sws.geonames.org/6252001/;type=State
Alaska;context=http://dbpedia.org/resource/Alaska;country=http://sws.geonames.org/6252001/;type=State
Arizona;context=http://dbpedia.org/resource/Arizona;country=http://sws.geonames.org/6252001/;type=State
Arkansas;context=http://dbpedia.org/resource/Arkansas;country=http://sws.geonames.org/6252001/;type=State
California;context=http://dbpedia.org/resource/California;country=http://sws.geonames.org/6252001/;type=State
Colorado;context=http://dbpedia.org/resource/Colorado;country=http://sws.geonames.org/6252001/;type=State
Connecticut;context=http://dbpedia.org/resource/Connecticut;country=http://sws.geonames.org/6252001/;type=State
Delaware;context=http://dbpedia.org/resource/Delaware;country=http://sws.geonames.org/6252001/;type=State
Florida;context=http://dbpedia.org/resource/Florida;country=http://sws.geonames.org/6252001/;type=State
Georgia;context=http://dbpedia.org/resource/Georgia_(U.S._state);country=http://sws.geonames.org/6252001/;type=State
Hawaii;context=http://dbpedia.org/resource/Hawaii;country=http://sws.geonames.org/6252001/;type=State
Idaho;context=http://dbpedia.org/resource/Idaho;country=http://sws.geonames.org/6252001/;type=State
Illinois;context=http://dbpedia.org/resource/Illinois;country=http://sws.geonames.org/6252001/;type=State
Indiana;context=http://dbpedia.org/resource/Indiana;country=http://sws.geonames.org/6252001/;type=State
Iowa;context=http://dbpedia.org/resource/Iowa;country=http://sws.geonames.org/6252001/;type=State
Kansas;context=http://dbpedia.org/resource/Kansas;country=http://sws.geonames.org/6252001/;type=State
Kentucky;context=http://dbpedia.org/resource/Kentucky;country=http://sws.geonames.org/6252001/;type=State
Louisiana;context=http://dbpedia.org/resource/Louisiana;country=http://sws.geonames.org/6252001/;type=State
Maine;context=http://dbpedia.org/resource/Maine;country=http://sws.geonames.org/6252001/;type=State
Maryland;context=http://dbpedia.org/resource/Maryland;country=http://sws.geonames.org/6252001/;type=State
Massachusetts;context=http://dbpedia.org/resource/Massachusetts;country=http://sws.geonames.org/6252001/;type=State
Michigan;context=http://dbpedia.org/resource/Michigan;country=http://sws.geonames.org/6252001/;type=State
Minnesota;context=http://dbpedia.org/resource/Minnesota;country=http://sws.geonames.org/6252001/;type=State
Mississippi;context=http://dbpedia.org/resource/Mississippi;country=http://sws.geonames.org/6252001/;type=State
Missouri;context=http://dbpedia.org/resource/Missouri;country=http://sws.geonames.org/6252001/;type=State
Montana;context=http://dbpedia.org/resource/Montana;country=http://sws.geonames.org/6252001/;type=State
North Carolina;context=http://dbpedia.org/resource/North_Carolina;country=http://sws.geonames.org/6252001/;type=State
North Dakota;context=http://dbpedia.org/resource/North_Dakota;country=http://sws.geonames.org/6252001/;type=State
Nebraska;context=http://dbpedia.org/resource/Nebraska;country=http://sws.geonames.org/6252001/;type=State
Nevada;context=http://dbpedia.org/resource/Nevada;country=http://sws.geonames.org/6252001/;type=State
New Hampshire;context=http://dbpedia.org/resource/New_Hampshire;country=http://sws.geonames.org/6252001/;type=State
New Jersey;context=http://dbpedia.org/resource/New_Jersey;country=http://sws.geonames.org/6252001/;type=State
New Mexico;context=http://dbpedia.org/resource/New_Mexico;country=http://sws.geonames.org/6252001/;type=State
New York;context=http://dbpedia.org/resource/New_York;country=http://sws.geonames.org/6252001/;type=State
Ohio;context=http://dbpedia.org/resource/Ohio;country=http://sws.geonames.org/6252001/;type=State
Oklahoma;context=http://dbpedia.org/resource/Oklahoma;country=http://sws.geonames.org/6252001/;type=State
Oregon;context=http://dbpedia.org/resource/Oregon;country=http://sws.geonames.org/6252001/;type=State
Pennsylvania;context=http://dbpedia.org/resource/Pennsylvania;country=http://sws.geonames.org/6252001/;type=State
Rhode Island;context=http://dbpedia.org/resource/Rhode_Island;country=http://sws.geonames.org/6252001/;type=State
South Carolina;context=http://dbpedia.org/resource/South_Carolina;country=http://sws.geonames.org/6252001/;type=State
South Dakota;context=http://dbpedia.org/resource/South_Dakota;country=http://sws.geonames.org/6252001/;type=State
Tennessee;context=http://dbpedia.org/resource/Tennessee;country=http://sws.geonames.org/6252001/;type=State
Texas;context=http://dbpedia.org/resource/Texas;country=http://sws.geonames.org/6252001/;type=State
Utah;context=http://dbpedia.org/resource/Utah;country=http://sws.geonames.org/6252001/;type=State
Vermont;context=http://dbpedia.org/resource/Vermont;country=http://sws.geonames.org/6252001/;type=State
Virginia;context=http://dbpedia.org/resource/Virginia;country=http://sws.geonames.org/6252001/;type=State
Washington;context=http://dbpedia.org/resource/Washington;country=http://sws.geonames.org/6252001/;type=State
West Virginia;context=http://dbpedia.org/resource/West_Virginia;country=http://sws.geonames.org/6252001/;type=State
Wisconsin;context=http://dbpedia.org/resource/Wisconsin;country=http://sws.geonames.org/6252001/;type=State
Wyoming;context=http://dbpedia.org/resource/Wyoming;country=http://sws.geonames.org/6252001/;type=State

Darfur;context=http://dbpedia.org/resource/Darfur

Balkans;context=http://dbpedia.org/resource/Balkans

Arabian Peninsula;context=http://dbpedia.org/resource/Arabian_Peninsula
Eastern Europe;context=http://dbpedia.org/resource/Eastern_Europe
Central Europe;context=http://dbpedia.org/resource/Central_Europe
Western Europe;context=http://dbpedia.org/resource/Western_Europe
Northern Europe;context=http://dbpedia.org/resource/Northern_Europe
Southern Europe;context=http://dbpedia.org/resource/Southern_Europe
Middle East;context=http://dbpedia.org/resource/Middle_East
North Africa;context=http://dbpedia.org/resource/North_Africa

Pilbara;context=http://dbpedia.org/resource/Pilbara;country=http://sws.geonames.org/2077456/

Corfu;context=http://dbpedia.org/resource/Corfu;country=http://sws.geonames.org/390903/
Paxos;context=http://dbpedia.org/resource/Paxos;country=http://sws.geonames.org/390903/
Lefkas;context=http://dbpedia.org/resource/Lefkas;country=http://sws.geonames.org/390903/
Ithaca;context=http://dbpedia.org/resource/Ithaca;country=http://sws.geonames.org/390903/
Zante;context=http://dbpedia.org/resource/Zante;country=http://sws.geonames.org/390903/
Cerigo;context=http://dbpedia.org/resource/Cerigo;country=http://sws.geonames.org/390903/
Kefalonia;context=http://dbpedia.org/resource/Kefalonia;country=http://sws.geonames.org/390903/

Falklands;context=http://dbpedia.org/resource/Falkland_Islands;country=http://sws.geonames.org/2635167/
South Georgia;context=http://dbpedia.org/resource/South_Georgia_and_the_South_Sandwich_Islands;country=http://sws.geonames.org/2635167/
South Sandwich Islands;context=http://dbpedia.org/resource/South_Georgia_and_the_South_Sandwich_Islands;country=http://sws.geonames.org/2635167/

Catalonia;context=http://dbpedia.org/resource/Catalonia;country=http://sws.geonames.org/2510769/
Formentera;context=http://dbpedia.org/resource/Formentera;country=http://sws.geonames.org/2510769/
Ibiza;context=http://dbpedia.org/resource/Ibiza;country=http://sws.geonames.org/2510769/
Majorca;context=http://dbpedia.org/resource/Menorca;country=http://sws.geonames.org/2510769/
Menorca;context=http://dbpedia.org/resource/Minorca;country=http://sws.geonames.org/2510769/

North Waziristan;context=http://dbpedia.org/resource/North_Waziristan;country=http://sws.geonames.org/1168579/

Kandahar province;context=http://dbpedia.org/resource/Kandahar_Province;country=http://sws.geonames.org/1149361/

Gulf of Mexico;context=http://dbpedia.org/resource/Gulf_of_Mexico;type=Water

Maharashtra;context=http://dbpedia.org/resource/Maharashtra;country=http://sws.geonames.org/1269750/
Uttar Pradesh;context=http://dbpedia.org/resource/Uttar_Pradesh;country=http://sws.geonames.org/1269750/
Madhya Pradesh;context=http://dbpedia.org/resource/Madhya_Pradesh;country=http://sws.geonames.org/1269750/
Rajasthan;context=http://dbpedia.org/resource/Rajasthan;country=http://sws.geonames.org/1269750/
Andhra Pradesh;context=http://dbpedia.org/resource/Andhra_Pradesh;country=http://sws.geonames.org/1269750/
Gujarat;context=http://dbpedia.org/resource/Gujarat;country=http://sws.geonames.org/1269750/