Barking and Dagenham;context=http://data.ordnancesurvey.co.uk/id/7000000000010949
Barnet;context=http://data.ordnancesurvey.co.uk/id/7000000000011378
Bexley;context=http://data.ordnancesurvey.co.uk/id/7000000000010759
Brent;context=http://data.ordnancesurvey.co.uk/id/7000000000011447
Bromley;context=http://data.ordnancesurvey.co.uk/id/7000000000010772
Camden;context=http://data.ordnancesurvey.co.uk/id/7000000000011244
Croydon;context=http://data.ordnancesurvey.co.uk/id/7000000000010896
Ealing;context=http://data.ordnancesurvey.co.uk/id/7000000000011399
Enfield;context=http://data.ordnancesurvey.co.uk/id/7000000000011329
Greenwich;context=http://data.ordnancesurvey.co.uk/id/7000000000010777
Hackney;context=http://data.ordnancesurvey.co.uk/id/7000000000011199
Hammersmith and Fulham;context=http://data.ordnancesurvey.co.uk/id/7000000000011259
Haringey;context=http://data.ordnancesurvey.co.uk/id/7000000000011290
Harrow;context=http://data.ordnancesurvey.co.uk/id/7000000000011391
Havering;context=http://data.ordnancesurvey.co.uk/id/7000000000010807
Hillingdon;context=http://data.ordnancesurvey.co.uk/id/7000000000011539
Hounslow;context=http://data.ordnancesurvey.co.uk/id/7000000000011489
Islington;context=http://data.ordnancesurvey.co.uk/id/7000000000011281
Kensington and Chelsea;context=http://data.ordnancesurvey.co.uk/id/7000000000011270
Kingston upon Thames;context=http://data.ordnancesurvey.co.uk/id/7000000000011412
Lambeth;context=http://data.ordnancesurvey.co.uk/id/7000000000011144
Lewisham;context=http://data.ordnancesurvey.co.uk/id/7000000000011039
Merton;context=http://data.ordnancesurvey.co.uk/id/7000000000010995
Newham;context=http://data.ordnancesurvey.co.uk/id/7000000000010929
Redbridge;context=http://data.ordnancesurvey.co.uk/id/7000000000010955
Richmond upon Thames;context=http://data.ordnancesurvey.co.uk/id/7000000000011427
Southwark;context=http://data.ordnancesurvey.co.uk/id/7000000000011013
Sutton;context=http://data.ordnancesurvey.co.uk/id/7000000000010873
The City of London;context=http://data.ordnancesurvey.co.uk/id/7000000000011105
Tower Hamlets;context=http://data.ordnancesurvey.co.uk/id/7000000000011185
Waltham Forest;context=http://data.ordnancesurvey.co.uk/id/7000000000011213
Wandsworth;context=http://data.ordnancesurvey.co.uk/id/7000000000011127
Westminster;context=http://data.ordnancesurvey.co.uk/id/7000000000011164

