Baroness Adams of Craigielea;context=http://reference.data.gov.uk/id/peer/baroness-adams-of-craigielea
Baroness Adams;context=http://reference.data.gov.uk/id/peer/baroness-adams-of-craigielea
Baroness Afshar;context=http://reference.data.gov.uk/id/peer/baroness-afshar
Baroness Amos;context=http://reference.data.gov.uk/id/peer/baroness-amos
Baroness Andrews;context=http://reference.data.gov.uk/id/peer/baroness-andrews
Baroness Anelay of St Johns;context=http://reference.data.gov.uk/id/peer/baroness-anelay-of-st-johns
Baroness Anelay;context=http://reference.data.gov.uk/id/peer/baroness-anelay-of-st-johns
Baroness Ashton of Upholland;context=http://reference.data.gov.uk/id/peer/baroness-ashton-of-upholland
Baroness Ashton;context=http://reference.data.gov.uk/id/peer/baroness-ashton-of-upholland
Baroness Barker;context=http://reference.data.gov.uk/id/peer/baroness-barker
Baroness Billingham;context=http://reference.data.gov.uk/id/peer/baroness-billingham
Baroness Blackstone;context=http://reference.data.gov.uk/id/peer/baroness-blackstone
Baroness Blood;context=http://reference.data.gov.uk/id/peer/baroness-blood
Baroness Bonham-Carter of Yarnbury;context=http://reference.data.gov.uk/id/peer/baroness-bonham-carter-of-yarnbury
Baroness Bonham-Carter;context=http://reference.data.gov.uk/id/peer/baroness-bonham-carter-of-yarnbury
Baroness Boothroyd;context=http://reference.data.gov.uk/id/peer/baroness-boothroyd
Baroness Bottomley of Nettlestone;context=http://reference.data.gov.uk/id/peer/baroness-bottomley-of-nettlestone
Baroness Bottomley;context=http://reference.data.gov.uk/id/peer/baroness-bottomley-of-nettlestone
Baroness Buscombe;context=http://reference.data.gov.uk/id/peer/baroness-buscombe
Baroness Butler-Sloss;context=http://reference.data.gov.uk/id/peer/baroness-butler-sloss
Baroness Byford;context=http://reference.data.gov.uk/id/peer/baroness-byford
Baroness Campbell of Loughborough;context=http://reference.data.gov.uk/id/peer/baroness-campbell-of-loughborough
Baroness Campbell of Surbiton;context=http://reference.data.gov.uk/id/peer/baroness-campbell-of-surbiton
Baroness Carnegy of Lour;context=http://reference.data.gov.uk/id/peer/baroness-carnegy-of-lour
Baroness Carnegy;context=http://reference.data.gov.uk/id/peer/baroness-carnegy-of-lour
Baroness Chalker of Wallasey;context=http://reference.data.gov.uk/id/peer/baroness-chalker-of-wallasey
Baroness Chalker;context=http://reference.data.gov.uk/id/peer/baroness-chalker-of-wallasey
Baroness Clark of Calton;context=http://reference.data.gov.uk/id/peer/baroness-clark-of-calton
Baroness Clark;context=http://reference.data.gov.uk/id/peer/baroness-clark-of-calton
Baroness Cohen of Pimlico;context=http://reference.data.gov.uk/id/peer/baroness-cohen-of-pimlico
Baroness Cohen;context=http://reference.data.gov.uk/id/peer/baroness-cohen-of-pimlico
Baroness Corston;context=http://reference.data.gov.uk/id/peer/baroness-corston
Baroness Coussins;context=http://reference.data.gov.uk/id/peer/baroness-coussins
Baroness Cox;context=http://reference.data.gov.uk/id/peer/baroness-cox
Baroness Crawley;context=http://reference.data.gov.uk/id/peer/baroness-crawley
Baroness Cumberlege;context=http://reference.data.gov.uk/id/peer/baroness-cumberlege
Baroness D'Souza;context=http://reference.data.gov.uk/id/peer/baroness-d'souza
Baroness Dean of Thornton-le-Fylde;context=http://reference.data.gov.uk/id/peer/baroness-dean-of-thornton-le-fylde
Baroness Dean;context=http://reference.data.gov.uk/id/peer/baroness-dean-of-thornton-le-fylde
Baroness Deech;context=http://reference.data.gov.uk/id/peer/baroness-deech
Baroness Delacourt-Smith of Alteryn;context=http://reference.data.gov.uk/id/peer/baroness-delacourt-smith-of-alteryn
Baroness Delacourt-Smith;context=http://reference.data.gov.uk/id/peer/baroness-delacourt-smith-of-alteryn
Baroness Dunn;context=http://reference.data.gov.uk/id/peer/baroness-dunn
Baroness Eccles of Moulton;context=http://reference.data.gov.uk/id/peer/baroness-eccles-of-moulton
Baroness Eccles;context=http://reference.data.gov.uk/id/peer/baroness-eccles-of-moulton
Baroness Emerton;context=http://reference.data.gov.uk/id/peer/baroness-emerton
Baroness Falkender;context=http://reference.data.gov.uk/id/peer/baroness-falkender
Baroness Falkner of Margravine;context=http://reference.data.gov.uk/id/peer/baroness-falkner-of-margravine
Baroness Falkner;context=http://reference.data.gov.uk/id/peer/baroness-falkner-of-margravine
Baroness Farrington of Ribbleton;context=http://reference.data.gov.uk/id/peer/baroness-farrington-of-ribbleton
Baroness Farrington;context=http://reference.data.gov.uk/id/peer/baroness-farrington-of-ribbleton
Baroness Finlay of Llandaff;context=http://reference.data.gov.uk/id/peer/baroness-finlay-of-llandaff
Baroness Finlay;context=http://reference.data.gov.uk/id/peer/baroness-finlay-of-llandaff
Baroness Flather;context=http://reference.data.gov.uk/id/peer/baroness-flather
Baroness Fookes;context=http://reference.data.gov.uk/id/peer/baroness-fookes
Baroness Ford;context=http://reference.data.gov.uk/id/peer/baroness-ford
Baroness Fritchie;context=http://reference.data.gov.uk/id/peer/baroness-fritchie
Baroness Gale;context=http://reference.data.gov.uk/id/peer/baroness-gale
Baroness Garden of Frognal;context=http://reference.data.gov.uk/id/peer/baroness-garden-of-frognal
Baroness Garden;context=http://reference.data.gov.uk/id/peer/baroness-garden-of-frognal
Baroness Gardner of Parkes;context=http://reference.data.gov.uk/id/peer/baroness-gardner-of-parkes
Baroness Gardner;context=http://reference.data.gov.uk/id/peer/baroness-gardner-of-parkes
Baroness Gibson of Market Rasen;context=http://reference.data.gov.uk/id/peer/baroness-gibson-of-market-rasen
Baroness Gibson;context=http://reference.data.gov.uk/id/peer/baroness-gibson-of-market-rasen
Baroness Golding;context=http://reference.data.gov.uk/id/peer/baroness-golding
Baroness Goudie;context=http://reference.data.gov.uk/id/peer/baroness-goudie
Baroness Gould of Potternewton;context=http://reference.data.gov.uk/id/peer/baroness-gould-of-potternewton
Baroness Gould;context=http://reference.data.gov.uk/id/peer/baroness-gould-of-potternewton
Baroness Greenfield;context=http://reference.data.gov.uk/id/peer/baroness-greenfield
Baroness Greengross;context=http://reference.data.gov.uk/id/peer/baroness-greengross
Baroness Grey-Thompson;context=http://reference.data.gov.uk/id/peer/baroness-grey-thompson
Baroness Hale of Richmond;context=http://reference.data.gov.uk/id/peer/baroness-hale-of-richmond
Baroness Hale;context=http://reference.data.gov.uk/id/peer/baroness-hale-of-richmond
Baroness Hamwee;context=http://reference.data.gov.uk/id/peer/baroness-hamwee
Baroness Hanham;context=http://reference.data.gov.uk/id/peer/baroness-hanham
Baroness Harris of Richmond;context=http://reference.data.gov.uk/id/peer/baroness-harris-of-richmond
Baroness Harris;context=http://reference.data.gov.uk/id/peer/baroness-harris-of-richmond
Baroness Hayman;context=http://reference.data.gov.uk/id/peer/baroness-hayman
Baroness Henig;context=http://reference.data.gov.uk/id/peer/baroness-henig
Baroness Hilton of Eggardon;context=http://reference.data.gov.uk/id/peer/baroness-hilton-of-eggardon
Baroness Hilton;context=http://reference.data.gov.uk/id/peer/baroness-hilton-of-eggardon
Baroness Hogg;context=http://reference.data.gov.uk/id/peer/baroness-hogg
Baroness Hollis of Heigham;context=http://reference.data.gov.uk/id/peer/baroness-hollis-of-heigham
Baroness Hollis;context=http://reference.data.gov.uk/id/peer/baroness-hollis-of-heigham
Baroness Hooper;context=http://reference.data.gov.uk/id/peer/baroness-hooper
Baroness Howarth of Breckland;context=http://reference.data.gov.uk/id/peer/baroness-howarth-of-breckland
Baroness Howarth;context=http://reference.data.gov.uk/id/peer/baroness-howarth-of-breckland
Baroness Howe of Idlicote;context=http://reference.data.gov.uk/id/peer/baroness-howe-of-idlicote
Baroness Howe;context=http://reference.data.gov.uk/id/peer/baroness-howe-of-idlicote
Baroness Howells of St Davids;context=http://reference.data.gov.uk/id/peer/baroness-howells-of-st-davids
Baroness Howells;context=http://reference.data.gov.uk/id/peer/baroness-howells-of-st-davids
Baroness James of Holland Park;context=http://reference.data.gov.uk/id/peer/baroness-james-of-holland-park
Baroness James;context=http://reference.data.gov.uk/id/peer/baroness-james-of-holland-park
Baroness Jay of Paddington;context=http://reference.data.gov.uk/id/peer/baroness-jay-of-paddington
Baroness Jay;context=http://reference.data.gov.uk/id/peer/baroness-jay-of-paddington
Baroness Jones of Whitchurch;context=http://reference.data.gov.uk/id/peer/baroness-jones-of-whitchurch
Baroness Jones;context=http://reference.data.gov.uk/id/peer/baroness-jones-of-whitchurch
Baroness Kennedy of The Shaws;context=http://reference.data.gov.uk/id/peer/baroness-kennedy-of-the-shaws
Baroness Kennedy;context=http://reference.data.gov.uk/id/peer/baroness-kennedy-of-the-shaws
Baroness Kingsmill;context=http://reference.data.gov.uk/id/peer/baroness-kingsmill
Baroness Kinnock of Holyhead;context=http://reference.data.gov.uk/id/peer/baroness-kinnock-of-holyhead
Baroness Kinnock;context=http://reference.data.gov.uk/id/peer/baroness-kinnock-of-holyhead
Baroness Knight of Collingtree;context=http://reference.data.gov.uk/id/peer/baroness-knight-of-collingtree
Baroness Knight;context=http://reference.data.gov.uk/id/peer/baroness-knight-of-collingtree
Baroness Linklater of Butterstone;context=http://reference.data.gov.uk/id/peer/baroness-linklater-of-butterstone
Baroness Linklater;context=http://reference.data.gov.uk/id/peer/baroness-linklater-of-butterstone
Baroness Lockwood;context=http://reference.data.gov.uk/id/peer/baroness-lockwood
Baroness Ludford;context=http://reference.data.gov.uk/id/peer/baroness-ludford
Baroness Maddock;context=http://reference.data.gov.uk/id/peer/baroness-maddock
Baroness Mallalieu;context=http://reference.data.gov.uk/id/peer/baroness-mallalieu
Baroness Manningham-Buller;context=http://reference.data.gov.uk/id/peer/baroness-manningham-buller
Baroness Masham of Ilton;context=http://reference.data.gov.uk/id/peer/baroness-masham-of-ilton
Baroness Masham;context=http://reference.data.gov.uk/id/peer/baroness-masham-of-ilton
Baroness Massey of Darwen;context=http://reference.data.gov.uk/id/peer/baroness-massey-of-darwen
Baroness Massey;context=http://reference.data.gov.uk/id/peer/baroness-massey-of-darwen
Baroness McDonagh;context=http://reference.data.gov.uk/id/peer/baroness-mcdonagh
Baroness McFarlane of Llandaff;context=http://reference.data.gov.uk/id/peer/baroness-mcfarlane-of-llandaff
Baroness McFarlane;context=http://reference.data.gov.uk/id/peer/baroness-mcfarlane-of-llandaff
Baroness McIntosh of Hudnall;context=http://reference.data.gov.uk/id/peer/baroness-mcintosh-of-hudnall
Baroness McIntosh;context=http://reference.data.gov.uk/id/peer/baroness-mcintosh-of-hudnall
Baroness Meacher;context=http://reference.data.gov.uk/id/peer/baroness-meacher
Baroness Miller of Chilthorne Domer;context=http://reference.data.gov.uk/id/peer/baroness-miller-of-chilthorne-domer
Baroness Miller of Hendon;context=http://reference.data.gov.uk/id/peer/baroness-miller-of-hendon
Baroness Morgan of Drefelin;context=http://reference.data.gov.uk/id/peer/baroness-morgan-of-drefelin
Baroness Morgan of Huyton;context=http://reference.data.gov.uk/id/peer/baroness-morgan-of-huyton
Baroness Morris of Bolton;context=http://reference.data.gov.uk/id/peer/baroness-morris-of-bolton
Baroness Morris of Yardley;context=http://reference.data.gov.uk/id/peer/baroness-morris-of-yardley
Baroness Murphy;context=http://reference.data.gov.uk/id/peer/baroness-murphy
Baroness Neuberger;context=http://reference.data.gov.uk/id/peer/baroness-neuberger
Baroness Neville-Jones;context=http://reference.data.gov.uk/id/peer/baroness-neville-jones
Baroness Nicholson of Winterbourne;context=http://reference.data.gov.uk/id/peer/baroness-nicholson-of-winterbourne
Baroness Nicholson;context=http://reference.data.gov.uk/id/peer/baroness-nicholson-of-winterbourne
Baroness Nicol;context=http://reference.data.gov.uk/id/peer/baroness-nicol
Baroness Noakes;context=http://reference.data.gov.uk/id/peer/baroness-noakes
Baroness Northover;context=http://reference.data.gov.uk/id/peer/baroness-northover
Baroness O'Cathain;context=http://reference.data.gov.uk/id/peer/baroness-o'cathain
Baroness O'Loan;context=http://reference.data.gov.uk/id/peer/baroness-o'loan
Baroness O'Neill of Bengarve;context=http://reference.data.gov.uk/id/peer/baroness-o'neill-of-bengarve
Baroness O'Neill;context=http://reference.data.gov.uk/id/peer/baroness-o'neill-of-bengarve
Baroness Oppenheim-Barnes;context=http://reference.data.gov.uk/id/peer/baroness-oppenheim-barnes
Baroness Paisley of St George's;context=http://reference.data.gov.uk/id/peer/baroness-paisley-of-st-george's
Baroness Paisley;context=http://reference.data.gov.uk/id/peer/baroness-paisley-of-st-george's
Baroness Perry of Southwark;context=http://reference.data.gov.uk/id/peer/baroness-perry-of-southwark
Baroness Perry;context=http://reference.data.gov.uk/id/peer/baroness-perry-of-southwark
Baroness Pitkeathley;context=http://reference.data.gov.uk/id/peer/baroness-pitkeathley
Baroness Platt of Writtle;context=http://reference.data.gov.uk/id/peer/baroness-platt-of-writtle
Baroness Platt;context=http://reference.data.gov.uk/id/peer/baroness-platt-of-writtle
Baroness Prashar;context=http://reference.data.gov.uk/id/peer/baroness-prashar
Baroness Prosser;context=http://reference.data.gov.uk/id/peer/baroness-prosser
Baroness Quin;context=http://reference.data.gov.uk/id/peer/baroness-quin
Baroness Ramsay of Cartvale;context=http://reference.data.gov.uk/id/peer/baroness-ramsay-of-cartvale
Baroness Ramsay;context=http://reference.data.gov.uk/id/peer/baroness-ramsay-of-cartvale
Baroness Rawlings;context=http://reference.data.gov.uk/id/peer/baroness-rawlings
Baroness Rendell of Babergh;context=http://reference.data.gov.uk/id/peer/baroness-rendell-of-babergh
Baroness Rendell;context=http://reference.data.gov.uk/id/peer/baroness-rendell-of-babergh
Baroness Richardson of Calow;context=http://reference.data.gov.uk/id/peer/baroness-richardson-of-calow
Baroness Richardson;context=http://reference.data.gov.uk/id/peer/baroness-richardson-of-calow
Baroness Royall of Blaisdon;context=http://reference.data.gov.uk/id/peer/baroness-royall-of-blaisdon
Baroness Royall;context=http://reference.data.gov.uk/id/peer/baroness-royall-of-blaisdon
Baroness Scotland of Asthal;context=http://reference.data.gov.uk/id/peer/baroness-scotland-of-asthal
Baroness Scotland;context=http://reference.data.gov.uk/id/peer/baroness-scotland-of-asthal
Baroness Scott of Needham Market;context=http://reference.data.gov.uk/id/peer/baroness-scott-of-needham-market
Baroness Scott;context=http://reference.data.gov.uk/id/peer/baroness-scott-of-needham-market
Baroness Seccombe;context=http://reference.data.gov.uk/id/peer/baroness-seccombe
Baroness Sharp of Guildford;context=http://reference.data.gov.uk/id/peer/baroness-sharp-of-guildford
Baroness Sharp;context=http://reference.data.gov.uk/id/peer/baroness-sharp-of-guildford
Baroness Sharples;context=http://reference.data.gov.uk/id/peer/baroness-sharples
Baroness Shephard of Northwold;context=http://reference.data.gov.uk/id/peer/baroness-shephard-of-northwold
Baroness Shephard;context=http://reference.data.gov.uk/id/peer/baroness-shephard-of-northwold
Baroness Smith of Gilmorehill;context=http://reference.data.gov.uk/id/peer/baroness-smith-of-gilmorehill
Baroness Smith;context=http://reference.data.gov.uk/id/peer/baroness-smith-of-gilmorehill
Baroness Stern;context=http://reference.data.gov.uk/id/peer/baroness-stern
Baroness Symons of Vernham Dean;context=http://reference.data.gov.uk/id/peer/baroness-symons-of-vernham-dean
Baroness Symons;context=http://reference.data.gov.uk/id/peer/baroness-symons-of-vernham-dean
Baroness Taylor of Bolton;context=http://reference.data.gov.uk/id/peer/baroness-taylor-of-bolton
Baroness Taylor;context=http://reference.data.gov.uk/id/peer/baroness-taylor-of-bolton
Baroness Thatcher;context=http://reference.data.gov.uk/id/peer/baroness-thatcher
Baroness Thomas of Walliswood;context=http://reference.data.gov.uk/id/peer/baroness-thomas-of-walliswood
Baroness Thomas of Winchester;context=http://reference.data.gov.uk/id/peer/baroness-thomas-of-winchester
Baroness Thornton;context=http://reference.data.gov.uk/id/peer/baroness-thornton
Baroness Tonge;context=http://reference.data.gov.uk/id/peer/baroness-tonge
Baroness Trumpington;context=http://reference.data.gov.uk/id/peer/baroness-trumpington
Baroness Turner of Camden;context=http://reference.data.gov.uk/id/peer/baroness-turner-of-camden
Baroness Turner;context=http://reference.data.gov.uk/id/peer/baroness-turner-of-camden
Baroness Uddin;context=http://reference.data.gov.uk/id/peer/baroness-uddin
Baroness Vadera;context=http://reference.data.gov.uk/id/peer/baroness-vadera
Baroness Valentine;context=http://reference.data.gov.uk/id/peer/baroness-valentine
Baroness Verma;context=http://reference.data.gov.uk/id/peer/baroness-verma
Baroness Wall of New Barnet;context=http://reference.data.gov.uk/id/peer/baroness-wall-of-new-barnet
Baroness Wall;context=http://reference.data.gov.uk/id/peer/baroness-wall-of-new-barnet
Baroness Walmsley;context=http://reference.data.gov.uk/id/peer/baroness-walmsley
Baroness Warnock;context=http://reference.data.gov.uk/id/peer/baroness-warnock
Baroness Warsi;context=http://reference.data.gov.uk/id/peer/baroness-warsi
Baroness Warwick of Undercliffe;context=http://reference.data.gov.uk/id/peer/baroness-warwick-of-undercliffe
Baroness Warwick;context=http://reference.data.gov.uk/id/peer/baroness-warwick-of-undercliffe
Baroness Whitaker;context=http://reference.data.gov.uk/id/peer/baroness-whitaker
Baroness Wilcox;context=http://reference.data.gov.uk/id/peer/baroness-wilcox
Baroness Wilkins;context=http://reference.data.gov.uk/id/peer/baroness-wilkins
Baroness Williams of Crosby;context=http://reference.data.gov.uk/id/peer/baroness-williams-of-crosby
Baroness Williams;context=http://reference.data.gov.uk/id/peer/baroness-williams-of-crosby
Baroness Young of Hornsey;context=http://reference.data.gov.uk/id/peer/baroness-young-of-hornsey
Baroness Young of Old Scone;context=http://reference.data.gov.uk/id/peer/baroness-young-of-old-scone
Earl Attlee;context=http://reference.data.gov.uk/id/peer/earl-attlee
Earl Baldwin of Bewdley;context=http://reference.data.gov.uk/id/peer/earl-baldwin-of-bewdley
Earl Baldwin;context=http://reference.data.gov.uk/id/peer/earl-baldwin-of-bewdley
Earl Cathcart;context=http://reference.data.gov.uk/id/peer/earl-cathcart
Earl Ferrers;context=http://reference.data.gov.uk/id/peer/earl-ferrers
Earl Howe;context=http://reference.data.gov.uk/id/peer/earl-howe
Earl Peel;context=http://reference.data.gov.uk/id/peer/earl-peel
Lady Saltoun of Abernethy;context=http://reference.data.gov.uk/id/peer/lady-saltoun-of-abernethy
Lady Saltoun;context=http://reference.data.gov.uk/id/peer/lady-saltoun-of-abernethy
Lord Aberdare;context=http://reference.data.gov.uk/id/peer/lord-aberdare
Lord Acton;context=http://reference.data.gov.uk/id/peer/lord-acton
Lord Addington;context=http://reference.data.gov.uk/id/peer/lord-addington
Lord Adebowale;context=http://reference.data.gov.uk/id/peer/lord-adebowale
Lord Adonis;context=http://reference.data.gov.uk/id/peer/lord-adonis
Lord Ahmed;context=http://reference.data.gov.uk/id/peer/lord-ahmed
Lord Alderdice;context=http://reference.data.gov.uk/id/peer/lord-alderdice
Lord Alli;context=http://reference.data.gov.uk/id/peer/lord-alli
Lord Alliance;context=http://reference.data.gov.uk/id/peer/lord-alliance
Lord Alton of Liverpool;context=http://reference.data.gov.uk/id/peer/lord-alton-of-liverpool
Lord Alton;context=http://reference.data.gov.uk/id/peer/lord-alton-of-liverpool
Lord Ampthill;context=http://reference.data.gov.uk/id/peer/lord-ampthill
Lord Anderson of Swansea;context=http://reference.data.gov.uk/id/peer/lord-anderson-of-swansea
Lord Anderson;context=http://reference.data.gov.uk/id/peer/lord-anderson-of-swansea
Lord Archer of Sandwell;context=http://reference.data.gov.uk/id/peer/lord-archer-of-sandwell
Lord Archer of Weston-super-Mare;context=http://reference.data.gov.uk/id/peer/lord-archer-of-weston-super-mare
Lord Armstrong of Ilminster;context=http://reference.data.gov.uk/id/peer/lord-armstrong-of-ilminster
Lord Armstrong;context=http://reference.data.gov.uk/id/peer/lord-armstrong-of-ilminster
Lord Ashcroft;context=http://reference.data.gov.uk/id/peer/lord-ashcroft
Lord Ashdown of Norton-sub-Hamdon;context=http://reference.data.gov.uk/id/peer/lord-ashdown-of-norton-sub-hamdon
Lord Ashdown;context=http://reference.data.gov.uk/id/peer/lord-ashdown-of-norton-sub-hamdon
Lord Ashley of Stoke;context=http://reference.data.gov.uk/id/peer/lord-ashley-of-stoke
Lord Ashley;context=http://reference.data.gov.uk/id/peer/lord-ashley-of-stoke
Lord Astor of Hever;context=http://reference.data.gov.uk/id/peer/lord-astor-of-hever
Lord Astor;context=http://reference.data.gov.uk/id/peer/lord-astor-of-hever
Lord Attenborough;context=http://reference.data.gov.uk/id/peer/lord-attenborough
Lord Avebury;context=http://reference.data.gov.uk/id/peer/lord-avebury
Lord Bach;context=http://reference.data.gov.uk/id/peer/lord-bach
Lord Bagri;context=http://reference.data.gov.uk/id/peer/lord-bagri
Lord Baker of Dorking;context=http://reference.data.gov.uk/id/peer/lord-baker-of-dorking
Lord Baker;context=http://reference.data.gov.uk/id/peer/lord-baker-of-dorking
Lord Ballyedmond;context=http://reference.data.gov.uk/id/peer/lord-ballyedmond
Lord Barber of Tewkesbury;context=http://reference.data.gov.uk/id/peer/lord-barber-of-tewkesbury
Lord Barber;context=http://reference.data.gov.uk/id/peer/lord-barber-of-tewkesbury
Lord Barnett;context=http://reference.data.gov.uk/id/peer/lord-barnett
Lord Bassam of Brighton;context=http://reference.data.gov.uk/id/peer/lord-bassam-of-brighton
Lord Bassam;context=http://reference.data.gov.uk/id/peer/lord-bassam-of-brighton
Lord Bates;context=http://reference.data.gov.uk/id/peer/lord-bates
Lord Bell;context=http://reference.data.gov.uk/id/peer/lord-bell
Lord Berkeley;context=http://reference.data.gov.uk/id/peer/lord-berkeley
Lord Best;context=http://reference.data.gov.uk/id/peer/lord-best
Lord Bew;context=http://reference.data.gov.uk/id/peer/lord-bew
Lord Bhatia;context=http://reference.data.gov.uk/id/peer/lord-bhatia
Lord Bhattacharyya;context=http://reference.data.gov.uk/id/peer/lord-bhattacharyya
Lord Bichard;context=http://reference.data.gov.uk/id/peer/lord-bichard
Lord Bilimoria;context=http://reference.data.gov.uk/id/peer/lord-bilimoria
Lord Bilston;context=http://reference.data.gov.uk/id/peer/lord-bilston
Lord Bingham of Cornhill;context=http://reference.data.gov.uk/id/peer/lord-bingham-of-cornhill
Lord Bingham;context=http://reference.data.gov.uk/id/peer/lord-bingham-of-cornhill
Lord Birt;context=http://reference.data.gov.uk/id/peer/lord-birt
Lord Black of Crossharbour;context=http://reference.data.gov.uk/id/peer/lord-black-of-crossharbour
Lord Black;context=http://reference.data.gov.uk/id/peer/lord-black-of-crossharbour
Lord Blackwell;context=http://reference.data.gov.uk/id/peer/lord-blackwell
Lord Blyth of Rowington;context=http://reference.data.gov.uk/id/peer/lord-blyth-of-rowington
Lord Blyth;context=http://reference.data.gov.uk/id/peer/lord-blyth-of-rowington
Lord Borrie;context=http://reference.data.gov.uk/id/peer/lord-borrie
Lord Boston of Faversham;context=http://reference.data.gov.uk/id/peer/lord-boston-of-faversham
Lord Boston;context=http://reference.data.gov.uk/id/peer/lord-boston-of-faversham
Lord Bowness;context=http://reference.data.gov.uk/id/peer/lord-bowness
Lord Boyce;context=http://reference.data.gov.uk/id/peer/lord-boyce
Lord Boyd of Duncansby;context=http://reference.data.gov.uk/id/peer/lord-boyd-of-duncansby
Lord Boyd;context=http://reference.data.gov.uk/id/peer/lord-boyd-of-duncansby
Lord Brabazon of Tara;context=http://reference.data.gov.uk/id/peer/lord-brabazon-of-tara
Lord Brabazon;context=http://reference.data.gov.uk/id/peer/lord-brabazon-of-tara
Lord Bradley;context=http://reference.data.gov.uk/id/peer/lord-bradley
Lord Bradshaw;context=http://reference.data.gov.uk/id/peer/lord-bradshaw
Lord Bragg;context=http://reference.data.gov.uk/id/peer/lord-bragg
Lord Bramall;context=http://reference.data.gov.uk/id/peer/lord-bramall
Lord Brennan;context=http://reference.data.gov.uk/id/peer/lord-brennan
Lord Brett;context=http://reference.data.gov.uk/id/peer/lord-brett
Lord Bridges;context=http://reference.data.gov.uk/id/peer/lord-bridges
Lord Briggs;context=http://reference.data.gov.uk/id/peer/lord-briggs
Lord Brittan of Spennithorne;context=http://reference.data.gov.uk/id/peer/lord-brittan-of-spennithorne
Lord Brittan;context=http://reference.data.gov.uk/id/peer/lord-brittan-of-spennithorne
Lord Broers;context=http://reference.data.gov.uk/id/peer/lord-broers
Lord Brooke of Alverthorpe;context=http://reference.data.gov.uk/id/peer/lord-brooke-of-alverthorpe
Lord Brooke of Sutton Mandeville;context=http://reference.data.gov.uk/id/peer/lord-brooke-of-sutton-mandeville
Lord Brookman;context=http://reference.data.gov.uk/id/peer/lord-brookman
Lord Brooks of Tremorfa;context=http://reference.data.gov.uk/id/peer/lord-brooks-of-tremorfa
Lord Brooks;context=http://reference.data.gov.uk/id/peer/lord-brooks-of-tremorfa
Lord Brougham and Vaux;context=http://reference.data.gov.uk/id/peer/lord-brougham-and-vaux
Lord Brown of Eaton-under-Heywood;context=http://reference.data.gov.uk/id/peer/lord-brown-of-eaton-under-heywood
Lord Brown;context=http://reference.data.gov.uk/id/peer/lord-brown-of-eaton-under-heywood
Lord Browne of Belmont;context=http://reference.data.gov.uk/id/peer/lord-browne-of-belmont
Lord Browne of Madingley;context=http://reference.data.gov.uk/id/peer/lord-browne-of-madingley
Lord Browne-Wilkinson;context=http://reference.data.gov.uk/id/peer/lord-browne-wilkinson
Lord Burnett;context=http://reference.data.gov.uk/id/peer/lord-burnett
Lord Burns;context=http://reference.data.gov.uk/id/peer/lord-burns
Lord Butler of Brockwell;context=http://reference.data.gov.uk/id/peer/lord-butler-of-brockwell
Lord Butler;context=http://reference.data.gov.uk/id/peer/lord-butler-of-brockwell
Lord Cameron of Dillington;context=http://reference.data.gov.uk/id/peer/lord-cameron-of-dillington
Lord Cameron of Lochbroom;context=http://reference.data.gov.uk/id/peer/lord-cameron-of-lochbroom
Lord Campbell of Alloway;context=http://reference.data.gov.uk/id/peer/lord-campbell-of-alloway
Lord Campbell;context=http://reference.data.gov.uk/id/peer/lord-campbell-of-alloway
Lord Campbell-Savours;context=http://reference.data.gov.uk/id/peer/lord-campbell-savours
Lord Carey of Clifton;context=http://reference.data.gov.uk/id/peer/lord-carey-of-clifton
Lord Carey;context=http://reference.data.gov.uk/id/peer/lord-carey-of-clifton
Lord Carlile of Berriew;context=http://reference.data.gov.uk/id/peer/lord-carlile-of-berriew
Lord Carlile;context=http://reference.data.gov.uk/id/peer/lord-carlile-of-berriew
Lord Carr of Hadley;context=http://reference.data.gov.uk/id/peer/lord-carr-of-hadley
Lord Carr;context=http://reference.data.gov.uk/id/peer/lord-carr-of-hadley
Lord Carrington;context=http://reference.data.gov.uk/id/peer/lord-carrington
Lord Carswell;context=http://reference.data.gov.uk/id/peer/lord-carswell
Lord Carter of Barnes;context=http://reference.data.gov.uk/id/peer/lord-carter-of-barnes
Lord Carter of Coles;context=http://reference.data.gov.uk/id/peer/lord-carter-of-coles
Lord Cavendish of Furness;context=http://reference.data.gov.uk/id/peer/lord-cavendish-of-furness
Lord Cavendish;context=http://reference.data.gov.uk/id/peer/lord-cavendish-of-furness
Lord Chadlington;context=http://reference.data.gov.uk/id/peer/lord-chadlington
Lord Chalfont;context=http://reference.data.gov.uk/id/peer/lord-chalfont
Lord Chidgey;context=http://reference.data.gov.uk/id/peer/lord-chidgey
Lord Chilver;context=http://reference.data.gov.uk/id/peer/lord-chilver
Lord Chitnis;context=http://reference.data.gov.uk/id/peer/lord-chitnis
Lord Chorley;context=http://reference.data.gov.uk/id/peer/lord-chorley
Lord Christopher;context=http://reference.data.gov.uk/id/peer/lord-christopher
Lord Clark of Windermere;context=http://reference.data.gov.uk/id/peer/lord-clark-of-windermere
Lord Clark;context=http://reference.data.gov.uk/id/peer/lord-clark-of-windermere
Lord Clarke of Hampstead;context=http://reference.data.gov.uk/id/peer/lord-clarke-of-hampstead
Lord Clarke of Stone-cum-Ebony;context=http://reference.data.gov.uk/id/peer/lord-clarke-of-stone-cum-ebony
Lord Clement-Jones;context=http://reference.data.gov.uk/id/peer/lord-clement-jones
Lord Clinton-Davis;context=http://reference.data.gov.uk/id/peer/lord-clinton-davis
Lord Cobbold;context=http://reference.data.gov.uk/id/peer/lord-cobbold
Lord Coe;context=http://reference.data.gov.uk/id/peer/lord-coe
Lord Collins of Mapesbury;context=http://reference.data.gov.uk/id/peer/lord-collins-of-mapesbury
Lord Collins;context=http://reference.data.gov.uk/id/peer/lord-collins-of-mapesbury
Lord Colwyn;context=http://reference.data.gov.uk/id/peer/lord-colwyn
Lord Condon;context=http://reference.data.gov.uk/id/peer/lord-condon
Lord Cope of Berkeley;context=http://reference.data.gov.uk/id/peer/lord-cope-of-berkeley
Lord Cope;context=http://reference.data.gov.uk/id/peer/lord-cope-of-berkeley
Lord Corbett of Castle Vale;context=http://reference.data.gov.uk/id/peer/lord-corbett-of-castle-vale
Lord Corbett;context=http://reference.data.gov.uk/id/peer/lord-corbett-of-castle-vale
Lord Cotter;context=http://reference.data.gov.uk/id/peer/lord-cotter
Lord Craig of Radley;context=http://reference.data.gov.uk/id/peer/lord-craig-of-radley
Lord Craig;context=http://reference.data.gov.uk/id/peer/lord-craig-of-radley
Lord Crathorne;context=http://reference.data.gov.uk/id/peer/lord-crathorne
Lord Crickhowell;context=http://reference.data.gov.uk/id/peer/lord-crickhowell
Lord Crisp;context=http://reference.data.gov.uk/id/peer/lord-crisp
Lord Croham;context=http://reference.data.gov.uk/id/peer/lord-croham
Lord Cullen of Whitekirk;context=http://reference.data.gov.uk/id/peer/lord-cullen-of-whitekirk
Lord Cullen;context=http://reference.data.gov.uk/id/peer/lord-cullen-of-whitekirk
Lord Cunningham of Felling;context=http://reference.data.gov.uk/id/peer/lord-cunningham-of-felling
Lord Cunningham;context=http://reference.data.gov.uk/id/peer/lord-cunningham-of-felling
Lord Currie of Marylebone;context=http://reference.data.gov.uk/id/peer/lord-currie-of-marylebone
Lord Currie;context=http://reference.data.gov.uk/id/peer/lord-currie-of-marylebone
Lord Darzi of Denham;context=http://reference.data.gov.uk/id/peer/lord-darzi-of-denham
Lord Darzi;context=http://reference.data.gov.uk/id/peer/lord-darzi-of-denham
Lord Davidson of Glen Clova;context=http://reference.data.gov.uk/id/peer/lord-davidson-of-glen-clova
Lord Davidson;context=http://reference.data.gov.uk/id/peer/lord-davidson-of-glen-clova
Lord Davies of Abersoch;context=http://reference.data.gov.uk/id/peer/lord-davies-of-abersoch
Lord Davies of Coity;context=http://reference.data.gov.uk/id/peer/lord-davies-of-coity
Lord Davies of Oldham;context=http://reference.data.gov.uk/id/peer/lord-davies-of-oldham
Lord Dear;context=http://reference.data.gov.uk/id/peer/lord-dear
Lord Denham;context=http://reference.data.gov.uk/id/peer/lord-denham
Lord Desai;context=http://reference.data.gov.uk/id/peer/lord-desai
Lord Dholakia;context=http://reference.data.gov.uk/id/peer/lord-dholakia
Lord Dixon;context=http://reference.data.gov.uk/id/peer/lord-dixon
Lord Dixon-Smith;context=http://reference.data.gov.uk/id/peer/lord-dixon-smith
Lord Donoughue;context=http://reference.data.gov.uk/id/peer/lord-donoughue
Lord Drayson;context=http://reference.data.gov.uk/id/peer/lord-drayson
Lord Dubs;context=http://reference.data.gov.uk/id/peer/lord-dubs
Lord Dykes;context=http://reference.data.gov.uk/id/peer/lord-dykes
Lord Eames;context=http://reference.data.gov.uk/id/peer/lord-eames
Lord Eatwell;context=http://reference.data.gov.uk/id/peer/lord-eatwell
Lord Eden of Winton;context=http://reference.data.gov.uk/id/peer/lord-eden-of-winton
Lord Eden;context=http://reference.data.gov.uk/id/peer/lord-eden-of-winton
Lord Elder;context=http://reference.data.gov.uk/id/peer/lord-elder
Lord Elis-Thomas;context=http://reference.data.gov.uk/id/peer/lord-elis-thomas
Lord Elliott of Morpeth;context=http://reference.data.gov.uk/id/peer/lord-elliott-of-morpeth
Lord Elliott;context=http://reference.data.gov.uk/id/peer/lord-elliott-of-morpeth
Lord Elton;context=http://reference.data.gov.uk/id/peer/lord-elton
Lord Elystan-Morgan;context=http://reference.data.gov.uk/id/peer/lord-elystan-morgan
Lord Evans of Parkside;context=http://reference.data.gov.uk/id/peer/lord-evans-of-parkside
Lord Evans of Temple Guiting;context=http://reference.data.gov.uk/id/peer/lord-evans-of-temple-guiting
Lord Evans of Watford;context=http://reference.data.gov.uk/id/peer/lord-evans-of-watford
Lord Ezra;context=http://reference.data.gov.uk/id/peer/lord-ezra
Lord Falconer of Thoroton;context=http://reference.data.gov.uk/id/peer/lord-falconer-of-thoroton
Lord Falconer;context=http://reference.data.gov.uk/id/peer/lord-falconer-of-thoroton
Lord Faulkner of Worcester;context=http://reference.data.gov.uk/id/peer/lord-faulkner-of-worcester
Lord Faulkner;context=http://reference.data.gov.uk/id/peer/lord-faulkner-of-worcester
Lord Fearn;context=http://reference.data.gov.uk/id/peer/lord-fearn
Lord Feldman;context=http://reference.data.gov.uk/id/peer/lord-feldman
Lord Fellowes;context=http://reference.data.gov.uk/id/peer/lord-fellowes
Lord Filkin;context=http://reference.data.gov.uk/id/peer/lord-filkin
Lord Flowers;context=http://reference.data.gov.uk/id/peer/lord-flowers
Lord Forsyth of Drumlean;context=http://reference.data.gov.uk/id/peer/lord-forsyth-of-drumlean
Lord Forsyth;context=http://reference.data.gov.uk/id/peer/lord-forsyth-of-drumlean
Lord Foster of Bishop Auckland;context=http://reference.data.gov.uk/id/peer/lord-foster-of-bishop-auckland
Lord Foster of Thames Bank;context=http://reference.data.gov.uk/id/peer/lord-foster-of-thames-bank
Lord Foulkes of Cumnock;context=http://reference.data.gov.uk/id/peer/lord-foulkes-of-cumnock
Lord Foulkes;context=http://reference.data.gov.uk/id/peer/lord-foulkes-of-cumnock
Lord Fowler;context=http://reference.data.gov.uk/id/peer/lord-fowler
Lord Fraser of Carmyllie;context=http://reference.data.gov.uk/id/peer/lord-fraser-of-carmyllie
Lord Fraser;context=http://reference.data.gov.uk/id/peer/lord-fraser-of-carmyllie
Lord Freeman;context=http://reference.data.gov.uk/id/peer/lord-freeman
Lord Freud;context=http://reference.data.gov.uk/id/peer/lord-freud
Lord Freyberg;context=http://reference.data.gov.uk/id/peer/lord-freyberg
Lord Fyfe of Fairfield;context=http://reference.data.gov.uk/id/peer/lord-fyfe-of-fairfield
Lord Fyfe;context=http://reference.data.gov.uk/id/peer/lord-fyfe-of-fairfield
Lord Garel-Jones;context=http://reference.data.gov.uk/id/peer/lord-garel-jones
Lord Gavron;context=http://reference.data.gov.uk/id/peer/lord-gavron
Lord Geddes;context=http://reference.data.gov.uk/id/peer/lord-geddes
Lord Giddens;context=http://reference.data.gov.uk/id/peer/lord-giddens
Lord Gilbert;context=http://reference.data.gov.uk/id/peer/lord-gilbert
Lord Glenamara;context=http://reference.data.gov.uk/id/peer/lord-glenamara
Lord Glenarthur;context=http://reference.data.gov.uk/id/peer/lord-glenarthur
Lord Glentoran;context=http://reference.data.gov.uk/id/peer/lord-glentoran
Lord Goff of Chieveley;context=http://reference.data.gov.uk/id/peer/lord-goff-of-chieveley
Lord Goff;context=http://reference.data.gov.uk/id/peer/lord-goff-of-chieveley
Lord Goldsmith;context=http://reference.data.gov.uk/id/peer/lord-goldsmith
Lord Goodhart;context=http://reference.data.gov.uk/id/peer/lord-goodhart
Lord Goodlad;context=http://reference.data.gov.uk/id/peer/lord-goodlad
Lord Gordon of Strathblane;context=http://reference.data.gov.uk/id/peer/lord-gordon-of-strathblane
Lord Gordon;context=http://reference.data.gov.uk/id/peer/lord-gordon-of-strathblane
Lord Gould of Brookwood;context=http://reference.data.gov.uk/id/peer/lord-gould-of-brookwood
Lord Gould;context=http://reference.data.gov.uk/id/peer/lord-gould-of-brookwood
Lord Grabiner;context=http://reference.data.gov.uk/id/peer/lord-grabiner
Lord Graham of Edmonton;context=http://reference.data.gov.uk/id/peer/lord-graham-of-edmonton
Lord Graham;context=http://reference.data.gov.uk/id/peer/lord-graham-of-edmonton
Lord Grantchester;context=http://reference.data.gov.uk/id/peer/lord-grantchester
Lord Greaves;context=http://reference.data.gov.uk/id/peer/lord-greaves
Lord Greenway;context=http://reference.data.gov.uk/id/peer/lord-greenway
Lord Grenfell;context=http://reference.data.gov.uk/id/peer/lord-grenfell
Lord Griffiths;context=http://reference.data.gov.uk/id/peer/lord-griffiths
Lord Griffiths of Burry Port;context=http://reference.data.gov.uk/id/peer/lord-griffiths-of-burry-port
Lord Griffiths of Fforestfach;context=http://reference.data.gov.uk/id/peer/lord-griffiths-of-fforestfach
Lord Grocott;context=http://reference.data.gov.uk/id/peer/lord-grocott
Lord Guthrie of Craigiebank;context=http://reference.data.gov.uk/id/peer/lord-guthrie-of-craigiebank
Lord Guthrie;context=http://reference.data.gov.uk/id/peer/lord-guthrie-of-craigiebank
Lord Habgood;context=http://reference.data.gov.uk/id/peer/lord-habgood
Lord Hall of Birkenhead;context=http://reference.data.gov.uk/id/peer/lord-hall-of-birkenhead
Lord Hall;context=http://reference.data.gov.uk/id/peer/lord-hall-of-birkenhead
Lord Hameed;context=http://reference.data.gov.uk/id/peer/lord-hameed
Lord Hamilton of Epsom;context=http://reference.data.gov.uk/id/peer/lord-hamilton-of-epsom
Lord Hamilton;context=http://reference.data.gov.uk/id/peer/lord-hamilton-of-epsom
Lord Hannay of Chiswick;context=http://reference.data.gov.uk/id/peer/lord-hannay-of-chiswick
Lord Hannay;context=http://reference.data.gov.uk/id/peer/lord-hannay-of-chiswick
Lord Hanningfield;context=http://reference.data.gov.uk/id/peer/lord-hanningfield
Lord Hardie;context=http://reference.data.gov.uk/id/peer/lord-hardie
Lord Harries of Pentregarth;context=http://reference.data.gov.uk/id/peer/lord-harries-of-pentregarth
Lord Harries;context=http://reference.data.gov.uk/id/peer/lord-harries-of-pentregarth
Lord Harris of Haringey;context=http://reference.data.gov.uk/id/peer/lord-harris-of-haringey
Lord Harris of Peckham;context=http://reference.data.gov.uk/id/peer/lord-harris-of-peckham
Lord Harrison;context=http://reference.data.gov.uk/id/peer/lord-harrison
Lord Hart of Chilton;context=http://reference.data.gov.uk/id/peer/lord-hart-of-chilton
Lord Hart;context=http://reference.data.gov.uk/id/peer/lord-hart-of-chilton
Lord Haskel;context=http://reference.data.gov.uk/id/peer/lord-haskel
Lord Haskins;context=http://reference.data.gov.uk/id/peer/lord-haskins
Lord Hastings of Scarisbrick;context=http://reference.data.gov.uk/id/peer/lord-hastings-of-scarisbrick
Lord Hastings;context=http://reference.data.gov.uk/id/peer/lord-hastings-of-scarisbrick
Lord Hattersley;context=http://reference.data.gov.uk/id/peer/lord-hattersley
Lord Haworth;context=http://reference.data.gov.uk/id/peer/lord-haworth
Lord Hayhoe;context=http://reference.data.gov.uk/id/peer/lord-hayhoe
Lord Healey;context=http://reference.data.gov.uk/id/peer/lord-healey
Lord Henley;context=http://reference.data.gov.uk/id/peer/lord-henley
Lord Heseltine;context=http://reference.data.gov.uk/id/peer/lord-heseltine
Lord Higgins;context=http://reference.data.gov.uk/id/peer/lord-higgins
Lord Hill of Oareford;context=http://reference.data.gov.uk/id/peer/lord-hill-of-oareford
Lord Hill;context=http://reference.data.gov.uk/id/peer/lord-hill-of-oareford
Lord Hodgson of Astley Abbotts;context=http://reference.data.gov.uk/id/peer/lord-hodgson-of-astley-abbotts
Lord Hodgson;context=http://reference.data.gov.uk/id/peer/lord-hodgson-of-astley-abbotts
Lord Hoffmann;context=http://reference.data.gov.uk/id/peer/lord-hoffmann
Lord Hollick;context=http://reference.data.gov.uk/id/peer/lord-hollick
Lord Hooson;context=http://reference.data.gov.uk/id/peer/lord-hooson
Lord Hope of Craighead;context=http://reference.data.gov.uk/id/peer/lord-hope-of-craighead
Lord Hope of Thornes;context=http://reference.data.gov.uk/id/peer/lord-hope-of-thornes
Lord Howard of Rising;context=http://reference.data.gov.uk/id/peer/lord-howard-of-rising
Lord Howard;context=http://reference.data.gov.uk/id/peer/lord-howard-of-rising
Lord Howarth of Newport;context=http://reference.data.gov.uk/id/peer/lord-howarth-of-newport
Lord Howarth;context=http://reference.data.gov.uk/id/peer/lord-howarth-of-newport
Lord Howe of Aberavon;context=http://reference.data.gov.uk/id/peer/lord-howe-of-aberavon
Lord Howe;context=http://reference.data.gov.uk/id/peer/lord-howe-of-aberavon
Lord Howell of Guildford;context=http://reference.data.gov.uk/id/peer/lord-howell-of-guildford
Lord Howell;context=http://reference.data.gov.uk/id/peer/lord-howell-of-guildford
Lord Howie of Troon;context=http://reference.data.gov.uk/id/peer/lord-howie-of-troon
Lord Howie;context=http://reference.data.gov.uk/id/peer/lord-howie-of-troon
Lord Hoyle;context=http://reference.data.gov.uk/id/peer/lord-hoyle
Lord Hughes of Woodside;context=http://reference.data.gov.uk/id/peer/lord-hughes-of-woodside
Lord Hughes;context=http://reference.data.gov.uk/id/peer/lord-hughes-of-woodside
Lord Hunt of Chesterton;context=http://reference.data.gov.uk/id/peer/lord-hunt-of-chesterton
Lord Hunt of Kings Heath;context=http://reference.data.gov.uk/id/peer/lord-hunt-of-kings-heath
Lord Hunt of Wirral;context=http://reference.data.gov.uk/id/peer/lord-hunt-of-wirral
Lord Hurd of Westwell;context=http://reference.data.gov.uk/id/peer/lord-hurd-of-westwell
Lord Hurd;context=http://reference.data.gov.uk/id/peer/lord-hurd-of-westwell
Lord Hutchinson of Lullington;context=http://reference.data.gov.uk/id/peer/lord-hutchinson-of-lullington
Lord Hutchinson;context=http://reference.data.gov.uk/id/peer/lord-hutchinson-of-lullington
Lord Hutton;context=http://reference.data.gov.uk/id/peer/lord-hutton
Lord Hylton;context=http://reference.data.gov.uk/id/peer/lord-hylton
Lord Imbert;context=http://reference.data.gov.uk/id/peer/lord-imbert
Lord Inge;context=http://reference.data.gov.uk/id/peer/lord-inge
Lord Inglewood;context=http://reference.data.gov.uk/id/peer/lord-inglewood
Lord Irvine of Lairg;context=http://reference.data.gov.uk/id/peer/lord-irvine-of-lairg
Lord Irvine;context=http://reference.data.gov.uk/id/peer/lord-irvine-of-lairg
Lord Jacobs;context=http://reference.data.gov.uk/id/peer/lord-jacobs
Lord James of Blackheath;context=http://reference.data.gov.uk/id/peer/lord-james-of-blackheath
Lord James;context=http://reference.data.gov.uk/id/peer/lord-james-of-blackheath
Lord Janner of Braunstone;context=http://reference.data.gov.uk/id/peer/lord-janner-of-braunstone
Lord Janner;context=http://reference.data.gov.uk/id/peer/lord-janner-of-braunstone
Lord Janvrin;context=http://reference.data.gov.uk/id/peer/lord-janvrin
Lord Jay of Ewelme;context=http://reference.data.gov.uk/id/peer/lord-jay-of-ewelme
Lord Jay;context=http://reference.data.gov.uk/id/peer/lord-jay-of-ewelme
Lord Jenkin of Roding;context=http://reference.data.gov.uk/id/peer/lord-jenkin-of-roding
Lord Jenkin;context=http://reference.data.gov.uk/id/peer/lord-jenkin-of-roding
Lord Joffe;context=http://reference.data.gov.uk/id/peer/lord-joffe
Lord Jones;context=http://reference.data.gov.uk/id/peer/lord-jones
Lord Jones of Birmingham;context=http://reference.data.gov.uk/id/peer/lord-jones-of-birmingham
Lord Jones of Cheltenham;context=http://reference.data.gov.uk/id/peer/lord-jones-of-cheltenham
Lord Jopling;context=http://reference.data.gov.uk/id/peer/lord-jopling
Lord Jordan;context=http://reference.data.gov.uk/id/peer/lord-jordan
Lord Judd;context=http://reference.data.gov.uk/id/peer/lord-judd
Lord Judge;context=http://reference.data.gov.uk/id/peer/lord-judge
Lord Kakkar;context=http://reference.data.gov.uk/id/peer/lord-kakkar
Lord Kalms;context=http://reference.data.gov.uk/id/peer/lord-kalms
Lord Kerr of Kinlochard;context=http://reference.data.gov.uk/id/peer/lord-kerr-of-kinlochard
Lord Kerr of Tonaghmore;context=http://reference.data.gov.uk/id/peer/lord-kerr-of-tonaghmore
Lord Kilclooney;context=http://reference.data.gov.uk/id/peer/lord-kilclooney
Lord Kilpatrick of Kincraig;context=http://reference.data.gov.uk/id/peer/lord-kilpatrick-of-kincraig
Lord Kilpatrick;context=http://reference.data.gov.uk/id/peer/lord-kilpatrick-of-kincraig
Lord Kimball;context=http://reference.data.gov.uk/id/peer/lord-kimball
Lord King of Bridgwater;context=http://reference.data.gov.uk/id/peer/lord-king-of-bridgwater
Lord King of West Bromwich;context=http://reference.data.gov.uk/id/peer/lord-king-of-west-bromwich
Lord Kingsdown;context=http://reference.data.gov.uk/id/peer/lord-kingsdown
Lord Kinnock;context=http://reference.data.gov.uk/id/peer/lord-kinnock
Lord Kirkham;context=http://reference.data.gov.uk/id/peer/lord-kirkham
Lord Kirkhill;context=http://reference.data.gov.uk/id/peer/lord-kirkhill
Lord Kirkwood of Kirkhope;context=http://reference.data.gov.uk/id/peer/lord-kirkwood-of-kirkhope
Lord Kirkwood;context=http://reference.data.gov.uk/id/peer/lord-kirkwood-of-kirkhope
Lord Knights;context=http://reference.data.gov.uk/id/peer/lord-knights
Lord Krebs;context=http://reference.data.gov.uk/id/peer/lord-krebs
Lord Laidlaw;context=http://reference.data.gov.uk/id/peer/lord-laidlaw
Lord Laing of Dunphail;context=http://reference.data.gov.uk/id/peer/lord-laing-of-dunphail
Lord Laing;context=http://reference.data.gov.uk/id/peer/lord-laing-of-dunphail
Lord Laird;context=http://reference.data.gov.uk/id/peer/lord-laird
Lord Laming;context=http://reference.data.gov.uk/id/peer/lord-laming
Lord Lamont of Lerwick;context=http://reference.data.gov.uk/id/peer/lord-lamont-of-lerwick
Lord Lamont;context=http://reference.data.gov.uk/id/peer/lord-lamont-of-lerwick
Lord Lang of Monkton;context=http://reference.data.gov.uk/id/peer/lord-lang-of-monkton
Lord Lang;context=http://reference.data.gov.uk/id/peer/lord-lang-of-monkton
Lord Lawson of Blaby;context=http://reference.data.gov.uk/id/peer/lord-lawson-of-blaby
Lord Lawson;context=http://reference.data.gov.uk/id/peer/lord-lawson-of-blaby
Lord Layard;context=http://reference.data.gov.uk/id/peer/lord-layard
Lord Lea of Crondall;context=http://reference.data.gov.uk/id/peer/lord-lea-of-crondall
Lord Lea;context=http://reference.data.gov.uk/id/peer/lord-lea-of-crondall
Lord Leach of Fairford;context=http://reference.data.gov.uk/id/peer/lord-leach-of-fairford
Lord Leach;context=http://reference.data.gov.uk/id/peer/lord-leach-of-fairford
Lord Lee of Trafford;context=http://reference.data.gov.uk/id/peer/lord-lee-of-trafford
Lord Lee;context=http://reference.data.gov.uk/id/peer/lord-lee-of-trafford
Lord Leitch;context=http://reference.data.gov.uk/id/peer/lord-leitch
Lord Lester of Herne Hill;context=http://reference.data.gov.uk/id/peer/lord-lester-of-herne-hill
Lord Lester;context=http://reference.data.gov.uk/id/peer/lord-lester-of-herne-hill
Lord Levene of Portsoken;context=http://reference.data.gov.uk/id/peer/lord-levene-of-portsoken
Lord Levene;context=http://reference.data.gov.uk/id/peer/lord-levene-of-portsoken
Lord Levy;context=http://reference.data.gov.uk/id/peer/lord-levy
Lord Lewis of Newnham;context=http://reference.data.gov.uk/id/peer/lord-lewis-of-newnham
Lord Lewis;context=http://reference.data.gov.uk/id/peer/lord-lewis-of-newnham
Lord Lipsey;context=http://reference.data.gov.uk/id/peer/lord-lipsey
Lord Livsey of Talgarth;context=http://reference.data.gov.uk/id/peer/lord-livsey-of-talgarth
Lord Livsey;context=http://reference.data.gov.uk/id/peer/lord-livsey-of-talgarth
Lord Lloyd of Berwick;context=http://reference.data.gov.uk/id/peer/lord-lloyd-of-berwick
Lord Lloyd;context=http://reference.data.gov.uk/id/peer/lord-lloyd-of-berwick
Lord Lloyd-Webber;context=http://reference.data.gov.uk/id/peer/lord-lloyd-webber
Lord Lofthouse of Pontefract;context=http://reference.data.gov.uk/id/peer/lord-lofthouse-of-pontefract
Lord Lofthouse;context=http://reference.data.gov.uk/id/peer/lord-lofthouse-of-pontefract
Lord Low of Dalston;context=http://reference.data.gov.uk/id/peer/lord-low-of-dalston
Lord Low;context=http://reference.data.gov.uk/id/peer/lord-low-of-dalston
Lord Lucas;context=http://reference.data.gov.uk/id/peer/lord-lucas
Lord Luce;context=http://reference.data.gov.uk/id/peer/lord-luce
Lord Luke;context=http://reference.data.gov.uk/id/peer/lord-luke
Lord Lyell;context=http://reference.data.gov.uk/id/peer/lord-lyell
Lord Lyell of Markyate;context=http://reference.data.gov.uk/id/peer/lord-lyell-of-markyate
Lord Lyell;context=http://reference.data.gov.uk/id/peer/lord-lyell-of-markyate
Lord MacGregor of Pulham Market;context=http://reference.data.gov.uk/id/peer/lord-macgregor-of-pulham-market
Lord MacGregor;context=http://reference.data.gov.uk/id/peer/lord-macgregor-of-pulham-market
Lord MacKenzie of Culkein;context=http://reference.data.gov.uk/id/peer/lord-mackenzie-of-culkein
Lord MacKenzie;context=http://reference.data.gov.uk/id/peer/lord-mackenzie-of-culkein
Lord MacLaurin of Knebworth;context=http://reference.data.gov.uk/id/peer/lord-maclaurin-of-knebworth
Lord MacLaurin;context=http://reference.data.gov.uk/id/peer/lord-maclaurin-of-knebworth
Lord Macaulay of Bragar;context=http://reference.data.gov.uk/id/peer/lord-macaulay-of-bragar
Lord Macaulay;context=http://reference.data.gov.uk/id/peer/lord-macaulay-of-bragar
Lord Macdonald of Tradeston;context=http://reference.data.gov.uk/id/peer/lord-macdonald-of-tradeston
Lord Macdonald;context=http://reference.data.gov.uk/id/peer/lord-macdonald-of-tradeston
Lord Macfarlane of Bearsden;context=http://reference.data.gov.uk/id/peer/lord-macfarlane-of-bearsden
Lord Macfarlane;context=http://reference.data.gov.uk/id/peer/lord-macfarlane-of-bearsden
Lord Mackay of Clashfern;context=http://reference.data.gov.uk/id/peer/lord-mackay-of-clashfern
Lord Mackay of Drumadoon;context=http://reference.data.gov.uk/id/peer/lord-mackay-of-drumadoon
Lord Mackenzie of Framwellgate;context=http://reference.data.gov.uk/id/peer/lord-mackenzie-of-framwellgate
Lord Mackenzie;context=http://reference.data.gov.uk/id/peer/lord-mackenzie-of-framwellgate
Lord Mackie of Benshie;context=http://reference.data.gov.uk/id/peer/lord-mackie-of-benshie
Lord Mackie;context=http://reference.data.gov.uk/id/peer/lord-mackie-of-benshie
Lord Maclennan of Rogart;context=http://reference.data.gov.uk/id/peer/lord-maclennan-of-rogart
Lord Maclennan;context=http://reference.data.gov.uk/id/peer/lord-maclennan-of-rogart
Lord Maginnis of Drumglass;context=http://reference.data.gov.uk/id/peer/lord-maginnis-of-drumglass
Lord Maginnis;context=http://reference.data.gov.uk/id/peer/lord-maginnis-of-drumglass
Lord Malloch-Brown;context=http://reference.data.gov.uk/id/peer/lord-malloch-brown
Lord Mance;context=http://reference.data.gov.uk/id/peer/lord-mance
Lord Mancroft;context=http://reference.data.gov.uk/id/peer/lord-mancroft
Lord Mandelson;context=http://reference.data.gov.uk/id/peer/lord-mandelson
Lord Marland;context=http://reference.data.gov.uk/id/peer/lord-marland
Lord Marlesford;context=http://reference.data.gov.uk/id/peer/lord-marlesford
Lord Marsh;context=http://reference.data.gov.uk/id/peer/lord-marsh
Lord Marshall of Knightsbridge;context=http://reference.data.gov.uk/id/peer/lord-marshall-of-knightsbridge
Lord Marshall;context=http://reference.data.gov.uk/id/peer/lord-marshall-of-knightsbridge
Lord Martin of Springburn;context=http://reference.data.gov.uk/id/peer/lord-martin-of-springburn
Lord Martin;context=http://reference.data.gov.uk/id/peer/lord-martin-of-springburn
Lord Mason of Barnsley;context=http://reference.data.gov.uk/id/peer/lord-mason-of-barnsley
Lord Mason;context=http://reference.data.gov.uk/id/peer/lord-mason-of-barnsley
Lord Mawhinney;context=http://reference.data.gov.uk/id/peer/lord-mawhinney
Lord Mawson;context=http://reference.data.gov.uk/id/peer/lord-mawson
Lord Maxton;context=http://reference.data.gov.uk/id/peer/lord-maxton
Lord May of Oxford;context=http://reference.data.gov.uk/id/peer/lord-may-of-oxford
Lord May;context=http://reference.data.gov.uk/id/peer/lord-may-of-oxford
Lord Mayhew of Twysden;context=http://reference.data.gov.uk/id/peer/lord-mayhew-of-twysden
Lord Mayhew;context=http://reference.data.gov.uk/id/peer/lord-mayhew-of-twysden
Lord McAlpine of West Green;context=http://reference.data.gov.uk/id/peer/lord-mcalpine-of-west-green
Lord McAlpine;context=http://reference.data.gov.uk/id/peer/lord-mcalpine-of-west-green
Lord McCarthy;context=http://reference.data.gov.uk/id/peer/lord-mccarthy
Lord McCluskey;context=http://reference.data.gov.uk/id/peer/lord-mccluskey
Lord McColl of Dulwich;context=http://reference.data.gov.uk/id/peer/lord-mccoll-of-dulwich
Lord McColl;context=http://reference.data.gov.uk/id/peer/lord-mccoll-of-dulwich
Lord McIntosh of Haringey;context=http://reference.data.gov.uk/id/peer/lord-mcintosh-of-haringey
Lord McIntosh;context=http://reference.data.gov.uk/id/peer/lord-mcintosh-of-haringey
Lord McKenzie of Luton;context=http://reference.data.gov.uk/id/peer/lord-mckenzie-of-luton
Lord McKenzie;context=http://reference.data.gov.uk/id/peer/lord-mckenzie-of-luton
Lord McNally;context=http://reference.data.gov.uk/id/peer/lord-mcnally
Lord Methuen;context=http://reference.data.gov.uk/id/peer/lord-methuen
Lord Millett;context=http://reference.data.gov.uk/id/peer/lord-millett
Lord Mitchell;context=http://reference.data.gov.uk/id/peer/lord-mitchell
Lord Mogg;context=http://reference.data.gov.uk/id/peer/lord-mogg
Lord Molyneaux of Killead;context=http://reference.data.gov.uk/id/peer/lord-molyneaux-of-killead
Lord Molyneaux;context=http://reference.data.gov.uk/id/peer/lord-molyneaux-of-killead
Lord Monson;context=http://reference.data.gov.uk/id/peer/lord-monson
Lord Montagu of Beaulieu;context=http://reference.data.gov.uk/id/peer/lord-montagu-of-beaulieu
Lord Montagu;context=http://reference.data.gov.uk/id/peer/lord-montagu-of-beaulieu
Lord Moonie;context=http://reference.data.gov.uk/id/peer/lord-moonie
Lord Moore of Lower Marsh;context=http://reference.data.gov.uk/id/peer/lord-moore-of-lower-marsh
Lord Moore;context=http://reference.data.gov.uk/id/peer/lord-moore-of-lower-marsh
Lord Moran;context=http://reference.data.gov.uk/id/peer/lord-moran
Lord Morgan;context=http://reference.data.gov.uk/id/peer/lord-morgan
Lord Morris of Aberavon;context=http://reference.data.gov.uk/id/peer/lord-morris-of-aberavon
Lord Morris of Handsworth;context=http://reference.data.gov.uk/id/peer/lord-morris-of-handsworth
Lord Morris of Manchester;context=http://reference.data.gov.uk/id/peer/lord-morris-of-manchester
Lord Morrow;context=http://reference.data.gov.uk/id/peer/lord-morrow
Lord Moser;context=http://reference.data.gov.uk/id/peer/lord-moser
Lord Moynihan;context=http://reference.data.gov.uk/id/peer/lord-moynihan
Lord Mustill;context=http://reference.data.gov.uk/id/peer/lord-mustill
Lord Myners;context=http://reference.data.gov.uk/id/peer/lord-myners
Lord Naseby;context=http://reference.data.gov.uk/id/peer/lord-naseby
Lord Neill of Bladen;context=http://reference.data.gov.uk/id/peer/lord-neill-of-bladen
Lord Neill;context=http://reference.data.gov.uk/id/peer/lord-neill-of-bladen
Lord Neuberger of Abbotsbury;context=http://reference.data.gov.uk/id/peer/lord-neuberger-of-abbotsbury
Lord Neuberger;context=http://reference.data.gov.uk/id/peer/lord-neuberger-of-abbotsbury
Lord Newby;context=http://reference.data.gov.uk/id/peer/lord-newby
Lord Newton of Braintree;context=http://reference.data.gov.uk/id/peer/lord-newton-of-braintree
Lord Newton;context=http://reference.data.gov.uk/id/peer/lord-newton-of-braintree
Lord Nicholls of Birkenhead;context=http://reference.data.gov.uk/id/peer/lord-nicholls-of-birkenhead
Lord Nicholls;context=http://reference.data.gov.uk/id/peer/lord-nicholls-of-birkenhead
Lord Nickson;context=http://reference.data.gov.uk/id/peer/lord-nickson
Lord Northbourne;context=http://reference.data.gov.uk/id/peer/lord-northbourne
Lord Northbrook;context=http://reference.data.gov.uk/id/peer/lord-northbrook
Lord Northfield;context=http://reference.data.gov.uk/id/peer/lord-northfield
Lord Norton of Louth;context=http://reference.data.gov.uk/id/peer/lord-norton-of-louth
Lord Norton;context=http://reference.data.gov.uk/id/peer/lord-norton-of-louth
Lord O'Neill of Clackmannan;context=http://reference.data.gov.uk/id/peer/lord-o'neill-of-clackmannan
Lord O'Neill;context=http://reference.data.gov.uk/id/peer/lord-o'neill-of-clackmannan
Lord Oakeshott of Seagrove Bay;context=http://reference.data.gov.uk/id/peer/lord-oakeshott-of-seagrove-bay
Lord Oakeshott;context=http://reference.data.gov.uk/id/peer/lord-oakeshott-of-seagrove-bay
Lord Ouseley;context=http://reference.data.gov.uk/id/peer/lord-ouseley
Lord Owen;context=http://reference.data.gov.uk/id/peer/lord-owen
Lord Oxburgh;context=http://reference.data.gov.uk/id/peer/lord-oxburgh
Lord Palmer;context=http://reference.data.gov.uk/id/peer/lord-palmer
Lord Palumbo;context=http://reference.data.gov.uk/id/peer/lord-palumbo
Lord Pannick;context=http://reference.data.gov.uk/id/peer/lord-pannick
Lord Parekh;context=http://reference.data.gov.uk/id/peer/lord-parekh
Lord Parkinson;context=http://reference.data.gov.uk/id/peer/lord-parkinson
Lord Patel;context=http://reference.data.gov.uk/id/peer/lord-patel
Lord Patel of Blackburn;context=http://reference.data.gov.uk/id/peer/lord-patel-of-blackburn
Lord Patel of Bradford;context=http://reference.data.gov.uk/id/peer/lord-patel-of-bradford
Lord Patten;context=http://reference.data.gov.uk/id/peer/lord-patten
Lord Patten of Barnes;context=http://reference.data.gov.uk/id/peer/lord-patten-of-barnes
Lord Patten;context=http://reference.data.gov.uk/id/peer/lord-patten-of-barnes
Lord Paul;context=http://reference.data.gov.uk/id/peer/lord-paul
Lord Pearson of Rannoch;context=http://reference.data.gov.uk/id/peer/lord-pearson-of-rannoch
Lord Pearson;context=http://reference.data.gov.uk/id/peer/lord-pearson-of-rannoch
Lord Pendry;context=http://reference.data.gov.uk/id/peer/lord-pendry
Lord Peston;context=http://reference.data.gov.uk/id/peer/lord-peston
Lord Phillips of Sudbury;context=http://reference.data.gov.uk/id/peer/lord-phillips-of-sudbury
Lord Phillips of Worth Matravers;context=http://reference.data.gov.uk/id/peer/lord-phillips-of-worth-matravers
Lord Pilkington of Oxenford;context=http://reference.data.gov.uk/id/peer/lord-pilkington-of-oxenford
Lord Pilkington;context=http://reference.data.gov.uk/id/peer/lord-pilkington-of-oxenford
Lord Plant of Highfield;context=http://reference.data.gov.uk/id/peer/lord-plant-of-highfield
Lord Plant;context=http://reference.data.gov.uk/id/peer/lord-plant-of-highfield
Lord Plumb;context=http://reference.data.gov.uk/id/peer/lord-plumb
Lord Ponsonby of Shulbrede;context=http://reference.data.gov.uk/id/peer/lord-ponsonby-of-shulbrede
Lord Ponsonby;context=http://reference.data.gov.uk/id/peer/lord-ponsonby-of-shulbrede
Lord Powell of Bayswater;context=http://reference.data.gov.uk/id/peer/lord-powell-of-bayswater
Lord Powell;context=http://reference.data.gov.uk/id/peer/lord-powell-of-bayswater
Lord Prior;context=http://reference.data.gov.uk/id/peer/lord-prior
Lord Prys-Davies;context=http://reference.data.gov.uk/id/peer/lord-prys-davies
Lord Puttnam;context=http://reference.data.gov.uk/id/peer/lord-puttnam
Lord Quinton;context=http://reference.data.gov.uk/id/peer/lord-quinton
Lord Quirk;context=http://reference.data.gov.uk/id/peer/lord-quirk
Lord Radice;context=http://reference.data.gov.uk/id/peer/lord-radice
Lord Ramsbotham;context=http://reference.data.gov.uk/id/peer/lord-ramsbotham
Lord Rana;context=http://reference.data.gov.uk/id/peer/lord-rana
Lord Randall of St Budeaux;context=http://reference.data.gov.uk/id/peer/lord-randall-of-st-budeaux
Lord Randall;context=http://reference.data.gov.uk/id/peer/lord-randall-of-st-budeaux
Lord Razzall;context=http://reference.data.gov.uk/id/peer/lord-razzall
Lord Rea;context=http://reference.data.gov.uk/id/peer/lord-rea
Lord Reay;context=http://reference.data.gov.uk/id/peer/lord-reay
Lord Redesdale;context=http://reference.data.gov.uk/id/peer/lord-redesdale
Lord Rees of Ludlow;context=http://reference.data.gov.uk/id/peer/lord-rees-of-ludlow
Lord Rees;context=http://reference.data.gov.uk/id/peer/lord-rees-of-ludlow
Lord Rees-Mogg;context=http://reference.data.gov.uk/id/peer/lord-rees-mogg
Lord Renfrew of Kaimsthorn;context=http://reference.data.gov.uk/id/peer/lord-renfrew-of-kaimsthorn
Lord Renfrew;context=http://reference.data.gov.uk/id/peer/lord-renfrew-of-kaimsthorn
Lord Rennard;context=http://reference.data.gov.uk/id/peer/lord-rennard
Lord Renton of Mount Harry;context=http://reference.data.gov.uk/id/peer/lord-renton-of-mount-harry
Lord Renton;context=http://reference.data.gov.uk/id/peer/lord-renton-of-mount-harry
Lord Renwick of Clifton;context=http://reference.data.gov.uk/id/peer/lord-renwick-of-clifton
Lord Renwick;context=http://reference.data.gov.uk/id/peer/lord-renwick-of-clifton
Lord Richard;context=http://reference.data.gov.uk/id/peer/lord-richard
Lord Rix;context=http://reference.data.gov.uk/id/peer/lord-rix
Lord Roberts of Conwy;context=http://reference.data.gov.uk/id/peer/lord-roberts-of-conwy
Lord Roberts of Llandudno;context=http://reference.data.gov.uk/id/peer/lord-roberts-of-llandudno
Lord Robertson of Port Ellen;context=http://reference.data.gov.uk/id/peer/lord-robertson-of-port-ellen
Lord Robertson;context=http://reference.data.gov.uk/id/peer/lord-robertson-of-port-ellen
Lord Rodger of Earlsferry;context=http://reference.data.gov.uk/id/peer/lord-rodger-of-earlsferry
Lord Rodger;context=http://reference.data.gov.uk/id/peer/lord-rodger-of-earlsferry
Lord Rodgers of Quarry Bank;context=http://reference.data.gov.uk/id/peer/lord-rodgers-of-quarry-bank
Lord Rodgers;context=http://reference.data.gov.uk/id/peer/lord-rodgers-of-quarry-bank
Lord Rogan;context=http://reference.data.gov.uk/id/peer/lord-rogan
Lord Rogers of Riverside;context=http://reference.data.gov.uk/id/peer/lord-rogers-of-riverside
Lord Rogers;context=http://reference.data.gov.uk/id/peer/lord-rogers-of-riverside
Lord Rooker;context=http://reference.data.gov.uk/id/peer/lord-rooker
Lord Roper;context=http://reference.data.gov.uk/id/peer/lord-roper
Lord Rosser;context=http://reference.data.gov.uk/id/peer/lord-rosser
Lord Rotherwick;context=http://reference.data.gov.uk/id/peer/lord-rotherwick
Lord Rowe-Beddoe;context=http://reference.data.gov.uk/id/peer/lord-rowe-beddoe
Lord Rowlands;context=http://reference.data.gov.uk/id/peer/lord-rowlands
Lord Ryder of Wensum;context=http://reference.data.gov.uk/id/peer/lord-ryder-of-wensum
Lord Ryder;context=http://reference.data.gov.uk/id/peer/lord-ryder-of-wensum
Lord Saatchi;context=http://reference.data.gov.uk/id/peer/lord-saatchi
Lord Sacks;context=http://reference.data.gov.uk/id/peer/lord-sacks
Lord Sainsbury of Preston Candover;context=http://reference.data.gov.uk/id/peer/lord-sainsbury-of-preston-candover
Lord Sainsbury of Turville;context=http://reference.data.gov.uk/id/peer/lord-sainsbury-of-turville
Lord Sandberg;context=http://reference.data.gov.uk/id/peer/lord-sandberg
Lord Sanderson of Bowden;context=http://reference.data.gov.uk/id/peer/lord-sanderson-of-bowden
Lord Sanderson;context=http://reference.data.gov.uk/id/peer/lord-sanderson-of-bowden
Lord Sassoon;context=http://reference.data.gov.uk/id/peer/lord-sassoon
Lord Saville of Newdigate;context=http://reference.data.gov.uk/id/peer/lord-saville-of-newdigate
Lord Saville;context=http://reference.data.gov.uk/id/peer/lord-saville-of-newdigate
Lord Sawyer;context=http://reference.data.gov.uk/id/peer/lord-sawyer
Lord Scott of Foscote;context=http://reference.data.gov.uk/id/peer/lord-scott-of-foscote
Lord Scott;context=http://reference.data.gov.uk/id/peer/lord-scott-of-foscote
Lord Selkirk of Douglas;context=http://reference.data.gov.uk/id/peer/lord-selkirk-of-douglas
Lord Selkirk;context=http://reference.data.gov.uk/id/peer/lord-selkirk-of-douglas
Lord Selsdon;context=http://reference.data.gov.uk/id/peer/lord-selsdon
Lord Sewel;context=http://reference.data.gov.uk/id/peer/lord-sewel
Lord Sharman;context=http://reference.data.gov.uk/id/peer/lord-sharman
Lord Shaw of Northstead;context=http://reference.data.gov.uk/id/peer/lord-shaw-of-northstead
Lord Shaw;context=http://reference.data.gov.uk/id/peer/lord-shaw-of-northstead
Lord Sheikh;context=http://reference.data.gov.uk/id/peer/lord-sheikh
Lord Sheldon;context=http://reference.data.gov.uk/id/peer/lord-sheldon
Lord Sheppard of Didgemere;context=http://reference.data.gov.uk/id/peer/lord-sheppard-of-didgemere
Lord Sheppard;context=http://reference.data.gov.uk/id/peer/lord-sheppard-of-didgemere
Lord Shutt of Greetland;context=http://reference.data.gov.uk/id/peer/lord-shutt-of-greetland
Lord Shutt;context=http://reference.data.gov.uk/id/peer/lord-shutt-of-greetland
Lord Simon of Highbury;context=http://reference.data.gov.uk/id/peer/lord-simon-of-highbury
Lord Simon;context=http://reference.data.gov.uk/id/peer/lord-simon-of-highbury
Lord Simpson of Dunkeld;context=http://reference.data.gov.uk/id/peer/lord-simpson-of-dunkeld
Lord Simpson;context=http://reference.data.gov.uk/id/peer/lord-simpson-of-dunkeld
Lord Skelmersdale;context=http://reference.data.gov.uk/id/peer/lord-skelmersdale
Lord Skidelsky;context=http://reference.data.gov.uk/id/peer/lord-skidelsky
Lord Smith of Clifton;context=http://reference.data.gov.uk/id/peer/lord-smith-of-clifton
Lord Smith of Finsbury;context=http://reference.data.gov.uk/id/peer/lord-smith-of-finsbury
Lord Smith of Kelvin;context=http://reference.data.gov.uk/id/peer/lord-smith-of-kelvin
Lord Smith of Leigh;context=http://reference.data.gov.uk/id/peer/lord-smith-of-leigh
Lord Snape;context=http://reference.data.gov.uk/id/peer/lord-snape
Lord Soley;context=http://reference.data.gov.uk/id/peer/lord-soley
Lord Soulsby of Swaffham Prior;context=http://reference.data.gov.uk/id/peer/lord-soulsby-of-swaffham-prior
Lord Soulsby;context=http://reference.data.gov.uk/id/peer/lord-soulsby-of-swaffham-prior
Lord St John of Bletso;context=http://reference.data.gov.uk/id/peer/lord-st-john-of-bletso
Lord St John of Fawsley;context=http://reference.data.gov.uk/id/peer/lord-st-john-of-fawsley
Lord Steel of Aikwood;context=http://reference.data.gov.uk/id/peer/lord-steel-of-aikwood
Lord Steel;context=http://reference.data.gov.uk/id/peer/lord-steel-of-aikwood
Lord Sterling of Plaistow;context=http://reference.data.gov.uk/id/peer/lord-sterling-of-plaistow
Lord Sterling;context=http://reference.data.gov.uk/id/peer/lord-sterling-of-plaistow
Lord Stern of Brentford;context=http://reference.data.gov.uk/id/peer/lord-stern-of-brentford
Lord Stern;context=http://reference.data.gov.uk/id/peer/lord-stern-of-brentford
Lord Stevens of Kirkwhelpington;context=http://reference.data.gov.uk/id/peer/lord-stevens-of-kirkwhelpington
Lord Stevens of Ludgate;context=http://reference.data.gov.uk/id/peer/lord-stevens-of-ludgate
Lord Stevenson of Coddenham;context=http://reference.data.gov.uk/id/peer/lord-stevenson-of-coddenham
Lord Stevenson;context=http://reference.data.gov.uk/id/peer/lord-stevenson-of-coddenham
Lord Stewartby;context=http://reference.data.gov.uk/id/peer/lord-stewartby
Lord Steyn;context=http://reference.data.gov.uk/id/peer/lord-steyn
Lord Stoddart of Swindon;context=http://reference.data.gov.uk/id/peer/lord-stoddart-of-swindon
Lord Stoddart;context=http://reference.data.gov.uk/id/peer/lord-stoddart-of-swindon
Lord Stone of Blackheath;context=http://reference.data.gov.uk/id/peer/lord-stone-of-blackheath
Lord Stone;context=http://reference.data.gov.uk/id/peer/lord-stone-of-blackheath
Lord Strabolgi;context=http://reference.data.gov.uk/id/peer/lord-strabolgi
Lord Strathclyde;context=http://reference.data.gov.uk/id/peer/lord-strathclyde
Lord Sugar;context=http://reference.data.gov.uk/id/peer/lord-sugar
Lord Sutherland of Houndwood;context=http://reference.data.gov.uk/id/peer/lord-sutherland-of-houndwood
Lord Sutherland;context=http://reference.data.gov.uk/id/peer/lord-sutherland-of-houndwood
Lord Swinfen;context=http://reference.data.gov.uk/id/peer/lord-swinfen
Lord Tanlaw;context=http://reference.data.gov.uk/id/peer/lord-tanlaw
Lord Taverne;context=http://reference.data.gov.uk/id/peer/lord-taverne
Lord Taylor of Blackburn;context=http://reference.data.gov.uk/id/peer/lord-taylor-of-blackburn
Lord Taylor of Holbeach;context=http://reference.data.gov.uk/id/peer/lord-taylor-of-holbeach
Lord Taylor of Warwick;context=http://reference.data.gov.uk/id/peer/lord-taylor-of-warwick
Lord Tebbit;context=http://reference.data.gov.uk/id/peer/lord-tebbit
Lord Temple-Morris;context=http://reference.data.gov.uk/id/peer/lord-temple-morris
Lord Templeman;context=http://reference.data.gov.uk/id/peer/lord-templeman
Lord Teverson;context=http://reference.data.gov.uk/id/peer/lord-teverson
Lord Thomas of Gresford;context=http://reference.data.gov.uk/id/peer/lord-thomas-of-gresford
Lord Thomas of Macclesfield;context=http://reference.data.gov.uk/id/peer/lord-thomas-of-macclesfield
Lord Thomas of Swynnerton;context=http://reference.data.gov.uk/id/peer/lord-thomas-of-swynnerton
Lord Tombs;context=http://reference.data.gov.uk/id/peer/lord-tombs
Lord Tomlinson;context=http://reference.data.gov.uk/id/peer/lord-tomlinson
Lord Tope;context=http://reference.data.gov.uk/id/peer/lord-tope
Lord Tordoff;context=http://reference.data.gov.uk/id/peer/lord-tordoff
Lord Trefgarne;context=http://reference.data.gov.uk/id/peer/lord-trefgarne
Lord Triesman;context=http://reference.data.gov.uk/id/peer/lord-triesman
Lord Trimble;context=http://reference.data.gov.uk/id/peer/lord-trimble
Lord Truscott;context=http://reference.data.gov.uk/id/peer/lord-truscott
Lord Tugendhat;context=http://reference.data.gov.uk/id/peer/lord-tugendhat
Lord Tunnicliffe;context=http://reference.data.gov.uk/id/peer/lord-tunnicliffe
Lord Turnberg;context=http://reference.data.gov.uk/id/peer/lord-turnberg
Lord Turnbull;context=http://reference.data.gov.uk/id/peer/lord-turnbull
Lord Turner of Ecchinswell;context=http://reference.data.gov.uk/id/peer/lord-turner-of-ecchinswell
Lord Turner;context=http://reference.data.gov.uk/id/peer/lord-turner-of-ecchinswell
Lord Tyler;context=http://reference.data.gov.uk/id/peer/lord-tyler
Lord Vallance of Tummel;context=http://reference.data.gov.uk/id/peer/lord-vallance-of-tummel
Lord Vallance;context=http://reference.data.gov.uk/id/peer/lord-vallance-of-tummel
Lord Vincent of Coleshill;context=http://reference.data.gov.uk/id/peer/lord-vincent-of-coleshill
Lord Vincent;context=http://reference.data.gov.uk/id/peer/lord-vincent-of-coleshill
Lord Vinson;context=http://reference.data.gov.uk/id/peer/lord-vinson
Lord Waddington;context=http://reference.data.gov.uk/id/peer/lord-waddington
Lord Wade of Chorlton;context=http://reference.data.gov.uk/id/peer/lord-wade-of-chorlton
Lord Wade;context=http://reference.data.gov.uk/id/peer/lord-wade-of-chorlton
Lord Wakeham;context=http://reference.data.gov.uk/id/peer/lord-wakeham
Lord Waldegrave of North Hill;context=http://reference.data.gov.uk/id/peer/lord-waldegrave-of-north-hill
Lord Waldegrave;context=http://reference.data.gov.uk/id/peer/lord-waldegrave-of-north-hill
Lord Walker of Aldringham;context=http://reference.data.gov.uk/id/peer/lord-walker-of-aldringham
Lord Walker of Gestingthorpe;context=http://reference.data.gov.uk/id/peer/lord-walker-of-gestingthorpe
Lord Walker of Worcester;context=http://reference.data.gov.uk/id/peer/lord-walker-of-worcester
Lord Wallace of Saltaire;context=http://reference.data.gov.uk/id/peer/lord-wallace-of-saltaire
Lord Wallace of Tankerness;context=http://reference.data.gov.uk/id/peer/lord-wallace-of-tankerness
Lord Walpole;context=http://reference.data.gov.uk/id/peer/lord-walpole
Lord Walton of Detchant;context=http://reference.data.gov.uk/id/peer/lord-walton-of-detchant
Lord Walton;context=http://reference.data.gov.uk/id/peer/lord-walton-of-detchant
Lord Warner;context=http://reference.data.gov.uk/id/peer/lord-warner
Lord Watson of Invergowrie;context=http://reference.data.gov.uk/id/peer/lord-watson-of-invergowrie
Lord Watson of Richmond;context=http://reference.data.gov.uk/id/peer/lord-watson-of-richmond
Lord Wedderburn of Charlton;context=http://reference.data.gov.uk/id/peer/lord-wedderburn-of-charlton
Lord Wedderburn;context=http://reference.data.gov.uk/id/peer/lord-wedderburn-of-charlton
Lord Wei;context=http://reference.data.gov.uk/id/peer/lord-wei
Lord Weidenfeld;context=http://reference.data.gov.uk/id/peer/lord-weidenfeld
Lord West of Spithead;context=http://reference.data.gov.uk/id/peer/lord-west-of-spithead
Lord West;context=http://reference.data.gov.uk/id/peer/lord-west-of-spithead
Lord Whitty;context=http://reference.data.gov.uk/id/peer/lord-whitty
Lord Williams of Elvel;context=http://reference.data.gov.uk/id/peer/lord-williams-of-elvel
Lord Williams;context=http://reference.data.gov.uk/id/peer/lord-williams-of-elvel
Lord Williamson of Horton;context=http://reference.data.gov.uk/id/peer/lord-williamson-of-horton
Lord Williamson;context=http://reference.data.gov.uk/id/peer/lord-williamson-of-horton
Lord Willoughby de Broke;context=http://reference.data.gov.uk/id/peer/lord-willoughby-de-broke
Lord Wilson of Dinton;context=http://reference.data.gov.uk/id/peer/lord-wilson-of-dinton
Lord Wilson of Tillyorn;context=http://reference.data.gov.uk/id/peer/lord-wilson-of-tillyorn
Lord Windlesham;context=http://reference.data.gov.uk/id/peer/lord-windlesham
Lord Winston;context=http://reference.data.gov.uk/id/peer/lord-winston
Lord Wolfson of Sunningdale;context=http://reference.data.gov.uk/id/peer/lord-wolfson-of-sunningdale
Lord Wolfson;context=http://reference.data.gov.uk/id/peer/lord-wolfson-of-sunningdale
Lord Woolf;context=http://reference.data.gov.uk/id/peer/lord-woolf
Lord Woolmer of Leeds;context=http://reference.data.gov.uk/id/peer/lord-woolmer-of-leeds
Lord Woolmer;context=http://reference.data.gov.uk/id/peer/lord-woolmer-of-leeds
Lord Wright of Richmond;context=http://reference.data.gov.uk/id/peer/lord-wright-of-richmond
Lord Wright;context=http://reference.data.gov.uk/id/peer/lord-wright-of-richmond
Lord Young of Graffham;context=http://reference.data.gov.uk/id/peer/lord-young-of-graffham
Lord Young of Norwood Green;context=http://reference.data.gov.uk/id/peer/lord-young-of-norwood-green
Lord de Mauley;context=http://reference.data.gov.uk/id/peer/lord-de-mauley
The Archbishop of Canterbury;context=http://reference.data.gov.uk/id/peer/archbishop-of-canterbury
The Archbishop of York;context=http://reference.data.gov.uk/id/peer/archbishop-of-york
The Bishop of Bath and Wells;context=http://reference.data.gov.uk/id/peer/bishop-of-bath-and-wells
The Bishop of Blackburn;context=http://reference.data.gov.uk/id/peer/bishop-of-blackburn
The Bishop of Bradford;context=http://reference.data.gov.uk/id/peer/bishop-of-bradford
The Bishop of Bristol;context=http://reference.data.gov.uk/id/peer/bishop-of-bristol
The Bishop of Chester;context=http://reference.data.gov.uk/id/peer/bishop-of-chester
The Bishop of Chichester;context=http://reference.data.gov.uk/id/peer/bishop-of-chichester
The Bishop of Durham;context=http://reference.data.gov.uk/id/peer/bishop-of-durham
The Bishop of Exeter;context=http://reference.data.gov.uk/id/peer/bishop-of-exeter
The Bishop of Gloucester;context=http://reference.data.gov.uk/id/peer/bishop-of-gloucester
The Bishop of Guildford;context=http://reference.data.gov.uk/id/peer/bishop-of-guildford
The Bishop of Hereford;context=http://reference.data.gov.uk/id/peer/bishop-of-hereford
The Bishop of Leicester;context=http://reference.data.gov.uk/id/peer/bishop-of-leicester
The Bishop of Lichfield;context=http://reference.data.gov.uk/id/peer/bishop-of-lichfield
The Bishop of Lincoln;context=http://reference.data.gov.uk/id/peer/bishop-of-lincoln
The Bishop of Liverpool;context=http://reference.data.gov.uk/id/peer/bishop-of-liverpool
The Bishop of London;context=http://reference.data.gov.uk/id/peer/bishop-of-london
The Bishop of Manchester;context=http://reference.data.gov.uk/id/peer/bishop-of-manchester
The Bishop of Newcastle;context=http://reference.data.gov.uk/id/peer/bishop-of-newcastle
The Bishop of Norwich;context=http://reference.data.gov.uk/id/peer/bishop-of-norwich
The Bishop of Ripon and Leeds;context=http://reference.data.gov.uk/id/peer/bishop-of-ripon-and-leeds
The Bishop of Salisbury;context=http://reference.data.gov.uk/id/peer/bishop-of-salisbury
The Bishop of Wakefield;context=http://reference.data.gov.uk/id/peer/bishop-of-wakefield
The Bishop of Winchester;context=http://reference.data.gov.uk/id/peer/bishop-of-winchester
The Countess of Mar;context=http://reference.data.gov.uk/id/peer/countess-of-mar
The Duke of Montrose;context=http://reference.data.gov.uk/id/peer/duke-of-montrose
The Duke of Norfolk;context=http://reference.data.gov.uk/id/peer/duke-of-norfolk
The Earl of Arran;context=http://reference.data.gov.uk/id/peer/earl-of-arran
The Earl of Caithness;context=http://reference.data.gov.uk/id/peer/earl-of-caithness
The Earl of Courtown;context=http://reference.data.gov.uk/id/peer/earl-of-courtown
The Earl of Crawford and Balcarres;context=http://reference.data.gov.uk/id/peer/earl-of-crawford-and-balcarres
The Earl of Dundee;context=http://reference.data.gov.uk/id/peer/earl-of-dundee
The Earl of Erroll;context=http://reference.data.gov.uk/id/peer/earl-of-erroll
The Earl of Glasgow;context=http://reference.data.gov.uk/id/peer/earl-of-glasgow
The Earl of Home;context=http://reference.data.gov.uk/id/peer/earl-of-home
The Earl of Lindsay;context=http://reference.data.gov.uk/id/peer/earl-of-lindsay
The Earl of Listowel;context=http://reference.data.gov.uk/id/peer/earl-of-listowel
The Earl of Liverpool;context=http://reference.data.gov.uk/id/peer/earl-of-liverpool
The Earl of Mar and Kellie;context=http://reference.data.gov.uk/id/peer/earl-of-mar-and-kellie
The Earl of Onslow;context=http://reference.data.gov.uk/id/peer/earl-of-onslow
The Earl of Rosslyn;context=http://reference.data.gov.uk/id/peer/earl-of-rosslyn
The Earl of Sandwich;context=http://reference.data.gov.uk/id/peer/earl-of-sandwich
The Earl of Selborne;context=http://reference.data.gov.uk/id/peer/earl-of-selborne
The Earl of Shrewsbury;context=http://reference.data.gov.uk/id/peer/earl-of-shrewsbury
The Earl of Snowdon;context=http://reference.data.gov.uk/id/peer/earl-of-snowdon
The Earl of Stair;context=http://reference.data.gov.uk/id/peer/earl-of-stair
The Marquess of Cholmondeley;context=http://reference.data.gov.uk/id/peer/marquess-of-cholmondeley
The Marquess of Salisbury;context=http://reference.data.gov.uk/id/peer/marquess-of-salisbury
Viscount Allenby of Megiddo;context=http://reference.data.gov.uk/id/peer/viscount-allenby-of-megiddo
Viscount Allenby;context=http://reference.data.gov.uk/id/peer/viscount-allenby-of-megiddo
Viscount Astor;context=http://reference.data.gov.uk/id/peer/viscount-astor
Viscount Bridgeman;context=http://reference.data.gov.uk/id/peer/viscount-bridgeman
Viscount Brookeborough;context=http://reference.data.gov.uk/id/peer/viscount-brookeborough
Viscount Chandos;context=http://reference.data.gov.uk/id/peer/viscount-chandos
Viscount Craigavon;context=http://reference.data.gov.uk/id/peer/viscount-craigavon
Viscount Eccles;context=http://reference.data.gov.uk/id/peer/viscount-eccles
Viscount Falkland;context=http://reference.data.gov.uk/id/peer/viscount-falkland
Viscount Goschen;context=http://reference.data.gov.uk/id/peer/viscount-goschen
Viscount Montgomery of Alamein;context=http://reference.data.gov.uk/id/peer/viscount-montgomery-of-alamein
Viscount Montgomery;context=http://reference.data.gov.uk/id/peer/viscount-montgomery-of-alamein
Viscount Simon;context=http://reference.data.gov.uk/id/peer/viscount-simon
Viscount Slim;context=http://reference.data.gov.uk/id/peer/viscount-slim
Viscount Tenby;context=http://reference.data.gov.uk/id/peer/viscount-tenby
Viscount Trenchard;context=http://reference.data.gov.uk/id/peer/viscount-trenchard
Viscount Ullswater;context=http://reference.data.gov.uk/id/peer/viscount-ullswater
Viscount Waverley;context=http://reference.data.gov.uk/id/peer/viscount-waverley
