Aberdeen City Council;format=long;context=http://statistics.data.gov.uk/id/local-authority/00QA
Aberdeen City;format=short;context=http://statistics.data.gov.uk/id/local-authority/00QA
Aberdeenshire Council;format=long;context=http://statistics.data.gov.uk/id/local-authority/00QB
Aberdeenshire;format=short;context=http://statistics.data.gov.uk/id/local-authority/00QB
Adur District Council;format=long;context=http://statistics.data.gov.uk/id/local-authority/45UB
Adur;format=short;context=http://statistics.data.gov.uk/id/local-authority/45UB
Allerdale Borough Council;format=long;context=http://statistics.data.gov.uk/id/local-authority/16UB
Allerdale;format=short;context=http://statistics.data.gov.uk/id/local-authority/16UB
Amber Valley Borough Council;format=long;context=http://statistics.data.gov.uk/id/local-authority/17UB
Amber Valley;format=short;context=http://statistics.data.gov.uk/id/local-authority/17UB
Angus Council;format=long;context=http://statistics.data.gov.uk/id/local-authority/00QC
Angus;format=short;context=http://statistics.data.gov.uk/id/local-authority/00QC
Argyll and Bute Council;format=long;context=http://statistics.data.gov.uk/id/local-authority/00QD
Argyll & Bute;format=short;context=http://statistics.data.gov.uk/id/local-authority/00QD
Arun District Council;format=long;context=http://statistics.data.gov.uk/id/local-authority/45UC
Arun;format=short;context=http://statistics.data.gov.uk/id/local-authority/45UC
Ashfield District Council;format=long;context=http://statistics.data.gov.uk/id/local-authority/37UB
Ashfield;format=short;context=http://statistics.data.gov.uk/id/local-authority/37UB
Ashford Borough Council;format=long;context=http://statistics.data.gov.uk/id/local-authority/29UB
Ashford;format=short;context=http://statistics.data.gov.uk/id/local-authority/29UB
Aylesbury Vale District Council;format=long;context=http://statistics.data.gov.uk/id/local-authority/11UB
Aylesbury Vale;format=short;context=http://statistics.data.gov.uk/id/local-authority/11UB
Babergh District Council;format=long;context=http://statistics.data.gov.uk/id/local-authority/42UB
Babergh;format=short;context=http://statistics.data.gov.uk/id/local-authority/42UB
Barking and Dagenham London Borough Council;format=long;context=http://statistics.data.gov.uk/id/local-authority/00AB
Barking and Dagenham Borough Council;format=truncated;context=http://statistics.data.gov.uk/id/local-authority/00AB
Barking and Dagenham;format=short;context=http://statistics.data.gov.uk/id/local-authority/00AB
Barnet London Borough Council;format=long;context=http://statistics.data.gov.uk/id/local-authority/00AC
Barnet Borough Council;format=truncated;context=http://statistics.data.gov.uk/id/local-authority/00AC
Barnet;format=short;context=http://statistics.data.gov.uk/id/local-authority/00AC
Barnsley Borough Council;format=long;context=http://statistics.data.gov.uk/id/local-authority/00CC
Barnsley;format=short;context=http://statistics.data.gov.uk/id/local-authority/00CC
Barrow-in-Furness Borough Council;format=long;context=http://statistics.data.gov.uk/id/local-authority/16UC
Barrow-in-Furness;format=short;context=http://statistics.data.gov.uk/id/local-authority/16UC
Basildon District Council;format=long;context=http://statistics.data.gov.uk/id/local-authority/22UB
Basildon;format=short;context=http://statistics.data.gov.uk/id/local-authority/22UB
Basingstoke and Deane Borough Council;format=long;context=http://statistics.data.gov.uk/id/local-authority/24UB
Basingstoke and Deane;format=short;context=http://statistics.data.gov.uk/id/local-authority/24UB
Bassetlaw District Council;format=long;context=http://statistics.data.gov.uk/id/local-authority/37UC
Bassetlaw;format=short;context=http://statistics.data.gov.uk/id/local-authority/37UC
Bath and North East Somerset District Council;format=long;context=http://statistics.data.gov.uk/id/local-authority/00HA
Bath and North East Somerset;format=short;context=http://statistics.data.gov.uk/id/local-authority/00HA
Bedford Borough Council;format=long;context=http://statistics.data.gov.uk/id/local-authority/00KB
Bedfordshire County Council;format=long;context=http://statistics.data.gov.uk/id/local-authority/09
Bexley London Borough Council;format=long;context=http://statistics.data.gov.uk/id/local-authority/00AD
Bexley Borough Council;format=truncated;context=http://statistics.data.gov.uk/id/local-authority/00AD
Bexley;format=short;context=http://statistics.data.gov.uk/id/local-authority/00AD
Birmingham City Council;format=long;context=http://statistics.data.gov.uk/id/local-authority/00CN
Birmingham;format=short;context=http://statistics.data.gov.uk/id/local-authority/00CN
Blaby District Council;format=long;context=http://statistics.data.gov.uk/id/local-authority/31UB
Blaby;format=short;context=http://statistics.data.gov.uk/id/local-authority/31UB
Blackburn with Darwen Borough Council;format=long;context=http://statistics.data.gov.uk/id/local-authority/00EX
Blackburn with Darwen;format=short;context=http://statistics.data.gov.uk/id/local-authority/00EX
Blackpool Borough Council;format=long;context=http://statistics.data.gov.uk/id/local-authority/00EY
Blackpool;format=short;context=http://statistics.data.gov.uk/id/local-authority/00EY
Blaenau Gwent Borough Council;format=long;context=http://statistics.data.gov.uk/id/local-authority/00PL
Blaenau Gwent;format=short;context=http://statistics.data.gov.uk/id/local-authority/00PL
Bolsover District Council;format=long;context=http://statistics.data.gov.uk/id/local-authority/17UC
Bolsover;format=short;context=http://statistics.data.gov.uk/id/local-authority/17UC
Bolton Borough Council;format=long;context=http://statistics.data.gov.uk/id/local-authority/00BL
Bolton;format=short;context=http://statistics.data.gov.uk/id/local-authority/00BL
Boston Borough Council;format=long;context=http://statistics.data.gov.uk/id/local-authority/32UB
Boston;format=short;context=http://statistics.data.gov.uk/id/local-authority/32UB
Bournemouth Borough Council;format=long;context=http://statistics.data.gov.uk/id/local-authority/00HN
Bournemouth;format=short;context=http://statistics.data.gov.uk/id/local-authority/00HN
Bracknell Forest Borough Council;format=long;context=http://statistics.data.gov.uk/id/local-authority/00MA
Bracknell Forest;format=short;context=http://statistics.data.gov.uk/id/local-authority/00MA
Bradford City Council;format=long;context=http://statistics.data.gov.uk/id/local-authority/00CX
Bradford;format=short;context=http://statistics.data.gov.uk/id/local-authority/00CX
Braintree District Council;format=long;context=http://statistics.data.gov.uk/id/local-authority/22UC
Braintree;format=short;context=http://statistics.data.gov.uk/id/local-authority/22UC
Breckland District Council;format=long;context=http://statistics.data.gov.uk/id/local-authority/33UB
Breckland;format=short;context=http://statistics.data.gov.uk/id/local-authority/33UB
Brent London Borough Council;format=long;context=http://statistics.data.gov.uk/id/local-authority/00AE
Brent Borough Council;format=truncated;context=http://statistics.data.gov.uk/id/local-authority/00AE
Brent;format=short;context=http://statistics.data.gov.uk/id/local-authority/00AE
Brentwood Borough Council;format=long;context=http://statistics.data.gov.uk/id/local-authority/22UD
Brentwood;format=short;context=http://statistics.data.gov.uk/id/local-authority/22UD
Bridgend County Borough Council;format=long;context=http://statistics.data.gov.uk/id/local-authority/00PB
Bridgend;format=short;context=http://statistics.data.gov.uk/id/local-authority/00PB
Brighton and Hove City Council;format=long;context=http://statistics.data.gov.uk/id/local-authority/00ML
Brighton and Hove;format=short;context=http://statistics.data.gov.uk/id/local-authority/00ML
Bristol City Council;format=long;context=http://statistics.data.gov.uk/id/local-authority/00HB
Bristol, City of;format=short;context=http://statistics.data.gov.uk/id/local-authority/00HB
Broadland District Council;format=long;context=http://statistics.data.gov.uk/id/local-authority/33UC
Broadland;format=short;context=http://statistics.data.gov.uk/id/local-authority/33UC
Bromley London Borough Council;format=long;context=http://statistics.data.gov.uk/id/local-authority/00AF
Bromley Borough Council;format=truncated;context=http://statistics.data.gov.uk/id/local-authority/00AF
Bromley;format=short;context=http://statistics.data.gov.uk/id/local-authority/00AF
Bromsgrove District Council;format=long;context=http://statistics.data.gov.uk/id/local-authority/47UB
Bromsgrove;format=short;context=http://statistics.data.gov.uk/id/local-authority/47UB
Broxbourne Borough Council;format=long;context=http://statistics.data.gov.uk/id/local-authority/26UB
Broxbourne;format=short;context=http://statistics.data.gov.uk/id/local-authority/26UB
Broxtowe Borough Council;format=long;context=http://statistics.data.gov.uk/id/local-authority/37UD
Broxtowe;format=short;context=http://statistics.data.gov.uk/id/local-authority/37UD
Buckinghamshire County Council;format=long;context=http://statistics.data.gov.uk/id/local-authority/11
Burnley Borough Council;format=long;context=http://statistics.data.gov.uk/id/local-authority/30UD
Burnley;format=short;context=http://statistics.data.gov.uk/id/local-authority/30UD
Bury Borough Council;format=long;context=http://statistics.data.gov.uk/id/local-authority/00BM
Bury;format=short;context=http://statistics.data.gov.uk/id/local-authority/00BM
Caerphilly County Borough Council;format=long;context=http://statistics.data.gov.uk/id/local-authority/00PK
Caerphilly;format=short;context=http://statistics.data.gov.uk/id/local-authority/00PK
Calderdale Borough Council;format=long;context=http://statistics.data.gov.uk/id/local-authority/00CY
Calderdale;format=short;context=http://statistics.data.gov.uk/id/local-authority/00CY
Cambridge City Council;format=long;context=http://statistics.data.gov.uk/id/local-authority/12UB
Cambridge;format=short;context=http://statistics.data.gov.uk/id/local-authority/12UB
Cambridgeshire County Council;format=long;context=http://statistics.data.gov.uk/id/local-authority/12
Camden London Borough Council;format=long;context=http://statistics.data.gov.uk/id/local-authority/00AG
Camden Borough Council;format=truncated;context=http://statistics.data.gov.uk/id/local-authority/00AG
Camden;format=short;context=http://statistics.data.gov.uk/id/local-authority/00AG
Cannock Chase District Council;format=long;context=http://statistics.data.gov.uk/id/local-authority/41UB
Cannock Chase;format=short;context=http://statistics.data.gov.uk/id/local-authority/41UB
Canterbury City Council;format=long;context=http://statistics.data.gov.uk/id/local-authority/29UC
Canterbury;format=short;context=http://statistics.data.gov.uk/id/local-authority/29UC
Cardiff Council;format=long;context=http://statistics.data.gov.uk/id/local-authority/00PT
Cardiff;format=short;context=http://statistics.data.gov.uk/id/local-authority/00PT
Carlisle City Council;format=long;context=http://statistics.data.gov.uk/id/local-authority/16UD
Carlisle;format=short;context=http://statistics.data.gov.uk/id/local-authority/16UD
Carmarthenshire County Council;format=long;context=http://statistics.data.gov.uk/id/local-authority/00NU
Carmarthenshire;format=short;context=http://statistics.data.gov.uk/id/local-authority/00NU
Castle Point Borough Council;format=long;context=http://statistics.data.gov.uk/id/local-authority/22UE
Castle Point;format=short;context=http://statistics.data.gov.uk/id/local-authority/22UE
Central Bedfordshire Council;format=long;context=http://statistics.data.gov.uk/id/local-authority/00KC
Ceredigion County Council;format=long;context=http://statistics.data.gov.uk/id/local-authority/00NQ
Ceredigion;format=short;context=http://statistics.data.gov.uk/id/local-authority/00NQ
Charnwood Borough Council;format=long;context=http://statistics.data.gov.uk/id/local-authority/31UC
Charnwood;format=short;context=http://statistics.data.gov.uk/id/local-authority/31UC
Chelmsford Borough Council;format=long;context=http://statistics.data.gov.uk/id/local-authority/22UF
Chelmsford;format=short;context=http://statistics.data.gov.uk/id/local-authority/22UF
Cheltenham Borough Council;format=long;context=http://statistics.data.gov.uk/id/local-authority/23UB
Cheltenham;format=short;context=http://statistics.data.gov.uk/id/local-authority/23UB
Cherwell District Council;format=long;context=http://statistics.data.gov.uk/id/local-authority/38UB
Cherwell;format=short;context=http://statistics.data.gov.uk/id/local-authority/38UB
Cheshire County Council;format=long;context=http://statistics.data.gov.uk/id/local-authority/13
Cheshire East Council;format=long;context=http://statistics.data.gov.uk/id/local-authority/00EQ
Cheshire West and Chester Council;format=long;context=http://statistics.data.gov.uk/id/local-authority/00EW
Chesterfield Borough Council;format=long;context=http://statistics.data.gov.uk/id/local-authority/17UD
Chesterfield;format=short;context=http://statistics.data.gov.uk/id/local-authority/17UD
Chichester District Council;format=long;context=http://statistics.data.gov.uk/id/local-authority/45UD
Chichester;format=short;context=http://statistics.data.gov.uk/id/local-authority/45UD
Chiltern District Council;format=long;context=http://statistics.data.gov.uk/id/local-authority/11UC
Chiltern;format=short;context=http://statistics.data.gov.uk/id/local-authority/11UC
Chorley Borough Council;format=long;context=http://statistics.data.gov.uk/id/local-authority/30UE
Chorley;format=short;context=http://statistics.data.gov.uk/id/local-authority/30UE
Christchurch Borough Council;format=long;context=http://statistics.data.gov.uk/id/local-authority/19UC
Christchurch;format=short;context=http://statistics.data.gov.uk/id/local-authority/19UC
City of London;format=long;context=http://statistics.data.gov.uk/id/local-authority/00AA
City of ;format=truncated;context=http://statistics.data.gov.uk/id/local-authority/00AA
City of London;format=short;context=http://statistics.data.gov.uk/id/local-authority/00AA
Clackmannanshire Council;format=long;context=http://statistics.data.gov.uk/id/local-authority/00QF
Clackmannanshire;format=short;context=http://statistics.data.gov.uk/id/local-authority/00QF
Colchester Borough Council;format=long;context=http://statistics.data.gov.uk/id/local-authority/22UG
Colchester;format=short;context=http://statistics.data.gov.uk/id/local-authority/22UG
Comhairle nan Eilean Siar;format=long;context=http://statistics.data.gov.uk/id/local-authority/00RJ
Eilean Siar;format=short;context=http://statistics.data.gov.uk/id/local-authority/00RJ
Conwy County Borough Council;format=long;context=http://statistics.data.gov.uk/id/local-authority/00NE
Conwy;format=short;context=http://statistics.data.gov.uk/id/local-authority/00NE
Copeland Borough Council;format=long;context=http://statistics.data.gov.uk/id/local-authority/16UE
Copeland;format=short;context=http://statistics.data.gov.uk/id/local-authority/16UE
Corby Borough Council;format=long;context=http://statistics.data.gov.uk/id/local-authority/34UB
Corby;format=short;context=http://statistics.data.gov.uk/id/local-authority/34UB
Cornwall County Council;format=long;context=http://statistics.data.gov.uk/id/local-authority/00HE
Cornwall and Isles of Scilly County Council;format=long;context=http://statistics.data.gov.uk/id/local-authority/15
Cotswold District Council;format=long;context=http://statistics.data.gov.uk/id/local-authority/23UC
Cotswold;format=short;context=http://statistics.data.gov.uk/id/local-authority/23UC
Council of the Isles of Scilly;format=long;context=http://statistics.data.gov.uk/id/local-authority/00HF
County Durham County Council;format=long;context=http://statistics.data.gov.uk/id/local-authority/00EJ
Coventry City Council;format=long;context=http://statistics.data.gov.uk/id/local-authority/00CQ
Coventry;format=short;context=http://statistics.data.gov.uk/id/local-authority/00CQ
Craven District Council;format=long;context=http://statistics.data.gov.uk/id/local-authority/36UB
Craven;format=short;context=http://statistics.data.gov.uk/id/local-authority/36UB
Crawley Borough Council;format=long;context=http://statistics.data.gov.uk/id/local-authority/45UE
Crawley;format=short;context=http://statistics.data.gov.uk/id/local-authority/45UE
Croydon London Borough Council;format=long;context=http://statistics.data.gov.uk/id/local-authority/00AH
Croydon Borough Council;format=truncated;context=http://statistics.data.gov.uk/id/local-authority/00AH
Croydon;format=short;context=http://statistics.data.gov.uk/id/local-authority/00AH
Cumbria County Council;format=long;context=http://statistics.data.gov.uk/id/local-authority/16
Dacorum Borough Council;format=long;context=http://statistics.data.gov.uk/id/local-authority/26UC
Dacorum;format=short;context=http://statistics.data.gov.uk/id/local-authority/26UC
Darlington Borough Council;format=long;context=http://statistics.data.gov.uk/id/local-authority/00EH
Darlington;format=short;context=http://statistics.data.gov.uk/id/local-authority/00EH
Dartford Borough Council;format=long;context=http://statistics.data.gov.uk/id/local-authority/29UD
Dartford;format=short;context=http://statistics.data.gov.uk/id/local-authority/29UD
Daventry District Council;format=long;context=http://statistics.data.gov.uk/id/local-authority/34UC
Daventry;format=short;context=http://statistics.data.gov.uk/id/local-authority/34UC
Denbighshire County Council;format=long;context=http://statistics.data.gov.uk/id/local-authority/00NG
Denbighshire;format=short;context=http://statistics.data.gov.uk/id/local-authority/00NG
Derby City Council;format=long;context=http://statistics.data.gov.uk/id/local-authority/00FK
Derby;format=short;context=http://statistics.data.gov.uk/id/local-authority/00FK
Derbyshire County Council;format=long;context=http://statistics.data.gov.uk/id/local-authority/17
Derbyshire Dales District Council;format=long;context=http://statistics.data.gov.uk/id/local-authority/17UF
Derbyshire Dales;format=short;context=http://statistics.data.gov.uk/id/local-authority/17UF
Devon County Council;format=long;context=http://statistics.data.gov.uk/id/local-authority/18
Doncaster Borough Council;format=long;context=http://statistics.data.gov.uk/id/local-authority/00CE
Doncaster;format=short;context=http://statistics.data.gov.uk/id/local-authority/00CE
Dorset County Council;format=long;context=http://statistics.data.gov.uk/id/local-authority/19
Dover District Council;format=long;context=http://statistics.data.gov.uk/id/local-authority/29UE
Dover;format=short;context=http://statistics.data.gov.uk/id/local-authority/29UE
Dudley Borough Council;format=long;context=http://statistics.data.gov.uk/id/local-authority/00CR
Dudley;format=short;context=http://statistics.data.gov.uk/id/local-authority/00CR
Dumfries and Galloway Council;format=long;context=http://statistics.data.gov.uk/id/local-authority/00QH
Dumfries & Galloway;format=short;context=http://statistics.data.gov.uk/id/local-authority/00QH
Dundee City Council;format=long;context=http://statistics.data.gov.uk/id/local-authority/00QJ
Dundee City;format=short;context=http://statistics.data.gov.uk/id/local-authority/00QJ
Durham County Council;format=long;context=http://statistics.data.gov.uk/id/local-authority/20
Ealing London Borough Council;format=long;context=http://statistics.data.gov.uk/id/local-authority/00AJ
Ealing Borough Council;format=truncated;context=http://statistics.data.gov.uk/id/local-authority/00AJ
Ealing;format=short;context=http://statistics.data.gov.uk/id/local-authority/00AJ
East Ayrshire Council;format=long;context=http://statistics.data.gov.uk/id/local-authority/00QK
East Ayrshire;format=short;context=http://statistics.data.gov.uk/id/local-authority/00QK
East Cambridgeshire District Council;format=long;context=http://statistics.data.gov.uk/id/local-authority/12UC
East Cambridgeshire;format=short;context=http://statistics.data.gov.uk/id/local-authority/12UC
East Devon District Council;format=long;context=http://statistics.data.gov.uk/id/local-authority/18UB
East Devon;format=short;context=http://statistics.data.gov.uk/id/local-authority/18UB
East Dorset District Council;format=long;context=http://statistics.data.gov.uk/id/local-authority/19UD
East Dorset;format=short;context=http://statistics.data.gov.uk/id/local-authority/19UD
East Dunbartonshire Council;format=long;context=http://statistics.data.gov.uk/id/local-authority/00QL
East Dunbartonshire;format=short;context=http://statistics.data.gov.uk/id/local-authority/00QL
East Hampshire District Council;format=long;context=http://statistics.data.gov.uk/id/local-authority/24UC
East Hampshire;format=short;context=http://statistics.data.gov.uk/id/local-authority/24UC
East Hertfordshire District Council;format=long;context=http://statistics.data.gov.uk/id/local-authority/26UD
East Hertfordshire;format=short;context=http://statistics.data.gov.uk/id/local-authority/26UD
East Lindsey District Council;format=long;context=http://statistics.data.gov.uk/id/local-authority/32UC
East Lindsey;format=short;context=http://statistics.data.gov.uk/id/local-authority/32UC
East Lothian Council;format=long;context=http://statistics.data.gov.uk/id/local-authority/00QM
East Lothian;format=short;context=http://statistics.data.gov.uk/id/local-authority/00QM
East Northamptonshire District Council;format=long;context=http://statistics.data.gov.uk/id/local-authority/34UD
East Northamptonshire;format=short;context=http://statistics.data.gov.uk/id/local-authority/34UD
East Renfrewshire Council;format=long;context=http://statistics.data.gov.uk/id/local-authority/00QN
East Renfrewshire;format=short;context=http://statistics.data.gov.uk/id/local-authority/00QN
East Riding District Council;format=long;context=http://statistics.data.gov.uk/id/local-authority/00FB
East Riding of Yorkshire;format=short;context=http://statistics.data.gov.uk/id/local-authority/00FB
East Staffordshire Borough Council;format=long;context=http://statistics.data.gov.uk/id/local-authority/41UC
East Staffordshire;format=short;context=http://statistics.data.gov.uk/id/local-authority/41UC
East Sussex County Council;format=long;context=http://statistics.data.gov.uk/id/local-authority/21
Eastbourne Borough Council;format=long;context=http://statistics.data.gov.uk/id/local-authority/21UC
Eastbourne;format=short;context=http://statistics.data.gov.uk/id/local-authority/21UC
Eastleigh Borough Council;format=long;context=http://statistics.data.gov.uk/id/local-authority/24UD
Eastleigh;format=short;context=http://statistics.data.gov.uk/id/local-authority/24UD
Eden District Council;format=long;context=http://statistics.data.gov.uk/id/local-authority/16UF
Eden;format=short;context=http://statistics.data.gov.uk/id/local-authority/16UF
Edinburgh City Council;format=long;context=http://statistics.data.gov.uk/id/local-authority/00QP
Edinburgh, City of;format=short;context=http://statistics.data.gov.uk/id/local-authority/00QP
Elmbridge Borough Council;format=long;context=http://statistics.data.gov.uk/id/local-authority/43UB
Elmbridge;format=short;context=http://statistics.data.gov.uk/id/local-authority/43UB
Enfield London Borough Council;format=long;context=http://statistics.data.gov.uk/id/local-authority/00AK
Enfield Borough Council;format=truncated;context=http://statistics.data.gov.uk/id/local-authority/00AK
Enfield;format=short;context=http://statistics.data.gov.uk/id/local-authority/00AK
Epping Forest District Council;format=long;context=http://statistics.data.gov.uk/id/local-authority/22UH
Epping Forest;format=short;context=http://statistics.data.gov.uk/id/local-authority/22UH
Epsom and Ewell Borough Council;format=long;context=http://statistics.data.gov.uk/id/local-authority/43UC
Epsom and Ewell;format=short;context=http://statistics.data.gov.uk/id/local-authority/43UC
Erewash Borough Council;format=long;context=http://statistics.data.gov.uk/id/local-authority/17UG
Erewash;format=short;context=http://statistics.data.gov.uk/id/local-authority/17UG
Essex County Council;format=long;context=http://statistics.data.gov.uk/id/local-authority/22
Exeter City Council;format=long;context=http://statistics.data.gov.uk/id/local-authority/18UC
Exeter;format=short;context=http://statistics.data.gov.uk/id/local-authority/18UC
Falkirk Council;format=long;context=http://statistics.data.gov.uk/id/local-authority/00QQ
Falkirk;format=short;context=http://statistics.data.gov.uk/id/local-authority/00QQ
Fareham Borough Council;format=long;context=http://statistics.data.gov.uk/id/local-authority/24UE
Fareham;format=short;context=http://statistics.data.gov.uk/id/local-authority/24UE
Fenland District Council;format=long;context=http://statistics.data.gov.uk/id/local-authority/12UD
Fenland;format=short;context=http://statistics.data.gov.uk/id/local-authority/12UD
Fife Council;format=long;context=http://statistics.data.gov.uk/id/local-authority/00QR
Fife;format=short;context=http://statistics.data.gov.uk/id/local-authority/00QR
Flintshire County Council;format=long;context=http://statistics.data.gov.uk/id/local-authority/00NJ
Flintshire;format=short;context=http://statistics.data.gov.uk/id/local-authority/00NJ
Forest Heath District Council;format=long;context=http://statistics.data.gov.uk/id/local-authority/42UC
Forest Heath;format=short;context=http://statistics.data.gov.uk/id/local-authority/42UC
Forest of Dean District Council;format=long;context=http://statistics.data.gov.uk/id/local-authority/23UD
Forest of Dean;format=short;context=http://statistics.data.gov.uk/id/local-authority/23UD
Fylde Borough Council;format=long;context=http://statistics.data.gov.uk/id/local-authority/30UF
Fylde;format=short;context=http://statistics.data.gov.uk/id/local-authority/30UF
Gateshead Borough Council;format=long;context=http://statistics.data.gov.uk/id/local-authority/00CH
Gateshead;format=short;context=http://statistics.data.gov.uk/id/local-authority/00CH
Gedling Borough Council;format=long;context=http://statistics.data.gov.uk/id/local-authority/37UE
Gedling;format=short;context=http://statistics.data.gov.uk/id/local-authority/37UE
Glasgow City Council;format=long;context=http://statistics.data.gov.uk/id/local-authority/00QS
Glasgow City;format=short;context=http://statistics.data.gov.uk/id/local-authority/00QS
Gloucester City Council;format=long;context=http://statistics.data.gov.uk/id/local-authority/23UE
Gloucester;format=short;context=http://statistics.data.gov.uk/id/local-authority/23UE
Gloucestershire County Council;format=long;context=http://statistics.data.gov.uk/id/local-authority/23
Gosport Borough Council;format=long;context=http://statistics.data.gov.uk/id/local-authority/24UF
Gosport;format=short;context=http://statistics.data.gov.uk/id/local-authority/24UF
Gravesham Borough Council;format=long;context=http://statistics.data.gov.uk/id/local-authority/29UG
Gravesham;format=short;context=http://statistics.data.gov.uk/id/local-authority/29UG
Great Yarmouth Borough Council;format=long;context=http://statistics.data.gov.uk/id/local-authority/33UD
Great Yarmouth;format=short;context=http://statistics.data.gov.uk/id/local-authority/33UD
Greenwich London Borough Council;format=long;context=http://statistics.data.gov.uk/id/local-authority/00AL
Greenwich Borough Council;format=truncated;context=http://statistics.data.gov.uk/id/local-authority/00AL
Greenwich;format=short;context=http://statistics.data.gov.uk/id/local-authority/00AL
Guildford Borough Council;format=long;context=http://statistics.data.gov.uk/id/local-authority/43UD
Guildford;format=short;context=http://statistics.data.gov.uk/id/local-authority/43UD
Gwynedd County Council;format=long;context=http://statistics.data.gov.uk/id/local-authority/00NC
Gwynedd;format=short;context=http://statistics.data.gov.uk/id/local-authority/00NC
Hackney London Borough Council;format=long;context=http://statistics.data.gov.uk/id/local-authority/00AM
Hackney Borough Council;format=truncated;context=http://statistics.data.gov.uk/id/local-authority/00AM
Hackney;format=short;context=http://statistics.data.gov.uk/id/local-authority/00AM
Halton Borough Council;format=long;context=http://statistics.data.gov.uk/id/local-authority/00ET
Halton;format=short;context=http://statistics.data.gov.uk/id/local-authority/00ET
Hambleton District Council;format=long;context=http://statistics.data.gov.uk/id/local-authority/36UC
Hambleton;format=short;context=http://statistics.data.gov.uk/id/local-authority/36UC
Hammersmith and Fulham London Borough Council;format=long;context=http://statistics.data.gov.uk/id/local-authority/00AN
Hammersmith and Fulham Borough Council;format=truncated;context=http://statistics.data.gov.uk/id/local-authority/00AN
Hammersmith and Fulham;format=short;context=http://statistics.data.gov.uk/id/local-authority/00AN
Hampshire County Council;format=long;context=http://statistics.data.gov.uk/id/local-authority/24
Harborough District Council;format=long;context=http://statistics.data.gov.uk/id/local-authority/31UD
Harborough;format=short;context=http://statistics.data.gov.uk/id/local-authority/31UD
Haringey London Borough Council;format=long;context=http://statistics.data.gov.uk/id/local-authority/00AP
Haringey Borough Council;format=truncated;context=http://statistics.data.gov.uk/id/local-authority/00AP
Haringey;format=short;context=http://statistics.data.gov.uk/id/local-authority/00AP
Harlow District Council;format=long;context=http://statistics.data.gov.uk/id/local-authority/22UJ
Harlow;format=short;context=http://statistics.data.gov.uk/id/local-authority/22UJ
Harrogate Borough Council;format=long;context=http://statistics.data.gov.uk/id/local-authority/36UD
Harrogate;format=short;context=http://statistics.data.gov.uk/id/local-authority/36UD
Harrow London Borough Council;format=long;context=http://statistics.data.gov.uk/id/local-authority/00AQ
Harrow Borough Council;format=truncated;context=http://statistics.data.gov.uk/id/local-authority/00AQ
Harrow;format=short;context=http://statistics.data.gov.uk/id/local-authority/00AQ
Hart District Council;format=long;context=http://statistics.data.gov.uk/id/local-authority/24UG
Hart;format=short;context=http://statistics.data.gov.uk/id/local-authority/24UG
Hartlepool Borough Council;format=long;context=http://statistics.data.gov.uk/id/local-authority/00EB
Hartlepool;format=short;context=http://statistics.data.gov.uk/id/local-authority/00EB
Hastings Borough Council;format=long;context=http://statistics.data.gov.uk/id/local-authority/21UD
Hastings;format=short;context=http://statistics.data.gov.uk/id/local-authority/21UD
Havant Borough Council;format=long;context=http://statistics.data.gov.uk/id/local-authority/24UH
Havant;format=short;context=http://statistics.data.gov.uk/id/local-authority/24UH
Havering London Borough Council;format=long;context=http://statistics.data.gov.uk/id/local-authority/00AR
Havering Borough Council;format=truncated;context=http://statistics.data.gov.uk/id/local-authority/00AR
Havering;format=short;context=http://statistics.data.gov.uk/id/local-authority/00AR
Herefordshire County Council;format=long;context=http://statistics.data.gov.uk/id/local-authority/00GA
Herefordshire, County of;format=short;context=http://statistics.data.gov.uk/id/local-authority/00GA
Hertfordshire County Council;format=long;context=http://statistics.data.gov.uk/id/local-authority/26
Hertsmere Borough Council;format=long;context=http://statistics.data.gov.uk/id/local-authority/26UE
Hertsmere;format=short;context=http://statistics.data.gov.uk/id/local-authority/26UE
High Peak Borough Council;format=long;context=http://statistics.data.gov.uk/id/local-authority/17UH
High Peak;format=short;context=http://statistics.data.gov.uk/id/local-authority/17UH
Hillingdon London Borough Council;format=long;context=http://statistics.data.gov.uk/id/local-authority/00AS
Hillingdon Borough Council;format=truncated;context=http://statistics.data.gov.uk/id/local-authority/00AS
Hillingdon;format=short;context=http://statistics.data.gov.uk/id/local-authority/00AS
Hinckley and Bosworth Borough Council;format=long;context=http://statistics.data.gov.uk/id/local-authority/31UE
Hinckley and Bosworth;format=short;context=http://statistics.data.gov.uk/id/local-authority/31UE
Horsham District Council;format=long;context=http://statistics.data.gov.uk/id/local-authority/45UF
Horsham;format=short;context=http://statistics.data.gov.uk/id/local-authority/45UF
Hounslow London Borough Council;format=long;context=http://statistics.data.gov.uk/id/local-authority/00AT
Hounslow Borough Council;format=truncated;context=http://statistics.data.gov.uk/id/local-authority/00AT
Hounslow;format=short;context=http://statistics.data.gov.uk/id/local-authority/00AT
Huntingdonshire District Council;format=long;context=http://statistics.data.gov.uk/id/local-authority/12UE
Huntingdonshire;format=short;context=http://statistics.data.gov.uk/id/local-authority/12UE
Hyndburn Borough Council;format=long;context=http://statistics.data.gov.uk/id/local-authority/30UG
Hyndburn;format=short;context=http://statistics.data.gov.uk/id/local-authority/30UG
Inverclyde Council;format=long;context=http://statistics.data.gov.uk/id/local-authority/00QU
Inverclyde;format=short;context=http://statistics.data.gov.uk/id/local-authority/00QU
Ipswich Borough Council;format=long;context=http://statistics.data.gov.uk/id/local-authority/42UD
Ipswich;format=short;context=http://statistics.data.gov.uk/id/local-authority/42UD
Isle of Anglesey Borough Council;format=long;context=http://statistics.data.gov.uk/id/local-authority/00NA
Isle of Anglesey;format=short;context=http://statistics.data.gov.uk/id/local-authority/00NA
Isle of Wight Council;format=long;context=http://statistics.data.gov.uk/id/local-authority/00MW
Isle of Wight;format=short;context=http://statistics.data.gov.uk/id/local-authority/00MW
Islington London Borough Council;format=long;context=http://statistics.data.gov.uk/id/local-authority/00AU
Islington Borough Council;format=truncated;context=http://statistics.data.gov.uk/id/local-authority/00AU
Islington;format=short;context=http://statistics.data.gov.uk/id/local-authority/00AU
Kensington and Chelsea Royal Borough Council;format=long;context=http://statistics.data.gov.uk/id/local-authority/00AW
Kensington and Chelsea;format=short;context=http://statistics.data.gov.uk/id/local-authority/00AW
Kent County Council;format=long;context=http://statistics.data.gov.uk/id/local-authority/29
Kettering Borough Council;format=long;context=http://statistics.data.gov.uk/id/local-authority/34UE
Kettering;format=short;context=http://statistics.data.gov.uk/id/local-authority/34UE
King's Lynn and West Norfolk Borough Council;format=long;context=http://statistics.data.gov.uk/id/local-authority/33UE
King's Lynn and West Norfolk;format=short;context=http://statistics.data.gov.uk/id/local-authority/33UE
Kingston upon Hull City Council;format=long;context=http://statistics.data.gov.uk/id/local-authority/00FA
Kingston upon Hull, City of;format=short;context=http://statistics.data.gov.uk/id/local-authority/00FA
Kingston upon Thames Royal Borough Council;format=long;context=http://statistics.data.gov.uk/id/local-authority/00AX
Kingston upon Thames;format=short;context=http://statistics.data.gov.uk/id/local-authority/00AX
Kirklees Borough Council;format=long;context=http://statistics.data.gov.uk/id/local-authority/00CZ
Kirklees;format=short;context=http://statistics.data.gov.uk/id/local-authority/00CZ
Knowsley Borough Council;format=long;context=http://statistics.data.gov.uk/id/local-authority/00BX
Knowsley;format=short;context=http://statistics.data.gov.uk/id/local-authority/00BX
Lambeth London Borough Council;format=long;context=http://statistics.data.gov.uk/id/local-authority/00AY
Lambeth Borough Council;format=truncated;context=http://statistics.data.gov.uk/id/local-authority/00AY
Lambeth;format=short;context=http://statistics.data.gov.uk/id/local-authority/00AY
Lancashire County Council;format=long;context=http://statistics.data.gov.uk/id/local-authority/30
Lancaster City Council;format=long;context=http://statistics.data.gov.uk/id/local-authority/30UH
Lancaster;format=short;context=http://statistics.data.gov.uk/id/local-authority/30UH
Leeds City Council;format=long;context=http://statistics.data.gov.uk/id/local-authority/00DA
Leeds;format=short;context=http://statistics.data.gov.uk/id/local-authority/00DA
Leicester City Council;format=long;context=http://statistics.data.gov.uk/id/local-authority/00FN
Leicester;format=short;context=http://statistics.data.gov.uk/id/local-authority/00FN
Leicestershire County Council;format=long;context=http://statistics.data.gov.uk/id/local-authority/31
Lewes District Council;format=long;context=http://statistics.data.gov.uk/id/local-authority/21UF
Lewes;format=short;context=http://statistics.data.gov.uk/id/local-authority/21UF
Lewisham London Borough Council;format=long;context=http://statistics.data.gov.uk/id/local-authority/00AZ
Lewisham Borough Council;format=truncated;context=http://statistics.data.gov.uk/id/local-authority/00AZ
Lewisham;format=short;context=http://statistics.data.gov.uk/id/local-authority/00AZ
Lichfield District Council;format=long;context=http://statistics.data.gov.uk/id/local-authority/41UD
Lichfield;format=short;context=http://statistics.data.gov.uk/id/local-authority/41UD
Lincoln City Council;format=long;context=http://statistics.data.gov.uk/id/local-authority/32UD
Lincoln;format=short;context=http://statistics.data.gov.uk/id/local-authority/32UD
Lincolnshire County Council;format=long;context=http://statistics.data.gov.uk/id/local-authority/32
Liverpool City Council;format=long;context=http://statistics.data.gov.uk/id/local-authority/00BY
Liverpool;format=short;context=http://statistics.data.gov.uk/id/local-authority/00BY
Luton Borough Council;format=long;context=http://statistics.data.gov.uk/id/local-authority/00KA
Luton;format=short;context=http://statistics.data.gov.uk/id/local-authority/00KA
Maidstone Borough Council;format=long;context=http://statistics.data.gov.uk/id/local-authority/29UH
Maidstone;format=short;context=http://statistics.data.gov.uk/id/local-authority/29UH
Maldon District Council;format=long;context=http://statistics.data.gov.uk/id/local-authority/22UK
Maldon;format=short;context=http://statistics.data.gov.uk/id/local-authority/22UK
Malvern Hills District Council;format=long;context=http://statistics.data.gov.uk/id/local-authority/47UC
Malvern Hills;format=short;context=http://statistics.data.gov.uk/id/local-authority/47UC
Manchester City Council;format=long;context=http://statistics.data.gov.uk/id/local-authority/00BN
Manchester;format=short;context=http://statistics.data.gov.uk/id/local-authority/00BN
Mansfield District Council;format=long;context=http://statistics.data.gov.uk/id/local-authority/37UF
Mansfield;format=short;context=http://statistics.data.gov.uk/id/local-authority/37UF
Medway Borough Council;format=long;context=http://statistics.data.gov.uk/id/local-authority/00LC
Medway;format=short;context=http://statistics.data.gov.uk/id/local-authority/00LC
Melton Borough Council;format=long;context=http://statistics.data.gov.uk/id/local-authority/31UG
Melton;format=short;context=http://statistics.data.gov.uk/id/local-authority/31UG
Mendip District Council;format=long;context=http://statistics.data.gov.uk/id/local-authority/40UB
Mendip;format=short;context=http://statistics.data.gov.uk/id/local-authority/40UB
Merthyr Tydfil County Borough Council;format=long;context=http://statistics.data.gov.uk/id/local-authority/00PH
Merthyr Tydfil;format=short;context=http://statistics.data.gov.uk/id/local-authority/00PH
Merton London Borough Council;format=long;context=http://statistics.data.gov.uk/id/local-authority/00BA
Merton Borough Council;format=truncated;context=http://statistics.data.gov.uk/id/local-authority/00BA
Merton;format=short;context=http://statistics.data.gov.uk/id/local-authority/00BA
Mid Devon District Council;format=long;context=http://statistics.data.gov.uk/id/local-authority/18UD
Mid Devon;format=short;context=http://statistics.data.gov.uk/id/local-authority/18UD
Mid Suffolk District Council;format=long;context=http://statistics.data.gov.uk/id/local-authority/42UE
Mid Suffolk;format=short;context=http://statistics.data.gov.uk/id/local-authority/42UE
Mid Sussex District Council;format=long;context=http://statistics.data.gov.uk/id/local-authority/45UG
Mid Sussex;format=short;context=http://statistics.data.gov.uk/id/local-authority/45UG
Middlesbrough Borough Council;format=long;context=http://statistics.data.gov.uk/id/local-authority/00EC
Middlesbrough;format=short;context=http://statistics.data.gov.uk/id/local-authority/00EC
Midlothian Council;format=long;context=http://statistics.data.gov.uk/id/local-authority/00QW
Midlothian;format=short;context=http://statistics.data.gov.uk/id/local-authority/00QW
Milton Keynes Borough Council;format=long;context=http://statistics.data.gov.uk/id/local-authority/00MG
Milton Keynes;format=short;context=http://statistics.data.gov.uk/id/local-authority/00MG
Mole Valley District Council;format=long;context=http://statistics.data.gov.uk/id/local-authority/43UE
Mole Valley;format=short;context=http://statistics.data.gov.uk/id/local-authority/43UE
Monmouthshire County Council;format=long;context=http://statistics.data.gov.uk/id/local-authority/00PP
Monmouthshire;format=short;context=http://statistics.data.gov.uk/id/local-authority/00PP
Moray Council;format=long;context=http://statistics.data.gov.uk/id/local-authority/00QX
Moray;format=short;context=http://statistics.data.gov.uk/id/local-authority/00QX
Neath Port Talbot County Borough Council;format=long;context=http://statistics.data.gov.uk/id/local-authority/00NZ
Neath Port Talbot;format=short;context=http://statistics.data.gov.uk/id/local-authority/00NZ
New Forest District Council;format=long;context=http://statistics.data.gov.uk/id/local-authority/24UJ
New Forest;format=short;context=http://statistics.data.gov.uk/id/local-authority/24UJ
Newark and Sherwood District Council;format=long;context=http://statistics.data.gov.uk/id/local-authority/37UG
Newark and Sherwood;format=short;context=http://statistics.data.gov.uk/id/local-authority/37UG
Newcastle upon Tyne City Council;format=long;context=http://statistics.data.gov.uk/id/local-authority/00CJ
Newcastle upon Tyne;format=short;context=http://statistics.data.gov.uk/id/local-authority/00CJ
Newcastle-under-Lyme Borough Council;format=long;context=http://statistics.data.gov.uk/id/local-authority/41UE
Newcastle-under-Lyme;format=short;context=http://statistics.data.gov.uk/id/local-authority/41UE
Newham London Borough Council;format=long;context=http://statistics.data.gov.uk/id/local-authority/00BB
Newham Borough Council;format=truncated;context=http://statistics.data.gov.uk/id/local-authority/00BB
Newham;format=short;context=http://statistics.data.gov.uk/id/local-authority/00BB
Newport County Borough Council;format=long;context=http://statistics.data.gov.uk/id/local-authority/00PR
Newport;format=short;context=http://statistics.data.gov.uk/id/local-authority/00PR
Norfolk County Council;format=long;context=http://statistics.data.gov.uk/id/local-authority/33
North Ayrshire Council;format=long;context=http://statistics.data.gov.uk/id/local-authority/00QY
North Ayrshire;format=short;context=http://statistics.data.gov.uk/id/local-authority/00QY
North Devon District Council;format=long;context=http://statistics.data.gov.uk/id/local-authority/18UE
North Devon;format=short;context=http://statistics.data.gov.uk/id/local-authority/18UE
North Dorset District Council;format=long;context=http://statistics.data.gov.uk/id/local-authority/19UE
North Dorset;format=short;context=http://statistics.data.gov.uk/id/local-authority/19UE
North East Derbyshire District Council;format=long;context=http://statistics.data.gov.uk/id/local-authority/17UJ
North East Derbyshire;format=short;context=http://statistics.data.gov.uk/id/local-authority/17UJ
North East Lincolnshire Borough Council;format=long;context=http://statistics.data.gov.uk/id/local-authority/00FC
North East Lincolnshire;format=short;context=http://statistics.data.gov.uk/id/local-authority/00FC
North Hertfordshire District Council;format=long;context=http://statistics.data.gov.uk/id/local-authority/26UF
North Hertfordshire;format=short;context=http://statistics.data.gov.uk/id/local-authority/26UF
North Kesteven District Council;format=long;context=http://statistics.data.gov.uk/id/local-authority/32UE
North Kesteven;format=short;context=http://statistics.data.gov.uk/id/local-authority/32UE
North Lanarkshire Council;format=long;context=http://statistics.data.gov.uk/id/local-authority/00QZ
North Lanarkshire;format=short;context=http://statistics.data.gov.uk/id/local-authority/00QZ
North Lincolnshire Borough Council;format=long;context=http://statistics.data.gov.uk/id/local-authority/00FD
North Lincolnshire;format=short;context=http://statistics.data.gov.uk/id/local-authority/00FD
North Norfolk District Council;format=long;context=http://statistics.data.gov.uk/id/local-authority/33UF
North Norfolk;format=short;context=http://statistics.data.gov.uk/id/local-authority/33UF
North Somerset District Council;format=long;context=http://statistics.data.gov.uk/id/local-authority/00HC
North Somerset;format=short;context=http://statistics.data.gov.uk/id/local-authority/00HC
North Tyneside Borough Council;format=long;context=http://statistics.data.gov.uk/id/local-authority/00CK
North Tyneside;format=short;context=http://statistics.data.gov.uk/id/local-authority/00CK
North Warwickshire Borough Council;format=long;context=http://statistics.data.gov.uk/id/local-authority/44UB
North Warwickshire;format=short;context=http://statistics.data.gov.uk/id/local-authority/44UB
North West Leicestershire District Council;format=long;context=http://statistics.data.gov.uk/id/local-authority/31UH
North West Leicestershire;format=short;context=http://statistics.data.gov.uk/id/local-authority/31UH
North Yorkshire County Council;format=long;context=http://statistics.data.gov.uk/id/local-authority/36
Northampton Borough Council;format=long;context=http://statistics.data.gov.uk/id/local-authority/34UF
Northampton;format=short;context=http://statistics.data.gov.uk/id/local-authority/34UF
Northamptonshire County Council;format=long;context=http://statistics.data.gov.uk/id/local-authority/34
Northumberland County Council;format=long;context=http://statistics.data.gov.uk/id/local-authority/00EM
Northumberland County Council;format=long;context=http://statistics.data.gov.uk/id/local-authority/35
Norwich City Council;format=long;context=http://statistics.data.gov.uk/id/local-authority/33UG
Norwich;format=short;context=http://statistics.data.gov.uk/id/local-authority/33UG
Nottingham City Council;format=long;context=http://statistics.data.gov.uk/id/local-authority/00FY
Nottingham;format=short;context=http://statistics.data.gov.uk/id/local-authority/00FY
Nottinghamshire County Council;format=long;context=http://statistics.data.gov.uk/id/local-authority/37
Nuneaton and Bedworth Borough Council;format=long;context=http://statistics.data.gov.uk/id/local-authority/44UC
Nuneaton and Bedworth;format=short;context=http://statistics.data.gov.uk/id/local-authority/44UC
Oadby and Wigston Borough Council;format=long;context=http://statistics.data.gov.uk/id/local-authority/31UJ
Oadby and Wigston;format=short;context=http://statistics.data.gov.uk/id/local-authority/31UJ
Oldham Borough Council;format=long;context=http://statistics.data.gov.uk/id/local-authority/00BP
Oldham;format=short;context=http://statistics.data.gov.uk/id/local-authority/00BP
Orkney Islands Council;format=long;context=http://statistics.data.gov.uk/id/local-authority/00RA
Orkney Islands;format=short;context=http://statistics.data.gov.uk/id/local-authority/00RA
Oxford City Council;format=long;context=http://statistics.data.gov.uk/id/local-authority/38UC
Oxford;format=short;context=http://statistics.data.gov.uk/id/local-authority/38UC
Oxfordshire County Council;format=long;context=http://statistics.data.gov.uk/id/local-authority/38
Pembrokeshire County Council;format=long;context=http://statistics.data.gov.uk/id/local-authority/00NS
Pembrokeshire;format=short;context=http://statistics.data.gov.uk/id/local-authority/00NS
Pendle Borough Council;format=long;context=http://statistics.data.gov.uk/id/local-authority/30UJ
Pendle;format=short;context=http://statistics.data.gov.uk/id/local-authority/30UJ
Perth and Kinross Council;format=long;context=http://statistics.data.gov.uk/id/local-authority/00RB
Perth & Kinross;format=short;context=http://statistics.data.gov.uk/id/local-authority/00RB
Peterborough City Council;format=long;context=http://statistics.data.gov.uk/id/local-authority/00JA
Peterborough;format=short;context=http://statistics.data.gov.uk/id/local-authority/00JA
Plymouth City Council;format=long;context=http://statistics.data.gov.uk/id/local-authority/00HG
Plymouth;format=short;context=http://statistics.data.gov.uk/id/local-authority/00HG
Poole Borough Council;format=long;context=http://statistics.data.gov.uk/id/local-authority/00HP
Poole;format=short;context=http://statistics.data.gov.uk/id/local-authority/00HP
Portsmouth City Council;format=long;context=http://statistics.data.gov.uk/id/local-authority/00MR
Portsmouth;format=short;context=http://statistics.data.gov.uk/id/local-authority/00MR
Powys County Council;format=long;context=http://statistics.data.gov.uk/id/local-authority/00NN
Powys;format=short;context=http://statistics.data.gov.uk/id/local-authority/00NN
Preston Borough Council;format=long;context=http://statistics.data.gov.uk/id/local-authority/30UK
Preston;format=short;context=http://statistics.data.gov.uk/id/local-authority/30UK
Purbeck District Council;format=long;context=http://statistics.data.gov.uk/id/local-authority/19UG
Purbeck;format=short;context=http://statistics.data.gov.uk/id/local-authority/19UG
Reading Borough Council;format=long;context=http://statistics.data.gov.uk/id/local-authority/00MC
Reading;format=short;context=http://statistics.data.gov.uk/id/local-authority/00MC
Redbridge London Borough Council;format=long;context=http://statistics.data.gov.uk/id/local-authority/00BC
Redbridge Borough Council;format=truncated;context=http://statistics.data.gov.uk/id/local-authority/00BC
Redbridge;format=short;context=http://statistics.data.gov.uk/id/local-authority/00BC
Redcar and Cleveland Borough Council;format=long;context=http://statistics.data.gov.uk/id/local-authority/00EE
Redcar and Cleveland;format=short;context=http://statistics.data.gov.uk/id/local-authority/00EE
Redditch Borough Council;format=long;context=http://statistics.data.gov.uk/id/local-authority/47UD
Redditch;format=short;context=http://statistics.data.gov.uk/id/local-authority/47UD
Reigate and Banstead Borough Council;format=long;context=http://statistics.data.gov.uk/id/local-authority/43UF
Reigate and Banstead;format=short;context=http://statistics.data.gov.uk/id/local-authority/43UF
Renfrewshire Council;format=long;context=http://statistics.data.gov.uk/id/local-authority/00RC
Renfrewshire;format=short;context=http://statistics.data.gov.uk/id/local-authority/00RC
Rhondda Cynon Taff County Borough Council;format=long;context=http://statistics.data.gov.uk/id/local-authority/00PF
Rhondda, Cynon, Taff;format=short;context=http://statistics.data.gov.uk/id/local-authority/00PF
Ribble Valley Borough Council;format=long;context=http://statistics.data.gov.uk/id/local-authority/30UL
Ribble Valley;format=short;context=http://statistics.data.gov.uk/id/local-authority/30UL
Richmond upon Thames London Borough Council;format=long;context=http://statistics.data.gov.uk/id/local-authority/00BD
Richmond upon Thames Borough Council;format=truncated;context=http://statistics.data.gov.uk/id/local-authority/00BD
Richmond upon Thames;format=short;context=http://statistics.data.gov.uk/id/local-authority/00BD
Richmondshire District Council;format=long;context=http://statistics.data.gov.uk/id/local-authority/36UE
Richmondshire;format=short;context=http://statistics.data.gov.uk/id/local-authority/36UE
Rochdale Borough Council;format=long;context=http://statistics.data.gov.uk/id/local-authority/00BQ
Rochdale;format=short;context=http://statistics.data.gov.uk/id/local-authority/00BQ
Rochford District Council;format=long;context=http://statistics.data.gov.uk/id/local-authority/22UL
Rochford;format=short;context=http://statistics.data.gov.uk/id/local-authority/22UL
Rossendale Borough Council;format=long;context=http://statistics.data.gov.uk/id/local-authority/30UM
Rossendale;format=short;context=http://statistics.data.gov.uk/id/local-authority/30UM
Rother District Council;format=long;context=http://statistics.data.gov.uk/id/local-authority/21UG
Rother;format=short;context=http://statistics.data.gov.uk/id/local-authority/21UG
Rotherham Borough Council;format=long;context=http://statistics.data.gov.uk/id/local-authority/00CF
Rotherham;format=short;context=http://statistics.data.gov.uk/id/local-authority/00CF
Rugby Borough Council;format=long;context=http://statistics.data.gov.uk/id/local-authority/44UD
Rugby;format=short;context=http://statistics.data.gov.uk/id/local-authority/44UD
Runnymede Borough Council;format=long;context=http://statistics.data.gov.uk/id/local-authority/43UG
Runnymede;format=short;context=http://statistics.data.gov.uk/id/local-authority/43UG
Rushcliffe Borough Council;format=long;context=http://statistics.data.gov.uk/id/local-authority/37UJ
Rushcliffe;format=short;context=http://statistics.data.gov.uk/id/local-authority/37UJ
Rushmoor Borough Council;format=long;context=http://statistics.data.gov.uk/id/local-authority/24UL
Rushmoor;format=short;context=http://statistics.data.gov.uk/id/local-authority/24UL
Rutland District Council;format=long;context=http://statistics.data.gov.uk/id/local-authority/00FP
Rutland;format=short;context=http://statistics.data.gov.uk/id/local-authority/00FP
Ryedale District Council;format=long;context=http://statistics.data.gov.uk/id/local-authority/36UF
Ryedale;format=short;context=http://statistics.data.gov.uk/id/local-authority/36UF
Salford City Council;format=long;context=http://statistics.data.gov.uk/id/local-authority/00BR
Salford;format=short;context=http://statistics.data.gov.uk/id/local-authority/00BR
Sandwell Borough Council;format=long;context=http://statistics.data.gov.uk/id/local-authority/00CS
Sandwell;format=short;context=http://statistics.data.gov.uk/id/local-authority/00CS
Scarborough Borough Council;format=long;context=http://statistics.data.gov.uk/id/local-authority/36UG
Scarborough;format=short;context=http://statistics.data.gov.uk/id/local-authority/36UG
Scottish Borders Council;format=long;context=http://statistics.data.gov.uk/id/local-authority/00QE
Scottish Borders;format=short;context=http://statistics.data.gov.uk/id/local-authority/00QE
Sedgemoor District Council;format=long;context=http://statistics.data.gov.uk/id/local-authority/40UC
Sedgemoor;format=short;context=http://statistics.data.gov.uk/id/local-authority/40UC
Sefton Borough Council;format=long;context=http://statistics.data.gov.uk/id/local-authority/00CA
Sefton;format=short;context=http://statistics.data.gov.uk/id/local-authority/00CA
Selby District Council;format=long;context=http://statistics.data.gov.uk/id/local-authority/36UH
Selby;format=short;context=http://statistics.data.gov.uk/id/local-authority/36UH
Sevenoaks District Council;format=long;context=http://statistics.data.gov.uk/id/local-authority/29UK
Sevenoaks;format=short;context=http://statistics.data.gov.uk/id/local-authority/29UK
Sheffield City Council;format=long;context=http://statistics.data.gov.uk/id/local-authority/00CG
Sheffield;format=short;context=http://statistics.data.gov.uk/id/local-authority/00CG
Shepway District Council;format=long;context=http://statistics.data.gov.uk/id/local-authority/29UL
Shepway;format=short;context=http://statistics.data.gov.uk/id/local-authority/29UL
Shetland Islands Council;format=long;context=http://statistics.data.gov.uk/id/local-authority/00RD
Shetland Islands;format=short;context=http://statistics.data.gov.uk/id/local-authority/00RD
Shropshire County Council;format=long;context=http://statistics.data.gov.uk/id/local-authority/00GG
Shropshire County Council;format=long;context=http://statistics.data.gov.uk/id/local-authority/39
Slough Borough Council;format=long;context=http://statistics.data.gov.uk/id/local-authority/00MD
Slough;format=short;context=http://statistics.data.gov.uk/id/local-authority/00MD
Solihull Borough Council;format=long;context=http://statistics.data.gov.uk/id/local-authority/00CT
Solihull;format=short;context=http://statistics.data.gov.uk/id/local-authority/00CT
Somerset County Council;format=long;context=http://statistics.data.gov.uk/id/local-authority/40
South Ayrshire Council;format=long;context=http://statistics.data.gov.uk/id/local-authority/00RE
South Ayrshire;format=short;context=http://statistics.data.gov.uk/id/local-authority/00RE
South Bucks District Council;format=long;context=http://statistics.data.gov.uk/id/local-authority/11UE
South Bucks;format=short;context=http://statistics.data.gov.uk/id/local-authority/11UE
South Cambridgeshire District Council;format=long;context=http://statistics.data.gov.uk/id/local-authority/12UG
South Cambridgeshire;format=short;context=http://statistics.data.gov.uk/id/local-authority/12UG
South Derbyshire District Council;format=long;context=http://statistics.data.gov.uk/id/local-authority/17UK
South Derbyshire;format=short;context=http://statistics.data.gov.uk/id/local-authority/17UK
South Gloucestershire District Council;format=long;context=http://statistics.data.gov.uk/id/local-authority/00HD
South Gloucestershire;format=short;context=http://statistics.data.gov.uk/id/local-authority/00HD
South Hams District Council;format=long;context=http://statistics.data.gov.uk/id/local-authority/18UG
South Hams;format=short;context=http://statistics.data.gov.uk/id/local-authority/18UG
South Holland District Council;format=long;context=http://statistics.data.gov.uk/id/local-authority/32UF
South Holland;format=short;context=http://statistics.data.gov.uk/id/local-authority/32UF
South Kesteven District Council;format=long;context=http://statistics.data.gov.uk/id/local-authority/32UG
South Kesteven;format=short;context=http://statistics.data.gov.uk/id/local-authority/32UG
South Lakeland District Council;format=long;context=http://statistics.data.gov.uk/id/local-authority/16UG
South Lakeland;format=short;context=http://statistics.data.gov.uk/id/local-authority/16UG
South Lanarkshire Council;format=long;context=http://statistics.data.gov.uk/id/local-authority/00RF
South Lanarkshire;format=short;context=http://statistics.data.gov.uk/id/local-authority/00RF
South Norfolk District Council;format=long;context=http://statistics.data.gov.uk/id/local-authority/33UH
South Norfolk;format=short;context=http://statistics.data.gov.uk/id/local-authority/33UH
South Northamptonshire District Council;format=long;context=http://statistics.data.gov.uk/id/local-authority/34UG
South Northamptonshire;format=short;context=http://statistics.data.gov.uk/id/local-authority/34UG
South Oxfordshire District Council;format=long;context=http://statistics.data.gov.uk/id/local-authority/38UD
South Oxfordshire;format=short;context=http://statistics.data.gov.uk/id/local-authority/38UD
South Ribble Borough Council;format=long;context=http://statistics.data.gov.uk/id/local-authority/30UN
South Ribble;format=short;context=http://statistics.data.gov.uk/id/local-authority/30UN
South Somerset District Council;format=long;context=http://statistics.data.gov.uk/id/local-authority/40UD
South Somerset;format=short;context=http://statistics.data.gov.uk/id/local-authority/40UD
South Staffordshire District Council;format=long;context=http://statistics.data.gov.uk/id/local-authority/41UF
South Staffordshire;format=short;context=http://statistics.data.gov.uk/id/local-authority/41UF
South Tyneside Borough Council;format=long;context=http://statistics.data.gov.uk/id/local-authority/00CL
South Tyneside;format=short;context=http://statistics.data.gov.uk/id/local-authority/00CL
Southampton City Council;format=long;context=http://statistics.data.gov.uk/id/local-authority/00MS
Southampton;format=short;context=http://statistics.data.gov.uk/id/local-authority/00MS
Southend-on-Sea Borough Council;format=long;context=http://statistics.data.gov.uk/id/local-authority/00KF
Southend-on-Sea;format=short;context=http://statistics.data.gov.uk/id/local-authority/00KF
Southwark London Borough Council;format=long;context=http://statistics.data.gov.uk/id/local-authority/00BE
Southwark Borough Council;format=truncated;context=http://statistics.data.gov.uk/id/local-authority/00BE
Southwark;format=short;context=http://statistics.data.gov.uk/id/local-authority/00BE
Spelthorne Borough Council;format=long;context=http://statistics.data.gov.uk/id/local-authority/43UH
Spelthorne;format=short;context=http://statistics.data.gov.uk/id/local-authority/43UH
St Albans City Council;format=long;context=http://statistics.data.gov.uk/id/local-authority/26UG
St Albans;format=short;context=http://statistics.data.gov.uk/id/local-authority/26UG
St Edmundsbury Borough Council;format=long;context=http://statistics.data.gov.uk/id/local-authority/42UF
St Edmundsbury;format=short;context=http://statistics.data.gov.uk/id/local-authority/42UF
St Helens Borough Council;format=long;context=http://statistics.data.gov.uk/id/local-authority/00BZ
St. Helens;format=short;context=http://statistics.data.gov.uk/id/local-authority/00BZ
Stafford Borough Council;format=long;context=http://statistics.data.gov.uk/id/local-authority/41UG
Stafford;format=short;context=http://statistics.data.gov.uk/id/local-authority/41UG
Staffordshire County Council;format=long;context=http://statistics.data.gov.uk/id/local-authority/41
Staffordshire Moorlands District Council;format=long;context=http://statistics.data.gov.uk/id/local-authority/41UH
Staffordshire Moorlands;format=short;context=http://statistics.data.gov.uk/id/local-authority/41UH
Stevenage Borough Council;format=long;context=http://statistics.data.gov.uk/id/local-authority/26UH
Stevenage;format=short;context=http://statistics.data.gov.uk/id/local-authority/26UH
Stirling Council;format=long;context=http://statistics.data.gov.uk/id/local-authority/00RG
Stirling;format=short;context=http://statistics.data.gov.uk/id/local-authority/00RG
Stockport Borough Council;format=long;context=http://statistics.data.gov.uk/id/local-authority/00BS
Stockport;format=short;context=http://statistics.data.gov.uk/id/local-authority/00BS
Stockton-on-Tees Borough Council;format=long;context=http://statistics.data.gov.uk/id/local-authority/00EF
Stockton-on-Tees;format=short;context=http://statistics.data.gov.uk/id/local-authority/00EF
Stoke-on-Trent City Council;format=long;context=http://statistics.data.gov.uk/id/local-authority/00GL
Stoke-on-Trent;format=short;context=http://statistics.data.gov.uk/id/local-authority/00GL
Stratford-on-Avon District Council;format=long;context=http://statistics.data.gov.uk/id/local-authority/44UE
Stratford-on-Avon;format=short;context=http://statistics.data.gov.uk/id/local-authority/44UE
Stroud District Council;format=long;context=http://statistics.data.gov.uk/id/local-authority/23UF
Stroud;format=short;context=http://statistics.data.gov.uk/id/local-authority/23UF
Suffolk Coastal District Council;format=long;context=http://statistics.data.gov.uk/id/local-authority/42UG
Suffolk Coastal;format=short;context=http://statistics.data.gov.uk/id/local-authority/42UG
Suffolk County Council;format=long;context=http://statistics.data.gov.uk/id/local-authority/42
Sunderland City Council;format=long;context=http://statistics.data.gov.uk/id/local-authority/00CM
Sunderland;format=short;context=http://statistics.data.gov.uk/id/local-authority/00CM
Surrey County Council;format=long;context=http://statistics.data.gov.uk/id/local-authority/43
Surrey Heath Borough Council;format=long;context=http://statistics.data.gov.uk/id/local-authority/43UJ
Surrey Heath;format=short;context=http://statistics.data.gov.uk/id/local-authority/43UJ
Sutton London Borough Council;format=long;context=http://statistics.data.gov.uk/id/local-authority/00BF
Sutton Borough Council;format=truncated;context=http://statistics.data.gov.uk/id/local-authority/00BF
Sutton;format=short;context=http://statistics.data.gov.uk/id/local-authority/00BF
Swale Borough Council;format=long;context=http://statistics.data.gov.uk/id/local-authority/29UM
Swale;format=short;context=http://statistics.data.gov.uk/id/local-authority/29UM
Swansea City and Borough Council;format=long;context=http://statistics.data.gov.uk/id/local-authority/00NX
Swansea;format=short;context=http://statistics.data.gov.uk/id/local-authority/00NX
Swindon Borough Council;format=long;context=http://statistics.data.gov.uk/id/local-authority/00HX
Swindon;format=short;context=http://statistics.data.gov.uk/id/local-authority/00HX
Tameside Borough Council;format=long;context=http://statistics.data.gov.uk/id/local-authority/00BT
Tameside;format=short;context=http://statistics.data.gov.uk/id/local-authority/00BT
Tamworth Borough Council;format=long;context=http://statistics.data.gov.uk/id/local-authority/41UK
Tamworth;format=short;context=http://statistics.data.gov.uk/id/local-authority/41UK
Tandridge District Council;format=long;context=http://statistics.data.gov.uk/id/local-authority/43UK
Tandridge;format=short;context=http://statistics.data.gov.uk/id/local-authority/43UK
Taunton Deane Borough Council;format=long;context=http://statistics.data.gov.uk/id/local-authority/40UE
Taunton Deane;format=short;context=http://statistics.data.gov.uk/id/local-authority/40UE
Teignbridge District Council;format=long;context=http://statistics.data.gov.uk/id/local-authority/18UH
Teignbridge;format=short;context=http://statistics.data.gov.uk/id/local-authority/18UH
Telford and Wrekin Borough Council;format=long;context=http://statistics.data.gov.uk/id/local-authority/00GF
Telford and Wrekin;format=short;context=http://statistics.data.gov.uk/id/local-authority/00GF
Tendring District Council;format=long;context=http://statistics.data.gov.uk/id/local-authority/22UN
Tendring;format=short;context=http://statistics.data.gov.uk/id/local-authority/22UN
Test Valley Borough Council;format=long;context=http://statistics.data.gov.uk/id/local-authority/24UN
Test Valley;format=short;context=http://statistics.data.gov.uk/id/local-authority/24UN
Tewkesbury Borough Council;format=long;context=http://statistics.data.gov.uk/id/local-authority/23UG
Tewkesbury;format=short;context=http://statistics.data.gov.uk/id/local-authority/23UG
Thanet District Council;format=long;context=http://statistics.data.gov.uk/id/local-authority/29UN
Thanet;format=short;context=http://statistics.data.gov.uk/id/local-authority/29UN
The Highland Council;format=long;context=http://statistics.data.gov.uk/id/local-authority/00QT
Highland;format=short;context=http://statistics.data.gov.uk/id/local-authority/00QT
The Vale of Glamorgan County Borough Council;format=long;context=http://statistics.data.gov.uk/id/local-authority/00PD
The Vale of Glamorgan;format=short;context=http://statistics.data.gov.uk/id/local-authority/00PD
Three Rivers District Council;format=long;context=http://statistics.data.gov.uk/id/local-authority/26UJ
Three Rivers;format=short;context=http://statistics.data.gov.uk/id/local-authority/26UJ
Thurrock Borough Council;format=long;context=http://statistics.data.gov.uk/id/local-authority/00KG
Thurrock;format=short;context=http://statistics.data.gov.uk/id/local-authority/00KG
Tonbridge and Malling Borough Council;format=long;context=http://statistics.data.gov.uk/id/local-authority/29UP
Tonbridge and Malling;format=short;context=http://statistics.data.gov.uk/id/local-authority/29UP
Torbay Borough Council;format=long;context=http://statistics.data.gov.uk/id/local-authority/00HH
Torbay;format=short;context=http://statistics.data.gov.uk/id/local-authority/00HH
Torfaen County Borough Council;format=long;context=http://statistics.data.gov.uk/id/local-authority/00PM
Torfaen;format=short;context=http://statistics.data.gov.uk/id/local-authority/00PM
Torridge District Council;format=long;context=http://statistics.data.gov.uk/id/local-authority/18UK
Torridge;format=short;context=http://statistics.data.gov.uk/id/local-authority/18UK
Tower Hamlets London Borough Council;format=long;context=http://statistics.data.gov.uk/id/local-authority/00BG
Tower Hamlets Borough Council;format=truncated;context=http://statistics.data.gov.uk/id/local-authority/00BG
Tower Hamlets;format=short;context=http://statistics.data.gov.uk/id/local-authority/00BG
Trafford Borough Council;format=long;context=http://statistics.data.gov.uk/id/local-authority/00BU
Trafford;format=short;context=http://statistics.data.gov.uk/id/local-authority/00BU
Tunbridge Wells Borough Council;format=long;context=http://statistics.data.gov.uk/id/local-authority/29UQ
Tunbridge Wells;format=short;context=http://statistics.data.gov.uk/id/local-authority/29UQ
Uttlesford District Council;format=long;context=http://statistics.data.gov.uk/id/local-authority/22UQ
Uttlesford;format=short;context=http://statistics.data.gov.uk/id/local-authority/22UQ
Vale of White Horse District Council;format=long;context=http://statistics.data.gov.uk/id/local-authority/38UE
Vale of White Horse;format=short;context=http://statistics.data.gov.uk/id/local-authority/38UE
Wakefield City Council;format=long;context=http://statistics.data.gov.uk/id/local-authority/00DB
Wakefield;format=short;context=http://statistics.data.gov.uk/id/local-authority/00DB
Walsall Borough Council;format=long;context=http://statistics.data.gov.uk/id/local-authority/00CU
Walsall;format=short;context=http://statistics.data.gov.uk/id/local-authority/00CU
Waltham Forest London Borough Council;format=long;context=http://statistics.data.gov.uk/id/local-authority/00BH
Waltham Forest Borough Council;format=truncated;context=http://statistics.data.gov.uk/id/local-authority/00BH
Waltham Forest;format=short;context=http://statistics.data.gov.uk/id/local-authority/00BH
Wandsworth London Borough Council;format=long;context=http://statistics.data.gov.uk/id/local-authority/00BJ
Wandsworth Borough Council;format=truncated;context=http://statistics.data.gov.uk/id/local-authority/00BJ
Wandsworth;format=short;context=http://statistics.data.gov.uk/id/local-authority/00BJ
Warrington Borough Council;format=long;context=http://statistics.data.gov.uk/id/local-authority/00EU
Warrington;format=short;context=http://statistics.data.gov.uk/id/local-authority/00EU
Warwick District Council;format=long;context=http://statistics.data.gov.uk/id/local-authority/44UF
Warwick;format=short;context=http://statistics.data.gov.uk/id/local-authority/44UF
Warwickshire County Council;format=long;context=http://statistics.data.gov.uk/id/local-authority/44
Watford Borough Council;format=long;context=http://statistics.data.gov.uk/id/local-authority/26UK
Watford;format=short;context=http://statistics.data.gov.uk/id/local-authority/26UK
Waveney District Council;format=long;context=http://statistics.data.gov.uk/id/local-authority/42UH
Waveney;format=short;context=http://statistics.data.gov.uk/id/local-authority/42UH
Waverley Borough Council;format=long;context=http://statistics.data.gov.uk/id/local-authority/43UL
Waverley;format=short;context=http://statistics.data.gov.uk/id/local-authority/43UL
Wealden District Council;format=long;context=http://statistics.data.gov.uk/id/local-authority/21UH
Wealden;format=short;context=http://statistics.data.gov.uk/id/local-authority/21UH
Wellingborough Borough Council;format=long;context=http://statistics.data.gov.uk/id/local-authority/34UH
Wellingborough;format=short;context=http://statistics.data.gov.uk/id/local-authority/34UH
Welwyn Hatfield Borough Council;format=long;context=http://statistics.data.gov.uk/id/local-authority/26UL
Welwyn Hatfield;format=short;context=http://statistics.data.gov.uk/id/local-authority/26UL
West Berkshire District Council;format=long;context=http://statistics.data.gov.uk/id/local-authority/00MB
West Berkshire;format=short;context=http://statistics.data.gov.uk/id/local-authority/00MB
West Devon Borough Council;format=long;context=http://statistics.data.gov.uk/id/local-authority/18UL
West Devon;format=short;context=http://statistics.data.gov.uk/id/local-authority/18UL
West Dorset District Council;format=long;context=http://statistics.data.gov.uk/id/local-authority/19UH
West Dorset;format=short;context=http://statistics.data.gov.uk/id/local-authority/19UH
West Dunbartonshire Council;format=long;context=http://statistics.data.gov.uk/id/local-authority/00QG
West Dunbartonshire;format=short;context=http://statistics.data.gov.uk/id/local-authority/00QG
West Lancashire District Council;format=long;context=http://statistics.data.gov.uk/id/local-authority/30UP
West Lancashire;format=short;context=http://statistics.data.gov.uk/id/local-authority/30UP
West Lindsey District Council;format=long;context=http://statistics.data.gov.uk/id/local-authority/32UH
West Lindsey;format=short;context=http://statistics.data.gov.uk/id/local-authority/32UH
West Lothian Council;format=long;context=http://statistics.data.gov.uk/id/local-authority/00RH
West Lothian;format=short;context=http://statistics.data.gov.uk/id/local-authority/00RH
West Oxfordshire District Council;format=long;context=http://statistics.data.gov.uk/id/local-authority/38UF
West Oxfordshire;format=short;context=http://statistics.data.gov.uk/id/local-authority/38UF
West Somerset District Council;format=long;context=http://statistics.data.gov.uk/id/local-authority/40UF
West Somerset;format=short;context=http://statistics.data.gov.uk/id/local-authority/40UF
West Sussex County Council;format=long;context=http://statistics.data.gov.uk/id/local-authority/45
Westminster City Council;format=long;context=http://statistics.data.gov.uk/id/local-authority/00BK
Westminster;format=short;context=http://statistics.data.gov.uk/id/local-authority/00BK
Weymouth and Portland Borough Council;format=long;context=http://statistics.data.gov.uk/id/local-authority/19UJ
Weymouth and Portland;format=short;context=http://statistics.data.gov.uk/id/local-authority/19UJ
Wigan Borough Council;format=long;context=http://statistics.data.gov.uk/id/local-authority/00BW
Wigan;format=short;context=http://statistics.data.gov.uk/id/local-authority/00BW
Wiltshire County Council;format=long;context=http://statistics.data.gov.uk/id/local-authority/00HY
Wiltshire County Council;format=long;context=http://statistics.data.gov.uk/id/local-authority/46
Winchester City Council;format=long;context=http://statistics.data.gov.uk/id/local-authority/24UP
Winchester;format=short;context=http://statistics.data.gov.uk/id/local-authority/24UP
Windsor and Maidenhead Royal Borough Council;format=long;context=http://statistics.data.gov.uk/id/local-authority/00ME
Windsor and Maidenhead;format=short;context=http://statistics.data.gov.uk/id/local-authority/00ME
Wirral Borough Council;format=long;context=http://statistics.data.gov.uk/id/local-authority/00CB
Wirral;format=short;context=http://statistics.data.gov.uk/id/local-authority/00CB
Woking Borough Council;format=long;context=http://statistics.data.gov.uk/id/local-authority/43UM
Woking;format=short;context=http://statistics.data.gov.uk/id/local-authority/43UM
Wokingham District Council;format=long;context=http://statistics.data.gov.uk/id/local-authority/00MF
Wokingham;format=short;context=http://statistics.data.gov.uk/id/local-authority/00MF
Wolverhampton City Council;format=long;context=http://statistics.data.gov.uk/id/local-authority/00CW
Wolverhampton;format=short;context=http://statistics.data.gov.uk/id/local-authority/00CW
Worcester City Council;format=long;context=http://statistics.data.gov.uk/id/local-authority/47UE
Worcester;format=short;context=http://statistics.data.gov.uk/id/local-authority/47UE
Worcestershire County Council;format=long;context=http://statistics.data.gov.uk/id/local-authority/47
Worthing Borough Council;format=long;context=http://statistics.data.gov.uk/id/local-authority/45UH
Worthing;format=short;context=http://statistics.data.gov.uk/id/local-authority/45UH
Wrexham County Borough Council;format=long;context=http://statistics.data.gov.uk/id/local-authority/00NL
Wrexham;format=short;context=http://statistics.data.gov.uk/id/local-authority/00NL
Wychavon District Council;format=long;context=http://statistics.data.gov.uk/id/local-authority/47UF
Wychavon;format=short;context=http://statistics.data.gov.uk/id/local-authority/47UF
Wycombe District Council;format=long;context=http://statistics.data.gov.uk/id/local-authority/11UF
Wycombe;format=short;context=http://statistics.data.gov.uk/id/local-authority/11UF
Wyre Borough Council;format=long;context=http://statistics.data.gov.uk/id/local-authority/30UQ
Wyre;format=short;context=http://statistics.data.gov.uk/id/local-authority/30UQ
Wyre Forest District Council;format=long;context=http://statistics.data.gov.uk/id/local-authority/47UG
Wyre Forest;format=short;context=http://statistics.data.gov.uk/id/local-authority/47UG
York City Council;format=long;context=http://statistics.data.gov.uk/id/local-authority/00FF
York;format=short;context=http://statistics.data.gov.uk/id/local-authority/00FF
