British Shipbuilders
Commissioner for Children and Young People for Northern Ireland
Communications for Business
Consumer Communications for England
English Nature
Enterprise Ulster
Food from Britain
Gangmasters Licensing Authority
Her Majesty's Chief Inspector of Education and Training in Wales
Her Majesty's Commissioners for Judicial Appointments
Horticulture Research International
Invest Northern Ireland
Investors in People UK
Natural England
Sir John Soane's Museum
Sport England
Strategic Rail Authority
Adjudication Panel for Wales;prepend=The
Adjudicator for the Inland Revenue and Customs and Excise;prepend=The
Administration of Radioactive Substances Advisory Committee;prepend=The
Adult Learning Inspectorate;prepend=The
Advisory Board on Restricted Patients;prepend=The
Advisory Board on the Registration of Homoeopathic Products;prepend=The
Advisory Committee for Disabled People in Employment and Training;prepend=The
Advisory Committee for the Public Lending Right;prepend=The
Advisory Committee on Advertising;prepend=The
Advisory Committee on Animal Feedingstuffs;prepend=The
Advisory Committee on Borderline Substances;prepend=The
Advisory Committee on Business Appointments;prepend=The
Advisory Committee on Business and the Environment;prepend=The
Advisory Committee on Conscientious Objectors;prepend=The
Advisory Committee on Consumer Products and the Environment;prepend=The
Advisory Committee on Dangerous Pathogens;prepend=The
Advisory Committee on Hazardous Substances;prepend=The
Advisory Committee on Historic Wreck Sites;prepend=The
Advisory Committee on Justices of the Peace in Northern Ireland;prepend=The
Advisory Committee on Novel Foods and Processes;prepend=The
Advisory Committee on Organic Standards;prepend=The
Advisory Committee on Overseas Economic and Social Research;prepend=The
Advisory Committee on Packaging;prepend=The
Advisory Committee on Pesticides;prepend=The
Advisory Committee on Pesticides for Northern Ireland;prepend=The
Advisory Committee on Releases to the Environment;prepend=The
Advisory Committee on Statute Law;prepend=The
Advisory Committee on Telecommunications for the Disabled and Elderly;prepend=The
Advisory Committee on the Government Art Collection;prepend=The
Advisory Committee on the Microbiological Safety of Food;prepend=The
Advisory Council on Historical Manuscripts;prepend=The
Advisory Council on Libraries;prepend=The
Advisory Council on National Records and Archives;prepend=The
Advisory Council on Public Records;prepend=The
Advisory Council on the Misuse of Drugs;prepend=The
Advisory Group on Hepatitis;prepend=The
Advisory Group on Medical Countermeasures;prepend=The
Advisory Panel on Beacon Councils;prepend=The
Advisory Panel on Public Sector Information ;prepend=The
Advisory Panel on Standards for the Planning Inspectorate;prepend=The
Advisory committee on Clinical Excellence Awards;prepend=The
Aerospace Committee;prepend=The
Agri-food and Biosciences Institute;prepend=The
Agricultural Wages Board for Northern Ireland;prepend=The
Agriculture and Environment Biotechnology Commission;prepend=The
Air Quality Expert Group;prepend=The
Airborne Particles Expert Group;prepend=The
Alcohol Education and Research Council;prepend=The
All-Wales Medicines Strategy Group;prepend=The
Animal Procedures Committee;prepend=The
Animal Welfare Advisory Committee;prepend=The
Architects Registration Board;prepend=The
Armed Forces Pay Review Body;prepend=The
Arts Council of England;prepend=The
Arts Council of Northern Ireland;prepend=The
Arts Council of Wales;prepend=The
Arts and Humanities Research Council;prepend=The
Assembly Ombudsman for Northern Ireland;prepend=The
Audit Commission for Local Authorities and the National Health Service in England and Wales;prepend=The
Auditor General for Wales;prepend=The
Authorised Conveyancing Practitioners Board;prepend=The
Bank of England;prepend=The
Belfast Harbour Commissioners;prepend=The
Better Regulation Task Force;prepend=The
Biotechnology and Biological Sciences Research Council;prepend=The
Board of Trustees of National Museums and Galleries of Northern Ireland;prepend=The
Board of the Pension Protection Fund;prepend=The
Boundary Commission for Northern Ireland;prepend=The
Britain-Russia Centre and East-West Centre;prepend=The
British Association for Central and Eastern Europe;prepend=The
British Broadcasting Corporation;prepend=The
British Coal Corporation;prepend=The
British Council;prepend=The
British Educational Communications and Technology Agency;prepend=The
British Hallmarking Council;prepend=The
British Library;prepend=The
British Museum;prepend=The
British Pharmacopoeia Commission;prepend=The
British Potato Council;prepend=The
British Railways Board;prepend=The
British Tourist Authority;prepend=The
British Transport Police Authority ;prepend=The
British Waterways Board;prepend=The
British Wool Marketing Board;prepend=The
Broadcasting Standards Commission;prepend=The
Building Regulations Advisory Committee;prepend=The
Care Council for Wales;prepend=The
Central Advisory Committee on War Pensions;prepend=The
Central Police Training and Development Authority;prepend=The
Central Rail Users' Consultative Committee;prepend=The
Certification Officer for Northern Ireland;prepend=The
Certification Officer. ;prepend=The
Channel Four Television Corporation;prepend=The
Charities Advisory Committee;prepend=The
Chemical Weapons Convention National Authority Advisory Committee;prepend=The
Chief Electoral Officer for Northern Ireland;prepend=The
Chief Inspector of Criminal Justice in Northern Ireland;prepend=The
Children and Family Court Advisory and Support Service;prepend=The
Children's Commissioner;prepend=The
Children's Commissioner for Wales;prepend=The
Civil Aviation Authority;prepend=The
Civil Justice Council;prepend=The
Civil Procedure Rule Committee;prepend=The
Civil Service Appeal Board;prepend=The
Civil Service Commissioners;prepend=The
Civil Service Commissioners for Northern Ireland;prepend=The
Coal Authority;prepend=The
Commission for Architecture and the Built Environment;prepend=The
Commission for Equality and Human Rights;prepend=The
Commission for Healthcare Audit and Inspection;prepend=The
Commission for Integrated Transport;prepend=The
Commission for Local Administration in England.;prepend=The
Commission for Racial Equality;prepend=The
Commission for Social Care Inspection;prepend=The
Commission for the New Towns;prepend=The
Commissioner for Public Appointments;prepend=The
Commissioner for Public Appointments for Northern Ireland;prepend=The
Commissioners of Northern Lighthouses;prepend=The
Committee for Monitoring Agreements on Tobacco Advertising and Sponsorship;prepend=The
Committee of Investigation for Great Britain;prepend=The
Committee on Agricultural Valuation;prepend=The
Committee on Carcinogenicity of Chemicals in Food, Consumer Products and the Environment;prepend=The
Committee on Chemicals and Materials of Construction For Use in Public Water Supply and Swimming Pools.;prepend=The
Committee on Medical Aspects of Food and Nutrition Policy;prepend=The
Committee on Medical Aspects of Radiation in the Environment;prepend=The
Committee on Mutagenicity of Chemicals in Food, Consumer Products and the Environment;prepend=The
Committee on Radioactive Waste Management;prepend=The
Committee on Safety of Devices;prepend=The
Committee on Standards in Public Life;prepend=The
Committee on Toxicity of Chemicals in Food, Consumer Products and the Environment;prepend=The
Committee on the Medical Effects of Air Pollutants;prepend=The
Committee on the Safety of Medicines;prepend=The
Commonwealth Scholarship Commission in the United Kingdom;prepend=The
Community Development Foundation;prepend=The
Competition Commission, in relation to information held by it otherwise than as a tribunal;prepend=The
Competition Service;prepend=The
Construction Industry Training Board;prepend=The
Construction Industry Training Board.;prepend=The
Consultative Civic Forum;prepend=The
Consumer Council for Postal Services;prepend=The
Consumer Panel;prepend=The
Council for Catholic Maintained Schools;prepend=The
Council for Nature Conservation and the Countryside;prepend=The
Council for Science and Technology;prepend=The
Council for the Central Laboratory of the Research Councils;prepend=The
Council for the Regulation of Health Care Professionals;prepend=The
Council on Tribunals;prepend=The
Countryside Agency;prepend=The
Countryside Council for Wales;prepend=The
County Court Rules Committee (Northern Ireland);prepend=The
Covent Garden Market Authority;prepend=The
Criminal Cases Review Commission;prepend=The
Criminal Injuries Compensation Appeals Panel;prepend=The
Criminal Injuries Compensation Appeals Panel for Northern Ireland;prepend=The
Criminal Injuries Compensation Authority;prepend=The
Criminal Justice Consultative Council;prepend=The
Criminal Procedure Rules Committee;prepend=The
Crown Court Rule Committee;prepend=The
Dartmoor Steering Group and Working Party;prepend=The
Darwin Advisory Committee;prepend=The
Defence Nuclear Safety Committee;prepend=The
Defence Scientific Advisory Council;prepend=The
Design Council;prepend=The
Diplomatic Service Appeal Board;prepend=The
Director of Fair Access to Higher Education;prepend=The
Disability Employment Advisory Committee;prepend=The
Disability Living Allowance Advisory Board;prepend=The
Disability Living Allowance Advisory Board for Northern Ireland;prepend=The
Disability Rights Commission;prepend=The
Disabled Persons Transport Advisory Committee;prepend=The
Distinction and Meritorious Service Awards Committee;prepend=The
Distributed Generation Co-Ordinating Group;prepend=The
Drainage Council for Northern Ireland;prepend=The
East of England Development Agency;prepend=The
East of England Industrial Development Board;prepend=The
Economic and Social Research Council;prepend=The
Electoral Commission;prepend=The
Engineering Construction Industry Training Board;prepend=The
Engineering and Physical Sciences Research Council;prepend=The
English Tourist Board;prepend=The
Environment Agency;prepend=The
Equal Opportunities Commission;prepend=The
Equality Commission for Northern Ireland;prepend=The
Ethnic Minority Business Forum ;prepend=The
Expert Advisory Group on AIDS ;prepend=The
Expert Group on Cryptosporidium in Water Supplies;prepend=The
Export Guarantees Advisory Council;prepend=The
Family Justice Council;prepend=The
Family Procedure Rule Committee;prepend=The
Family Proceedings Rules Committee;prepend=The
Family Proceedings Rules Committee (Northern Ireland);prepend=The
Farm Animal Welfare Council;prepend=The
Financial Reporting Advisory Board;prepend=The
Financial Services Authority;prepend=The
Fire Services Examination Board;prepend=The
Firearms Consultative Committee;prepend=The
Fisheries Conservancy Board for Northern Ireland;prepend=The
Food Advisory Committee;prepend=The
Football Licensing Authority;prepend=The
Fuel Cell Advisory Panel;prepend=The
Fuel Poverty Advisory Group;prepend=The
Gaelic Media Service;prepend=The
Gambling Commission;prepend=The
Gas and Electricity Consumer Council;prepend=The
Gene Therapy Advisory Committee;prepend=The
General Chiropractic Council;prepend=The
General Consumer Council for Northern Ireland;prepend=The
General Dental Council;prepend=The
General Medical Council;prepend=The
General Optical Council;prepend=The
General Osteopathic Council;prepend=The
General Social Care Council;prepend=The
General Teaching Council for England;prepend=The
General Teaching Council for Northern Ireland;prepend=The
General Teaching Council for Wales;prepend=The
Genetics and Insurance Committee;prepend=The
Government Chemist;prepend=The
Government Hospitality Advisory Committee for the Purchase of Wine;prepend=The
Government-Industry Forum on Non-Food Use of Crops;prepend=The
Governors of the Armargh Observatory and Planetarium;prepend=The
Great Britain-China Centre;prepend=The
Harbour of Donaghadee Commissioners;prepend=The
Health Professions Council;prepend=The
Health Protection Agency;prepend=The
Health Service Commissioner for England;prepend=The
Health and Safety Agency for Northern Ireland;prepend=The
Health and Safety Commission;prepend=The
Health and Safety Executive;prepend=The
Hearing Aid Council;prepend=The
Higher Education Funding Council for England;prepend=The
Higher Education Funding Council for Wales;prepend=The
Historic Buildings Council;prepend=The
Historic Buildings and Monuments Commission for England;prepend=The
Historic Monuments Council;prepend=The
Historic Royal Palaces Trust;prepend=The
Home-Grown Cereals Authority;prepend=The
Horserace Betting Levy Board;prepend=The
Horserace Totalisator Board;prepend=The
Horticultural Development Council;prepend=The
House of Lords Appointments Commission;prepend=The
Housing Corporation;prepend=The
Human Fertilisation and Embryology Authority;prepend=The
Human Genetics Commission;prepend=The
Human Tissue Authority;prepend=The
Immigration Services Commissioner;prepend=The
Imperial War Museum;prepend=The
Independent Advisory Group on Teenage Pregnancy;prepend=The
Independent Assessor of Military Complaints Procedures in Northern Ireland;prepend=The
Independent Board of Visitors for Military Corrective Training Centres;prepend=The
Independent Case Examiner for the Child Support Agency;prepend=The
Independent Commissioner for Holding Centres;prepend=The
Independent Commission on Banking;prepend=The
Independent Groundwater Complaints Administrator;prepend=The
Independent Living Funds;prepend=The
Independent Police Complaints Commission;prepend=The
Independent Regulator of NHS Foundation Trusts;prepend=The
Independent Review Panel for Advertising;prepend=The
Independent Review Panel for Borderline Products;prepend=The
Independent Scientific Group on Cattle Tuberculosis;prepend=The
Independent Television Commission;prepend=The
Industrial Development Advisory Board;prepend=The
Industrial Injuries Advisory Council;prepend=The
Information Commissioner;prepend=The
Inland Waterways Amenity Advisory Council;prepend=The
Insolvency Rules Committee;prepend=The
Integrated Administration and Controls System Appeals Panel;prepend=The
Intellectual Property Advisory Committee;prepend=The
Joint Committee on Vaccination and Immunisation;prepend=The
Joint Committee on Human Rights;prepend=The
Joint Nature Conservation Committee;prepend=The
Joint Prison/Probation Accreditation Panel;prepend=The
Judicial Appointments Commission;prepend=The
Judicial Appointments and Conduct Ombudsman;prepend=The
Judicial Studies Board;prepend=The
Know-How Fund Advisory Board;prepend=The
Labour Relations Agency;prepend=The
Laganside Corporation;prepend=The
Land Registration Rule Committee;prepend=The
Law Commission;prepend=The
Law Reform Advisory Committee for Northern Ireland;prepend=The
Lay Observer for Northern Ireland;prepend=The
Learning and Skills Council for England;prepend=The
Legal Aid Advisory Committee (Northern Ireland);prepend=The
Legal Services Commission;prepend=The
Legal Services Complaints Commissioner;prepend=The
Legal Services Consultative Panel;prepend=The
Legal Services Ombudsman;prepend=The
Life Sentence Review Commissioners;prepend=The
Livestock & Meat Commission for Northern Ireland;prepend=The
Local Government Boundary Commission for Wales;prepend=The
Local Government Commission for England;prepend=The
Local Government Staff Commission;prepend=The
London Pensions Fund Authority;prepend=The
London and South East Industrial Development Board;prepend=The
Londonderry Port and Harbour Commissioners;prepend=The
Low Pay Commission;prepend=The
Magistrates' Courts Rules Committee;prepend=The
Magistrates' Courts Rules Committee (Northern Ireland);prepend=The
Marshall Aid Commemoration Commission;prepend=The
Measurement Advisory Committee;prepend=The
Meat and Livestock Commission;prepend=The
Medicines and Healthcare products Regulatory Agency;prepend=The
Medical Research Council;prepend=The
Medicines Commission;prepend=The
Mental Health Commission for Northern Ireland;prepend=The
Milk Development Council;prepend=The
Millennium Commission;prepend=The
Museum of London;prepend=The
Museums, Libraries and Archives Council;prepend=The
National Army Museum;prepend=The
National Audit Office;prepend=The
National Biological Standards Board (UK);prepend=The
National Care Standards Commission;prepend=The
National Consumer Council;prepend=The
National Employers' Liaison Committee;prepend=The
National Employment Panel;prepend=The
National Endowment for Science, Technology and the Arts;prepend=The
National Forest Company;prepend=The
National Gallery;prepend=The
National Heritage Memorial Fund;prepend=The
National Library of Wales;prepend=The
National Lottery Charities Board;prepend=The
National Lottery Commission;prepend=The
National Maritime Museum;prepend=The
National Museum of Science and Industry;prepend=The
National Museums and Galleries of Wales;prepend=The
National Museums and Galleries on Merseyside;prepend=The
National Portrait Gallery;prepend=The
Natural Environment Research Council;prepend=The
Natural History Museum;prepend=The
New Deal Task Force;prepend=The
New Opportunities Fund;prepend=The
North East Industrial Development Board;prepend=The
North West Industrial Development Board;prepend=The
Northern Ireland Audit Office;prepend=The
Northern Ireland Building Regulations Advisory Committee;prepend=The
Northern Ireland Civil Service Appeal Board;prepend=The
Northern Ireland Commissioner for Complaints;prepend=The
Northern Ireland Community Relations Council;prepend=The
Northern Ireland Council for the Curriculum, Examinations and Assessment;prepend=The
Northern Ireland Crown Court Rules Committee;prepend=The
Northern Ireland Events Company;prepend=The
Northern Ireland Fire and Rescue Service Board;prepend=The
Northern Ireland Fishery Harbour Authority;prepend=The
Northern Ireland Health and Personal Social Services Regulation and Improvement Authority;prepend=The
Northern Ireland Higher Education Council;prepend=The
Northern Ireland Housing Executive;prepend=The
Northern Ireland Human Rights Commission;prepend=The
Northern Ireland Insolvency Rules Committee;prepend=The
Northern Ireland Judicial Appointments Commission;prepend=The
Northern Ireland Judicial Appointments Ombudsman;prepend=The
Northern Ireland Legal Services Commission;prepend=The
Northern Ireland Local Government Officers' Superannuation Committee;prepend=The
Northern Ireland Museums Council;prepend=The
Northern Ireland Pig Production Development Committee;prepend=The
Northern Ireland Practice and Education Council for Nursing and Midwifery;prepend=The
Northern Ireland Social Care Council;prepend=The
Northern Ireland Supreme Court Rules Committee;prepend=The
Northern Ireland Tourist Board;prepend=The
Northern Ireland Transport Holding Company;prepend=The
Northern Ireland Water Council;prepend=The
Nuclear Decommissioning Authority;prepend=The
Nuclear Research Advisory Council;prepend=The
Nursing and Midwifery Council;prepend=The
Office of Fair Trading;prepend=The
OSO Board;prepend=The
Office for National Statistics;prepend=The
Ofcom;full=Office of Communications
Ofgem;full=Office of the Gas and Electricity Markets
Ofqual;full=Office of Qualifications and Examinations Regulation
Ofsted;full=Office for Standards in Education, Children's Services and Skills
Office of the Gas and Electricity Markets;prepend=The
Office of Communications;prepend=The
Office of Government Commerce;prepend=The
Office of Manpower Economics;prepend=The
Office of Qualifications and Examinations Regulation
Oil and Pipelines Agency;prepend=The
Olympic Delivery Authority;prepend=The
Ombudsman for the Board of the Pension Protection Fund ;prepend=The
Overseas Service Pensions Scheme Advisory Board;prepend=The
Parades Commission;prepend=The
Parliamentary Boundary Commission for England;prepend=The
Parliamentary Boundary Commission for Scotland;prepend=The
Parliamentary Boundary Commission for Wales;prepend=The
Parliamentary Commissioner for Administration;prepend=The
Parole Board;prepend=The
Particle Physics and Astronomy Research Council;prepend=The
Patient Information Advisory Group;prepend=The
Pensions Ombudsman;prepend=The
Pensions Regulator ;prepend=The
Pesticide Residues Committee;prepend=The
Pesticides Forum;prepend=The
Pharmaceutical Society of Northern Ireland;prepend=The
Poisons Board;prepend=The
Poisons Board;prepend=The
Poisons Board (Northern Ireland);prepend=The
Police Advisory Board for England and Wales;prepend=The
Police Information Technology Organisation;prepend=The
Police Negotiating Board;prepend=The
Police Ombudsman for Northern Ireland;prepend=The
Political Honours Scrutiny Committee;prepend=The
Post Office;prepend=The
Postgraduate Medical Education and Training Board;prepend=The
Prison Service Pay Review Body;prepend=The
Probation Board for Northern Ireland;prepend=The
Public Private Partnership Agreement Arbiter;prepend=The
Public Services Ombudsman for Wales;prepend=The
Qualifications Curriculum Authority;prepend=The
Race Education and Employment Forum;prepend=The
Race Relations Forum;prepend=The
Radio Authority;prepend=The
Radioactive Waste Management Advisory Committee;prepend=The
Registrar General for England and Wales;prepend=The
Registrar of Public Lending Right;prepend=The
Renewable Energy Advisory Committee;prepend=The
Renewables Advisory Board;prepend=The
Review Board for Government Contracts;prepend=The
Review Body for Nursing Staff, Midwives, Health Visitors and Professions Allied to Medicine;prepend=The
Review Body on Doctors and Dentists Remuneration;prepend=The
Reviewing Committee on the Export of Works of Art;prepend=The
Royal Air Force Museum;prepend=The
Royal Armouries;prepend=The
Royal Botanic Gardens, Kew;prepend=The
Royal College of Veterinary Surgeons;prepend=The
Royal Commission on Ancient and Historical Monuments of Wales;prepend=The
Royal Commission on Environmental Pollution;prepend=The
Royal Commission on Historical Manuscripts;prepend=The
Royal Hospital at Chelsea;prepend=The
Royal Mint Advisory Committee on the Design of Coins, Medals, Seals and Decorations;prepend=The
Royal Pharmaceutical Society of Great Britain;prepend=The
Rural Development Council for Northern Ireland. ;prepend=The
School Teachers' Review Body;prepend=The
Scientific Advisory Committee on Nutrition;prepend=The
Scientific Committee on Tobacco and Health;prepend=The
Scottish Committee of the Council on Tribunals;prepend=The
Sea Fish Industry Authority;prepend=The
Security Industry Authority;prepend=The
Senior Salaries Review Body;prepend=The
Sentence Review Commissioners appointed under section 1 of the Northern Ireland (Sentences) Act 1998;prepend=The
Sentencing Advisory Panel;prepend=The
Sentencing Guidelines Council;prepend=The
Small Business Council;prepend=The
Small Business Investment Task Force;prepend=The
Social Care Institute for Excellence;prepend=The
Social Security Advisory Committee;prepend=The
Social Services Inspectorate for Wales Advisory Group;prepend=The
South West Industrial Development Board;prepend=The
Specialist Advisory Committee on Antimicrobial Research;prepend=The
Spongiform Encephalopathy Advisory Committee;prepend=The
Sports Council for Northern Ireland;prepend=The
Sports Council for Wales;prepend=The
Staff Commission for Education and Library Boards;prepend=The
Standards Board for England;prepend=The
Standing Advisory Committee on Industrial Property;prepend=The
Standing Advisory Committee on Trunk Road Assessment;prepend=The
Standing Dental Advisory Committee;prepend=The
Statistics Advisory Committee;prepend=The
Statistics Commission;prepend=The
Statute Law Committee for Northern Ireland;prepend=The
Steering Committee on Pharmacy Postgraduate Education;prepend=The
Strategic Investment Board;prepend=The
Substance Misuse Advisory Panel;prepend=The
Sustainable Development Commission;prepend=The
Sustainable Energy Policy Advisory Board;prepend=The
Tate Gallery;prepend=The
Teacher Training Agency;prepend=The
Technical Advisory Board;prepend=The
Theatres Trust;prepend=The
Traffic Commissioners;prepend=The
Training and Development Agency for Schools;prepend=The
Treasure Valuation Committee;prepend=The
UK Advisory Panel for Health Care Workers Infected with Bloodborne Viruses;prepend=The
UK Chemicals Stakeholder Forum;prepend=The
UK Sports Council;prepend=The
United Kingdom Atomic Energy Authority;prepend=The
United Kingdom Xenotransplantation Interim Regulatory Authority;prepend=The
University for Industry;prepend=The
Unlinked Anonymous Serosurveys Steering Group;prepend=The
Unrelated Live Transplant Regulatory Authority;prepend=The
Urban Regeneration Agency;prepend=The
Valuation Tribunal Service;prepend=The
Veterinary Products Committee;prepend=The
Veterinary Residues Committee;prepend=The
Victoria and Albert Museum;prepend=The
Wales Centre for Health;prepend=The
Wallace Collection;prepend=The
War Pensions Committees;prepend=The
Warrenpoint Harbour Authority;prepend=The
Waste Management Advisory Board;prepend=The
Water Regulations Advisory Committee;prepend=The
Welsh Committee for Professional Development of Pharmacy;prepend=The
Welsh Dental Committee;prepend=The
Welsh Industrial Development Advisory Board;prepend=The
Welsh Language Board;prepend=The
Welsh Medical Committee;prepend=The
Welsh Nursing and Midwifery Committee;prepend=The
Welsh Optometric Committee;prepend=The
Welsh Pharmaceutical Committee;prepend=The
Welsh Scientific Advisory Committee;prepend=The
West Midlands Industrial Development Board;prepend=The
Westminster Foundation for Democracy;prepend=The
Wilton Park Academic Council;prepend=The
Wine Standards Board of the Vintners' Company;prepend=The
Women's National Commission;prepend=The
Yorkshire and the Humber and the East Midlands Industrial Development Board;prepend=The
Youth Justice Board for England and Wales;prepend=The
Zoos Forum;prepend=The