
Aberdeenshire
Anglesey
Angus
Argyll and Bute
Bedfordshire
Berkshire
Blaenau Gwent
Bridgend
Buckinghamshire
Caerphilly
Cambridgeshire
Cardiff
Carmarthenshire
Cerdigion
Cheshire
City of Bristol
City of London
Clackmannanshire
Co Antrim
Co Armagh
Co Down
Co Fermanagh
Co Londonderry
Tyrone
Antrim
Armagh
Fermanagh
Londonderry
Tyrone
Conwy
Cornwall
County Antrim
County Armagh
County Down
County Fermanagh
County Londonderry
County Tyrone
Cumbria
Denbighshire
Derbyshire
Devon
Dorset
Dumfries and Galloway
Durham
East Ayrshire
East Dunbartonshire
East Lothian
East Riding of Yorkshire
East Sussex
Eilean Siar
Essex
Falkirk
Fife
Flintshire
Gloucestershire
Greater London
Greater Manchester
Gwynedd
Hampshire
Herefordshire
Hertfordshire
Highland
Inverclyde
Isle of Wight
Kent
Lancashire
Leicestershire
Lincolnshire
Merseyside
Merthyr Tydfil
Midlothian
Monmouthshire
Moray
Neath Port Talbot
Newport
Norfolk
North Ayrshire
North Lanarkshire
North Yorkshire
Northamptonshire
Northumberland
Nottinghamshire
Orkney Islands
Oxfordshire
Pembrokeshire
Perth and Kinross
Powys
Renfrewshire
Rhondda Cynon Taff
Rutland
Shetland Islands
Shropshire
Somerset
South Ayrshire
South Lanarkshire
South Yorkshire
Staffordshire
Stirling
Suffolk
Surrey
Swansea
The Scottish Borders
The Vale of Glamorgan
Torfaen
Tyne and Wear
Warwickshire
West Dunbartonshire
West Lothian
West Midlands
West Sussex
West Yorkshire
Wiltshire
Worcestershire
Wrexham
