Aonach Beag;easting=197500;northing=833500;partial-context=7822;type=mountain
Ben Lawers;easting=263500;northing=741500;partial-context=20129;type=mountain
Ben Macdui;easting=299500;northing=799500;partial-context=20136;type=mountain
Ben Nevis;easting=216500;northing=771500;partial-context=20145;type=mountain
Blencathra;easting=332500;northing=527500;partial-context=205990;type=mountain
Braeriach;easting=295500;northing=799500;partial-context=30117;type=mountain
Cairn Gorm;easting=300500;northing=804500;partial-context=40952;type=mountain
Cairn Toul;easting=296500;northing=797500;partial-context=41043;type=mountain
Cross Fell;easting=368500;northing=534500;partial-context=66326;type=mountain
Great Gable;easting=321500;northing=510500;partial-context=102157;type=mountain
Helvellyn;easting=334500;northing=515500;partial-context=113154;type=mountain
Scafell Pike;easting=321500;northing=507500;partial-context=208442;type=mountain
Skiddaw;easting=326500;northing=529500;partial-context=214645;type=mountain
Carnedd Llewelyn;easting=268500;northing=364500;partial-context=44555;type=mountain
Glyder Fawr;easting=264500;northing=357500;partial-context=98992;type=mountain