volt;unit=V;count=1
amp;unit=A;count=1
joule;unit=J;count=1
kilojoule;unit=kJ;count=1000
megajoule;unit=MJ;count=1000000
watt;unit=W;count=1
kilowatt;unit=W;count=1000
megawatt;unit=W;count=1000000
gigawatt;unit=W;count=1000000000
terawatt;unit=W;count=1000000000000
volts;unit=V;count=1
amps;unit=A;count=1
joules;unit=J;count=1
kilojoules;unit=J;count=1000
megajoules;unit=J;count=1000000
watts;unit=W;count=1
kilowatts;unit=W;count=1000
megawatts;unit=W;count=1000000
gigawatts;unit=W;count=1000000000
terawatts;unit=W;count=1000000000000
kilowatt-hour;unit=kWh;count=1
kilowatt-hours;unit=kWh;count=1
megawatt-hour;unit=kWh;count=1000
megawatt-hours;unit=kWh;count=1000
gigawatt-hour;unit=kWh;count=1000000
gigawatt-hours;unit=kWh;count=1000000
terawatt-hour;unit=kWh;count=1000000000
terawatt-hours;unit=kWh;count=1000000000
kWh;unit=kWh;count=1
kW;unit=W;count=1000
MW;unit=W;count=1000000
GW;unit=W;count=1000000000
TW;unit=W;count=1000000000000
°C;unit=C;count=1
kJ;unit=J;count=1000000
MJ;unit=J;count=1000000


