
AD
Adoption
Adoptions
Affairs
Air
Airs
All
Annual
Annuals
App
Aquaduct
Area
Arts
As
Assembly
Asset
Assistant
Athletic
Atlantic
Attaché
Ave
Avenue
Aviation
Awareness
Back
Badge
Bay
BC
Bible
Blue
Britain
Bros
Brother
Brothers
Bully
Business
Busway
Cabinet
Campaign
Cancer
Cards
Catholics
Center
Centre
CEO
CFO
Chairman
Chief
Chief Constable
Chiropractic
City
Clients
Clips
Close
Co
Collector
Commendation
Commercial
Commission
Community
Company
Council
Conservative
Counsellor
Court
Crescent
CTO
Cubs
Cultural
Cup
De
Deco
Delivers
Department
Development
Dining
Direct
Director
Disability
District
Doll
Dons
Drive
Drivetime
Duties
Election
Electric
Em
Embankment
Energy
England
Enters
Epoque
European
Executive
Family
Farm
Father
FC
Feared
Festival
Finally
Fireman
Firma
First
Football
Foregate
Foreign
Front
Gallery
Gardens
General
Government
Greater
Guided
Harbour
Headroom
Health
Hebrides
High
Highways
Home
Hospital
House
In
Index
Industrial
Inn
Inner
Intelligence
Interior
Intervals
Investigation
Is
Islands
It
Jail
Jailed
Job
Join
Joins
Jr
Justice
Labour
League
Legal
Levels
Liberal
Life
Limited
Lose
Loses
Ltd
Management
Map
Maritime
MBE
Medal
Medical
Meeting
MEP
Mere
Ministries
Ministry
Moans
Modern
Monitor
Mother
Motors
Movie
Movies
MP
MSP
National
New
News
Newpaper
Nobs
Nominee
OBE
Of
Off
Office
Ombudsman
On
Online
Opium
Order
Os
Out
Outer
Parent
Parents
Partners
Partnership
Party
Penalty
Pensioner
Pensioners
Periods
Photo
Place
Plc
PM
Profile
Profiles
Project
Protected
QC
Quartext
Quay
Question
Quintet
Racecourse
Railway
Rd
Record
Ref
Reg
Registrar
Relativity
Republic
Reserve
Resort
Review
Revolution
Road
Room
RRP
Scheme
Science
Scores
Scotland
Secretary
Sector
Securities
Security
Servers
Sgt
Shop
Shops
Should
Show
Shower
Showers
Sister
Snr
Solicitors
Solidarity
Solstice
Sound
Speech
Splash
Sports
Square
SRP
St
Stars
Station
Store
Street
Suites
Super
Super Mare
Supporters
Surgeon
Synod
Tax
Tea
Teacher
Teachers
Team
Telegraph
Temperature
The
Thursday
Time
Today
Tourer
Town
Trading
Trophy
Trustee
Tunnels
TV
UK
Underground
Unemployed
Up
Us
USA
Valley
Volcano
Volunteer
Walks
Watch
Way
Weather
Weddings
Win
Wins
Women
World
Wrapped
