Alexander the Great;context=http://dbpedia.org/resource/Alexander_the_Great
Alfred the Great;context=http://dbpedia.org/resource/Alfred_the_Great
Anne of Cleves;context=http://dbpedia.org/resource/Anne_of_Cleves
Attila the Hun;context=http://dbpedia.org/resource/Attila
Aung San Suu Kyi;context=http://dbpedia.org/resource/Aung_San_Suu_Kyi
Bach
Boudicca
Brahms
Caravaggio
Catherine of Aragon;context=http://dbpedia.org/resource/Catherine_of_Aragon
Catherine the Great;context=http://dbpedia.org/resource/Catherine_the_Great
Edward the Confessor;context=http://dbpedia.org/resource/Edward_the_Confessor
Eleanor of Aquitaine;context=http://dbpedia.org/resource/Eleanor_of_Aquitaine
Gaugin
Gauguin
John the Baptist;context=http://dbpedia.org/resource/John_the_Baptist
Louise de la Vallière
Mary, Queen of Scots;context=http://dbpedia.org/resource/Mary,_Queen_of_Scots
Messiaen
Mozart
Napoleon
Napoleon Bonaparte
Pitt the Younger;context=http://dbpedia.org/resource/William_Pitt_the_Younger
Pliny the Younger;context=http://dbpedia.org/resource/Pliny_the_Younger
Pythagoras
Rameses the Great;context=http://dbpedia.org/resource/Ramesses_II
Rembrandt
Robert the Bruce
Scott of the Antarctic;context=http://dbpedia.org/resource/Robert_Falcon_Scott
Shostakovich
Snofru
Spartacus
Suetonius
The Pope
The Princess Royal;context=http://dbpedia.org/resource/
The Queen;context=http://dbpedia.org/resource/Elizabeth_II
the Queen;context=http://dbpedia.org/resource/Elizabeth_II
The Queen Mother;context=http://en.wikipedia.org/wiki/Elizabeth_Bowes-Lyon
the Queen Mother;context=http://en.wikipedia.org/wiki/Elizabeth_Bowes-Lyon
Tiberius
Tutankhamun
Van Gogh
Vespasian
Virgin Mary
Vivaldi
van Gogh