
BNP;context=http://openelectiondata.org/id/parties/38
British National Party;context=http://openelectiondata.org/id/parties/38
Christian Democratic Party;context=http://openelectiondata.org/id/parties/39
Conservative;context=http://openelectiondata.org/id/parties/25
Conservatives;context=http://openelectiondata.org/id/parties/25
Fianna Fáil;context=http://dbpedia.org/resource/Fianna_Fáil
Green Party;context=http://openelectiondata.org/id/parties/64
Greens;context=http://openelectiondata.org/id/parties/64
Labour;context=http://openelectiondata.org/id/parties/6
Lib Dem;context=http://openelectiondata.org/id/parties/26
Lib Dems;context=http://openelectiondata.org/id/parties/26
LibDems;context=http://openelectiondata.org/id/parties/26
Liberal Democrat;context=http://openelectiondata.org/id/parties/26
Liberal Democrats;context=http://openelectiondata.org/id/parties/26
Plaid Cymru;context=http://openelectiondata.org/id/parties/29
SDLP;context=http://openelectiondata.org/id/parties/315
SNP;context=http://openelectiondata.org/id/parties/28
Scottish National Party;context=http://openelectiondata.org/id/parties/28
Social Democratic and Labour Party;context=http://openelectiondata.org/id/parties/315
Socialist Labour Party;context=http://openelectiondata.org/id/parties/59
Tories;context=http://openelectiondata.org/id/parties/25
UK Independence Party;context=http://openelectiondata.org/id/parties/60
UKIP;context=http://openelectiondata.org/id/parties/60
United Kingdom Independence Party;context=http://openelectiondata.org/id/parties/60
Sinn Fein;context=http://dbpedia.org/resource/Sinn_Féin