zero;number=0
Zero;number=0
one-half;number=1/2
one-third;number=1/3
two-thirds;number=2/3
one-quarter;number=1/4
three-quarters;number=3/4
one-fifth;number=1/5
two-fifths;number=2/5
three-fifths;number=3/5
four-fifths;number=4/5
one-sixth;number=1/6
five-sixths;number=5/6
one-seventh;number=1/7
two-sevenths;number=2/7
three-sevenths;number=3/7
four-sevenths;number=4/7
five-sevenths;number=5/7
six-sevenths;number=6/7
one-eighth;number=1/8
three-eighths;number=3/8
five-eighths;number=5/8
seven-eighths;number=7/8
one-ninth;number=1/9
four-ninths;number=2/9
five-ninths;number=5/9
seven-ninths;number=7/9
eight-ninths;number=8/9
one-tenth;number=1/10
three-tenths;number=3/10
seven-tenths;number=7/10
nine-tenths;number=9/10
one;number=1
One;number=1
two;number=2
Two;number=2
three;number=3
Three;number=3
four;number=4
Four;number=4
five;number=5
Five;number=5
six;number=6
Six;number=6
seven;number=7
Seven;number=7
eight;number=8
Eight;number=8
nine;number=9
Nine;number=9
ten;number=10
Ten;number=10
eleven;number=11
Eleven;number=11
twelve;number=12
Twelve;number=12
thirteen;number=13
Thirteen;number=13
fourteen;number=14
Fourteen;number=14
fifteen;number=15
Fifteen;number=15
sixteen;number=16
Sixteen;number=16
seventeen;number=17
Seventeen;number=17
eighteen;number=18
Eighteen;number=18
nineteen;number=19
Nineteen;number=19
twenty;number=20
twenty-one;number=21
twenty-two;number=22
twenty-three;number=23
twenty-four;number=24
twenty-five;number=25
twenty-six;number=26
twenty-seven;number=27
twenty-eight;number=28
twenty-nine;number=29
Twenty-one;number=21
Twenty-two;number=22
Twenty-three;number=23
Twenty-four;number=24
Twenty-five;number=25
Twenty-six;number=26
Twenty-seven;number=27
Twenty-eight;number=28
Twenty-nine;number=29
Twenty;number=20
thirty;number=30
thirty-one;number=31
thirty-two;number=32
thirty-three;number=33
thirty-four;number=34
thirty-five;number=35
thirty-six;number=36
thirty-seven;number=37
thirty-eight;number=38
thirty-nine;number=39
Thirty-one;number=31
Thirty-two;number=32
Thirty-three;number=33
Thirty-four;number=34
Thirty-five;number=35
Thirty-six;number=36
Thirty-seven;number=37
Thirty-eight;number=38
Thirty-nine;number=39
Thirty;number=30
forty;number=40
forty-one;number=41
forty-two;number=42
forty-three;number=43
forty-four;number=44
forty-five;number=45
forty-six;number=46
forty-seven;number=47
forty-eight;number=48
forty-nine;number=49
Forty-one;number=41
Forty-two;number=42
Forty-three;number=43
Forty-four;number=44
Forty-five;number=45
Forty-six;number=46
Forty-seven;number=47
Forty-eight;number=48
Forty-nine;number=49
Forty;number=40
fifty;number=50
fifty-one;number=51
fifty-two;number=52
fifty-three;number=53
fifty-four;number=54
fifty-five;number=55
fifty-six;number=56
fifty-seven;number=57
fifty-eight;number=58
fifty-nine;number=59
Fifty-one;number=51
Fifty-two;number=52
Fifty-three;number=53
Fifty-four;number=54
Fifty-five;number=55
Fifty-six;number=56
Fifty-seven;number=57
Fifty-eight;number=58
Fifty-nine;number=59
Fifty;number=50
sixty;number=60
sixty-one;number=61
sixty-two;number=62
sixty-three;number=63
sixty-four;number=64
sixty-five;number=65
sixty-six;number=66
sixty-seven;number=67
sixty-eight;number=68
sixty-nine;number=69
Sixty-one;number=61
Sixty-two;number=62
Sixty-three;number=63
Sixty-four;number=64
Sixty-five;number=65
Sixty-six;number=66
Sixty-seven;number=67
Sixty-eight;number=68
Sixty-nine;number=69
Sixty;number=60
seventy;number=70
seventy-one;number=71
seventy-two;number=72
seventy-three;number=73
seventy-four;number=74
seventy-five;number=75
seventy-six;number=76
seventy-seven;number=77
seventy-eight;number=78
seventy-nine;number=79
Seventy-one;number=71
Seventy-two;number=72
Seventy-three;number=73
Seventy-four;number=74
Seventy-five;number=75
Seventy-six;number=76
Seventy-seven;number=77
Seventy-eight;number=78
Seventy-nine;number=79
Seventy;number=70
eighty;number=80
eighty-one;number=81
eighty-two;number=82
eighty-three;number=83
eighty-four;number=84
eighty-five;number=85
eighty-six;number=86
eighty-seven;number=87
eighty-eight;number=88
eighty-nine;number=89
Eighty-one;number=81
Eighty-two;number=82
Eighty-three;number=83
Eighty-four;number=84
Eighty-five;number=85
Eighty-six;number=86
Eighty-seven;number=87
Eighty-eight;number=88
Eighty-nine;number=89
Eighty;number=80
ninety;number=90
ninety-one;number=91
ninety-two;number=92
ninety-three;number=93
ninety-four;number=94
ninety-five;number=95
ninety-six;number=96
ninety-seven;number=97
ninety-eight;number=98
ninety-nine;number=99
Ninety-one;number=91
Ninety-two;number=92
Ninety-three;number=93
Ninety-four;number=94
Ninety-five;number=95
Ninety-six;number=96
Ninety-seven;number=97
Ninety-eight;number=98
Ninety-nine;number=99
Ninety;number=90