ADMISSION TO HOLY COMMUNION MEASURE 1972 (No. 1);context=http://www.legislation.gov.uk/id/ukcm/1972/1
Baptismal Registers Measure 1961 1961;year=No 2;context=http://www.legislation.gov.uk/id/ukcm/Eliz2/9-10/2
Benefices (Sequestrations) Measure;year=1933;context=http://www.legislation.gov.uk/id/ukcm/Geo5/23-24/4
Benefices (Transfer of Rights of Patronage) Measure;year=1930;context=http://www.legislation.gov.uk/id/ukcm/Geo5/20-21/8
Benefices Measure;year=1972;context=http://www.legislation.gov.uk/id/ukcm/1972/3
Bishops (Retirement) Measure;year=1986;context=http://www.legislation.gov.uk/id/ukcm/1986/1
Care of Cathedrals (Amendment) Measure;year=2005;context=http://www.legislation.gov.uk/id/ukcm/2005/2
Care of Cathedrals (Supplementary Provisions) Measure;year=1994;context=http://www.legislation.gov.uk/id/ukcm/1994/2
Care of Cathedrals Measure;year=1990;context=http://www.legislation.gov.uk/id/ukcm/1990/2
Care of Churches and Ecclesiastical Jurisdiction Measure;year=1991;context=http://www.legislation.gov.uk/id/ukcm/1991/1
Care of Places of Worship Measure;year=1999;context=http://www.legislation.gov.uk/id/ukcm/1999/2
Cathedrals Measure 1931 (repealed 1.6.1992);context=http://www.legislation.gov.uk/id/ukcm/Geo5/21-22/7
Cathedrals Measure;year=1963;context=http://www.legislation.gov.uk/id/ukcm/1963/2
Cathedrals Measure;year=1976;context=http://www.legislation.gov.uk/id/ukcm/1976/1
Cathedrals Measure;year=1999;context=http://www.legislation.gov.uk/id/ukcm/1999/1
Channel Islands (Church Legislation) Measure;year=1931;context=http://www.legislation.gov.uk/id/ukcm/Geo5/21-22/4
Channel Islands (church Legislation) Measure 1931 (Amendment) Measure 1957 (No. 1);context=http://www.legislation.gov.uk/id/ukcm/Eliz2/5-6/1
Channel Islands (Representation) Measure;year=1931;context=http://www.legislation.gov.uk/id/ukcm/Geo5/21-22/5
Church Commissioners (Assistance for Priority Areas) Measure;year=1988;context=http://www.legislation.gov.uk/id/ukcm/1988/2
CHURCH COMMISSIONERS (LOANS FOR THEOLOGICAL COLLEGES AND TRAINING HOUSES) MEASURE 1964 (No. 1);context=http://www.legislation.gov.uk/id/ukcm/1964/1
Church Commissioners (Miscellaneous Provisions) Measure;year=1975;context=http://www.legislation.gov.uk/id/ukcm/1975/1
Church Commissioners Measure;year=1947;context=http://www.legislation.gov.uk/id/ukcm/Geo6/10-11/2
Church Commissioners Measure;year=1964;context=http://www.legislation.gov.uk/id/ukcm/1964/8
Church Commissioners Measure;year=1970;context=http://www.legislation.gov.uk/id/ukcm/1970/3
Church Dignitaries (Retirement) Measure;year=1949;context=http://www.legislation.gov.uk/id/ukcm/Geo6/12-13-14/1
Church Funds Investment Measure;year=1958;context=http://www.legislation.gov.uk/id/ukcm/Eliz2/6-7/1
Church of England (Ecumenical Relations) Measure;year=1988;context=http://www.legislation.gov.uk/id/ukcm/1988/3
Church of England (Legal Aid and Miscellaneous Provisions) Measure;year=1988;context=http://www.legislation.gov.uk/id/ukcm/1988/1
Church of England (Legal Aid) Measure;year=1994;context=http://www.legislation.gov.uk/id/ukcm/1994/3
Church of England (Miscellaneous Provisions) Measure;year=1978;context=http://www.legislation.gov.uk/id/ukcm/1978/3
Church of England (Miscellaneous Provisions) Measure;year=1983;context=http://www.legislation.gov.uk/id/ukcm/1983/2
Church of England (Miscellaneous Provisions) Measure;year=1992;context=http://www.legislation.gov.uk/id/ukcm/1992/1
Church of England (Miscellaneous Provisions) Measure;year=1995;context=http://www.legislation.gov.uk/id/ukcm/1995/2
Church of England (Miscellaneous Provisions) Measure;year=2000;context=http://www.legislation.gov.uk/id/ukcm/2000/1
Church of England (Miscellaneous Provisions) Measure;year=2005;context=http://www.legislation.gov.uk/id/ukcm/2005/3
Church of England (Miscellaneous Provisions) Measure;year=2006;context=http://www.legislation.gov.uk/id/ukcm/2006/1
Church of England (Miscellaneous Provisions) Measur;year=1976;context=http://www.legislation.gov.uk/id/ukcm/1976/3
Church of England (Pensions) Measure;year=1988;context=http://www.legislation.gov.uk/id/ukcm/1988/4
Church of England (Pensions) Measure;year=2003;context=http://www.legislation.gov.uk/id/ukcm/2003/2
CHURCH OF ENGLAND (WORSHIP AND DOCTRINE) MEASURE 1974 (No. 3);context=http://www.legislation.gov.uk/id/ukcm/1974/3
Church of England Marriage Measure;year=2008;context=http://www.legislation.gov.uk/id/ukcm/2008/1
Church of England Pensions (Amendment) Measure;year=2009;context=http://www.legislation.gov.uk/id/ukcm/2009/2
Church Property (Miscellaneous Provisions) Measure;year=1960;context=http://www.legislation.gov.uk/id/ukcm/Eliz2/8-9/1
Church Schools (Assistance by Church Commissioners) Measure 1958 (repealed 1.1.2001);context=http://www.legislation.gov.uk/id/ukcm/Eliz2/6-7/2
Churchwardens (Appointment and Resignations) Measure (repealed 1.1.2002;year=1964;context=http://www.legislation.gov.uk/id/ukcm/1964/3
Churchwardens Measure;year=2001;context=http://www.legislation.gov.uk/id/ukcm/2001/1
Clergy (Ordination and Miscellaneous Provisions) Measure;year=1964;context=http://www.legislation.gov.uk/id/ukcm/1964/6
Clergy (Ordination) Measure;year=1990;context=http://www.legislation.gov.uk/id/ukcm/1990/1
Clergy Discipline Measure;year=2003;context=http://www.legislation.gov.uk/id/ukcm/2003/3
Clergy Pension (Amendment) Measure;year=1982;context=http://www.legislation.gov.uk/id/ukcm/1982/2
Clergy Pensions (Amendment) Measure;year=1967;context=http://www.legislation.gov.uk/id/ukcm/1967/1
Clergy Pensions (Amendment) Measure;year=1972;context=http://www.legislation.gov.uk/id/ukcm/1972/5
Clergy Pensions Measure;year=1961;context=http://www.legislation.gov.uk/id/ukcm/Eliz2/9-10/3
Clerical Disabilities Act 1870 (Amendment) Measure;year=1934;context=http://www.legislation.gov.uk/id/ukcm/Geo5/24-25/1
CONVOCATIONS OF THE CLERGY MEASURE 1920 (No. 1);context=http://www.legislation.gov.uk/id/ukcm/Geo5/10-11/1
Deaconesses and Lay Ministry Measure;year=1972;context=http://www.legislation.gov.uk/id/ukcm/1972/4
Deaconesses and Lay Workers (Pensions) Measure;year=1980;context=http://www.legislation.gov.uk/id/ukcm/1980/1
Deacons (Ordination of Women) Measure;year=1986;context=http://www.legislation.gov.uk/id/ukcm/1986/4
Diocesan Boards of Education Measure;year=1991;context=http://www.legislation.gov.uk/id/ukcm/1991/2
Diocesan Boards of Education Measure 1991 (No. 2);context=http://www.legislation.gov.uk/id/ukcm/1991/002
Diocesan Boards of Finance Measure;year=1925;context=http://www.legislation.gov.uk/id/ukcm/Geo5/15-16/3
Diocesan Education Committees Measure 1955 (repealed 1.8.1991);context=http://www.legislation.gov.uk/id/ukcm/Eliz2/4-5/1
Diocesan Stipends Funds Measure;year=1953;context=http://www.legislation.gov.uk/id/ukcm/Eliz2/1-2/2
Diocese in Europe Measure;year=1980;context=http://www.legislation.gov.uk/id/ukcm/1980/2
Dioceses Measure;year=1978;context=http://www.legislation.gov.uk/id/ukcm/1978/1
Dioceses, Pastoral and Mission Measure;year=2007;context=http://www.legislation.gov.uk/id/ukcm/2007/1
Ecclesiastical Commissioners (Curate Grants) Measure;year=1946;context=http://www.legislation.gov.uk/id/ukcm/Geo6/9-10/1
ECCLESIASTICAL COMMISSIONERS (LOANS FOR CHURCH TRAINING COLLEGES) MEASURE 1931 No. 2);context=http://www.legislation.gov.uk/id/ukcm/Geo5/21-22/2
Ecclesiastical Commissioners (Powers) Measure;year=1936;context=http://www.legislation.gov.uk/id/ukcm/Geo5and1Edw8/26/5
Ecclesiastical Commissioners (Powers) Measure;year=1938;context=http://www.legislation.gov.uk/id/ukcm/Geo6/1-2/4
Ecclesiastical Commissioners (Sodor and Man) Measure;year=1930;context=http://www.legislation.gov.uk/id/ukcm/Geo5/20-21/5
Ecclesiastical Commissioners Measure;year=1926;context=http://www.legislation.gov.uk/id/ukcm/Geo5/16-17/4
Ecclesiastical Dilapidations (Amendment) Measure;year=1929;context=http://www.legislation.gov.uk/id/ukcm/Geo5/19-20/3
Ecclesiastical Dilapidations Measure;year=1923;context=http://www.legislation.gov.uk/id/ukcm/Geo5/14-15/3
Ecclesiastical Fees Measure;year=1986;context=http://www.legislation.gov.uk/id/ukcm/1986/2
Ecclesiastical Judges and Legal Officers Measure;year=1976;context=http://www.legislation.gov.uk/id/ukcm/1976/2
ECCLESIASTICAL JURISDICTION (AMENDMENT) MEASURE 1974 (No. 2);context=http://www.legislation.gov.uk/id/ukcm/1974/2
Ecclesiastical Jurisdiction Measure;year=1963;context=http://www.legislation.gov.uk/id/ukcm/1963/1
Ecclesiastical Offices (Age Limit) Measure;year=1975;context=http://www.legislation.gov.uk/id/ukcm/1975/2
Ecclesiastical Offices (Terms of Service) Measure;year=2009;context=http://www.legislation.gov.uk/id/ukcm/2009/1
Endowments and Glebe Measure;year=1976;context=http://www.legislation.gov.uk/id/ukcm/1976/4
Episcopal Endowments and Stipends Measure;year=1943;context=http://www.legislation.gov.uk/id/ukcm/Geo6/6-7/2
EXTRA-PAROCHIAL MINISTRY MEASURE 1967 (No. 2);context=http://www.legislation.gov.uk/id/ukcm/1967/2
Faculty Jurisdiction Measure;year=1964;context=http://www.legislation.gov.uk/id/ukcm/1964/5
First Fruits and Tenths Measure 1926 (repealed 5.11.1993);context=http://www.legislation.gov.uk/id/ukcm/Geo5/16-17/5
Incumbents (Vacation of Benefices) (Amendment) Measure;year=1993;context=http://www.legislation.gov.uk/id/ukcm/1993/1
Incumbents (Vacation of Benefices) Measure;year=1977;context=http://www.legislation.gov.uk/id/ukcm/1977/1
Incumbents and Churchwardens (Trusts) Measure;year=1964;context=http://www.legislation.gov.uk/id/ukcm/1964/2
Inspection of Churches Measure;year=1955;context=http://www.legislation.gov.uk/id/ukcm/Eliz2/3-4/1
INTERPRETATION MEASURE 1925 (No. 1);context=http://www.legislation.gov.uk/id/ukcm/Geo5/15-16/1
National Institutions Measure;year=1998;context=http://www.legislation.gov.uk/id/ukcm/1998/1
New Housing Areas (Church Buildings) Measure;year=1954;context=http://www.legislation.gov.uk/id/ukcm/Eliz2/2-3/1
New Parishes Measure;year=1943;context=http://www.legislation.gov.uk/id/ukcm/Geo6/6-7/1
Ordination of Women (Financial Provisions) Measure;year=1993;context=http://www.legislation.gov.uk/id/ukcm/1993/3
Overseas and Other Clergy (Ministry and Ordination) Measure;year=1967;context=http://www.legislation.gov.uk/id/ukcm/1967/3
Parochial Church Councils (Powers) Measure;year=1956;context=http://www.legislation.gov.uk/id/ukcm/Eliz2/4-5/3
Parochial Registers and Records Measure;year=1978;context=http://www.legislation.gov.uk/id/ukcm/1978/2
Parsonages (Amendment) Measure;year=1947;context=http://www.legislation.gov.uk/id/ukcm/Geo6/10-11/3
Parsonages Measure;year=1938;context=http://www.legislation.gov.uk/id/ukcm/Geo6/1-2/3
Pastoral (Amendment) Measure;year=1994;context=http://www.legislation.gov.uk/id/ukcm/1994/1
Pastoral (Amendment) Measure;year=2006;context=http://www.legislation.gov.uk/id/ukcm/2006/2
Pastoral Measure;year=1983;context=http://www.legislation.gov.uk/id/ukcm/1983/1
Patronage (Benefices) Measure;year=1986;context=http://www.legislation.gov.uk/id/ukcm/1986/3
Pensions Measure;year=1997;context=http://www.legislation.gov.uk/id/ukcm/1997/1
PRAYER BOOK (FURTHER PROVISIONS) MEASURE 1968 (No. 2);context=http://www.legislation.gov.uk/id/ukcm/1968/2
PRAYER BOOK (VERSIONS OF THE BIBLE) MEASURE 1965 (No. 4);context=http://www.legislation.gov.uk/id/ukcm/1965/4
Priests (Ordination of Women) Measure;year=1993;context=http://www.legislation.gov.uk/id/ukcm/1993/2
Repair of Benefice Buildings Measure;year=1972;context=http://www.legislation.gov.uk/id/ukcm/1972/2
Revised Tables of Lessons Measur;year=1922;context=http://www.legislation.gov.uk/id/ukcm/Geo5/12-13/3
SHARING OF CHURCH BUILDINGS MEASURE 1970 (No. 2);context=http://www.legislation.gov.uk/id/ukcm/1970/2
Stipends (Cessation of Special Payments) Measure;year=2005;context=http://www.legislation.gov.uk/id/ukcm/2005/1
Synodical Government (Amendment) Measure;year=1974;context=http://www.legislation.gov.uk/id/ukcm/1974/1
Synodical Government (Amendment) Measure;year=2003;context=http://www.legislation.gov.uk/id/ukcm/2003/1
Synodical Government (Special Majorities) Measure;year=1971;context=http://www.legislation.gov.uk/id/ukcm/1971/1
Synodical Government Measure;year=1969;context=http://www.legislation.gov.uk/id/ukcm/1969/2
Team and Group Ministries Measure;context=http://www.legislation.gov.uk/id/ukcm/1995/1
Tithe (Administration of Trusts) Measure 1928 (repealed 19.11.1998);context=http://www.legislation.gov.uk/id/ukcm/Geo5/18-19/2
Vacancies in Sees Measure;year=1959;context=http://www.legislation.gov.uk/id/ukcm/Eliz2/7-8/2
