Afghans;oldcontext=http://www.geonames.org/countries/#AF;context=http://sws.geonames.org/1149361/
Albanians;oldcontext=http://www.geonames.org/countries/#AL;context=http://sws.geonames.org/783754/
Algerians;oldcontext=http://www.geonames.org/countries/#DZ;context=http://sws.geonames.org/2589581/
American Samoans;oldcontext=http://www.geonames.org/countries/#AS;context=http://sws.geonames.org/5880801/
Americans;oldcontext=http://www.geonames.org/countries/#US;context=http://sws.geonames.org/6252001/
Andorrans;oldcontext=http://www.geonames.org/countries/#AD;context=http://sws.geonames.org/3041565/
Angolans;oldcontext=http://www.geonames.org/countries/#AO;context=http://sws.geonames.org/3351879/
Anguillans;oldcontext=http://www.geonames.org/countries/#AI;context=http://sws.geonames.org/3573511/
Antiguans;oldcontext=http://www.geonames.org/countries/#AG;context=http://sws.geonames.org/3576396/
Argentineans;oldcontext=http://www.geonames.org/countries/#AR;context=http://sws.geonames.org/3865483/
Argentines;oldcontext=http://www.geonames.org/countries/#AR;context=http://sws.geonames.org/3865483/
Argentinians;oldcontext=http://www.geonames.org/countries/#AR;context=http://sws.geonames.org/3865483/
Armenians;oldcontext=http://www.geonames.org/countries/#AM;context=http://sws.geonames.org/174982/
Arubans;oldcontext=http://www.geonames.org/countries/#AW;context=http://sws.geonames.org/3577279/
Aussies;oldcontext=http://www.geonames.org/countries/#AU;context=http://sws.geonames.org/2077456/
Australians;oldcontext=http://www.geonames.org/countries/#AU;context=http://sws.geonames.org/2077456/
Austrians;oldcontext=http://www.geonames.org/countries/#AT;context=http://sws.geonames.org/2782113/
Ayisyen;oldcontext=http://www.geonames.org/countries/#HT;context=http://sws.geonames.org/3723988/
Azerbaijanis;oldcontext=http://www.geonames.org/countries/#AT;context=http://sws.geonames.org/2782113/
Azeris;oldcontext=http://www.geonames.org/countries/#AT;context=http://sws.geonames.org/2782113/
Bahamians;oldcontext=http://www.geonames.org/countries/#BS;context=http://sws.geonames.org/3572887/
Bahrainis;oldcontext=http://www.geonames.org/countries/#BH;context=http://sws.geonames.org/290291/
Bajans;oldcontext=http://www.geonames.org/countries/#BB;context=http://sws.geonames.org/3374084/
Bamar
Bangladeshis;oldcontext=http://www.geonames.org/countries/#BD;context=http://sws.geonames.org/1210997/
Barbadians;oldcontext=http://www.geonames.org/countries/#BB;context=http://sws.geonames.org/3374084/
Barbudans;oldcontext=http://www.geonames.org/countries/#AG;context=http://sws.geonames.org/3576396/
Basotho;oldcontext=http://www.geonames.org/countries/#LS;context=http://sws.geonames.org/932692/
Batswana;oldcontext=http://www.geonames.org/countries/#BW;context=http://sws.geonames.org/933860/
Belarusians;oldcontext=http://www.geonames.org/countries/#BY;context=http://sws.geonames.org/630336/
Belgians;oldcontext=http://www.geonames.org/countries/#BE;context=http://sws.geonames.org/2802361/
Belizeans;oldcontext=http://www.geonames.org/countries/#BZ;context=http://sws.geonames.org/3582678/
Belongers;oldcontext=http://www.geonames.org/countries/#FK;context=http://sws.geonames.org/3474414/
Beninese;oldcontext=http://www.geonames.org/countries/#BJ;context=http://sws.geonames.org/2395170/
Beninois;oldcontext=http://www.geonames.org/countries/#BJ;context=http://sws.geonames.org/2395170/
Bermudans;oldcontext=http://www.geonames.org/countries/#BM;context=http://sws.geonames.org/3573345/
Bermudians;oldcontext=http://www.geonames.org/countries/#BM;context=http://sws.geonames.org/3573345/
Bhutanese;oldcontext=http://www.geonames.org/countries/#BT;context=http://sws.geonames.org/1252634/
Bolivians;oldcontext=http://www.geonames.org/countries/#BO;context=http://sws.geonames.org/3923057/
Boricuas;oldcontext=http://www.geonames.org/countries/#PR;context=http://sws.geonames.org/4566966/
Bosniaks;oldcontext=http://www.geonames.org/countries/#BA;context=http://sws.geonames.org/3277605/
Bosnians;oldcontext=http://www.geonames.org/countries/#BA;context=http://sws.geonames.org/3277605/
Botswanans;oldcontext=http://www.geonames.org/countries/#BW;context=http://sws.geonames.org/933860/
Brazilians;oldcontext=http://www.geonames.org/countries/#BR;context=http://sws.geonames.org/3469034/
British Virgin Islanders;oldcontext=http://www.geonames.org/countries/#VG;context=http://sws.geonames.org/3577718/
Britons;oldcontext=http://www.geonames.org/countries/#GB;context=http://sws.geonames.org/2635167/
Brits;oldcontext=http://www.geonames.org/countries/#GB;context=http://sws.geonames.org/2635167/
Bruneians;oldcontext=http://www.geonames.org/countries/#BN;context=http://sws.geonames.org/1820814/
Bulgarians;oldcontext=http://www.geonames.org/countries/#BG;context=http://sws.geonames.org/732800/
Burkinabe;oldcontext=http://www.geonames.org/countries/#BF;context=http://sws.geonames.org/2361809/
Burmese
Burundians;oldcontext=http://www.geonames.org/countries/#BI;context=http://sws.geonames.org/433561/
Cambodians;oldcontext=http://www.geonames.org/countries/#KH;context=http://sws.geonames.org/1831722/
Cameroonians;oldcontext=http://www.geonames.org/countries/#CM;context=http://sws.geonames.org/2233387/
Canadians;oldcontext=http://www.geonames.org/countries/#CA;context=http://sws.geonames.org/6251999/
Cape Verdeans;oldcontext=http://www.geonames.org/countries/#CV;context=http://sws.geonames.org/3374766/
Catrachos;oldcontext=http://www.geonames.org/countries/#HN;context=http://sws.geonames.org/3608932/
Caymanians;oldcontext=http://www.geonames.org/countries/#KY;context=http://sws.geonames.org/3580718/
Central Africans;oldcontext=http://www.geonames.org/countries/#CF;context=http://sws.geonames.org/239880/
Chadians;oldcontext=http://www.geonames.org/countries/#TD;context=http://sws.geonames.org/2434508/
Chileans;oldcontext=http://www.geonames.org/countries/#CL;context=http://sws.geonames.org/3895114/
Chinese;oldcontext=http://www.geonames.org/countries/#CN;context=http://sws.geonames.org/1814991/
Christmas Islanders;oldcontext=http://www.geonames.org/countries/#CX;context=http://sws.geonames.org/2078138/
Cocos Islanders;oldcontext=http://www.geonames.org/countries/#CC;context=http://sws.geonames.org/1547376/
Colombians;oldcontext=http://www.geonames.org/countries/#CO;context=http://sws.geonames.org/3686110/
Comorians;oldcontext=http://www.geonames.org/countries/#KM;context=http://sws.geonames.org/921929/
Congolese;oldcontext=http://www.geonames.org/countries/#CD;context=http://sws.geonames.org/203312/
Cook Islanders;oldcontext=http://www.geonames.org/countries/#CK;context=http://sws.geonames.org/1899402/
Costa Ricans;oldcontext=http://www.geonames.org/countries/#CR;context=http://sws.geonames.org/3624060/
Croatians;oldcontext=http://www.geonames.org/countries/#HR;context=http://sws.geonames.org/3202326/
Croats;oldcontext=http://www.geonames.org/countries/#HR;context=http://sws.geonames.org/3202326/
Cubans;oldcontext=http://www.geonames.org/countries/#CU;context=http://sws.geonames.org/3562981/
Cypriots;oldcontext=http://www.geonames.org/countries/#CY;context=http://sws.geonames.org/146669/
Czechs;oldcontext=http://www.geonames.org/countries/#CZ;context=http://sws.geonames.org/3077311/
Danes;oldcontext=http://www.geonames.org/countries/#DK;context=http://sws.geonames.org/2623032/
Djiboutians;oldcontext=http://www.geonames.org/countries/#DJ;context=http://sws.geonames.org/223816/
Dominicanes;oldcontext=http://www.geonames.org/countries/#DO;context=http://sws.geonames.org/3508796/
Dominicans;oldcontext=http://www.geonames.org/countries/#DM;context=http://sws.geonames.org/3575830/
Dutch Antilleans;oldcontext=http://www.geonames.org/countries/#AN;context=http://sws.geonames.org/3513447/
Dutch;oldcontext=http://www.geonames.org/countries/#NL;context=http://sws.geonames.org/2750405/
Ecuadorians;oldcontext=http://www.geonames.org/countries/#EC;context=http://sws.geonames.org/3658394/
Egyptians;oldcontext=http://www.geonames.org/countries/#EG;context=http://sws.geonames.org/357994/
Emiratis;oldcontext=http://www.geonames.org/countries/#AE;context=http://sws.geonames.org/290557/
Emirians;oldcontext=http://www.geonames.org/countries/#AE;context=http://sws.geonames.org/290557/
English;oldcontext=http://statistics.data.gov.uk/id/country/921;context=http://sws.geonames.org/6269131/
Equatoguineans;oldcontext=http://www.geonames.org/countries/#GQ;context=http://sws.geonames.org/2309096/
Equatorial Guineans;oldcontext=http://www.geonames.org/countries/#GQ;context=http://sws.geonames.org/2309096/
Eritreans;oldcontext=http://www.geonames.org/countries/#ER;context=http://sws.geonames.org/338010/
Estonians;oldcontext=http://www.geonames.org/countries/#EE;context=http://sws.geonames.org/453733/
Ethiopians;oldcontext=http://www.geonames.org/countries/#ET;context=http://sws.geonames.org/337996/
Falkland Islanders;oldcontext=http://www.geonames.org/countries/#FK;context=http://sws.geonames.org/3474414/
Faroese;oldcontext=http://www.geonames.org/countries/#FO;context=http://sws.geonames.org/2622320/
Fijians;oldcontext=http://www.geonames.org/countries/#FJ;context=http://sws.geonames.org/2205218/
Filipinos;oldcontext=http://www.geonames.org/countries/#PH;context=http://sws.geonames.org/1694008/
Finns;oldcontext=http://www.geonames.org/countries/#FI;context=http://sws.geonames.org/660013/
French Guianese;oldcontext=http://www.geonames.org/countries/#GF;context=http://sws.geonames.org/3381670/
French Polynesians;oldcontext=http://www.geonames.org/countries/#PF;context=http://sws.geonames.org/4030656/
French;oldcontext=http://www.geonames.org/countries/#FR;context=http://sws.geonames.org/3017382/
Futunans;oldcontext=http://www.geonames.org/countries/#WF;context=http://sws.geonames.org/4034749/
Gabonese;oldcontext=http://www.geonames.org/countries/#GA;context=http://sws.geonames.org/2400553/
Gambians;oldcontext=http://www.geonames.org/countries/#GM;context=http://sws.geonames.org/2413451/
Georgians;oldcontext=http://www.geonames.org/countries/#GE;context=http://sws.geonames.org/614540/
Germans;oldcontext=http://www.geonames.org/countries/#DE;context=http://sws.geonames.org/2921044/
Ghanaians;oldcontext=http://www.geonames.org/countries/#GH;context=http://sws.geonames.org/2300660/
Gibraltarians;oldcontext=http://www.geonames.org/countries/#GI;context=http://sws.geonames.org/2411586/
Grecians;oldcontext=http://www.geonames.org/countries/#GR;context=http://sws.geonames.org/390903/
Greeks;oldcontext=http://www.geonames.org/countries/#GR;context=http://sws.geonames.org/390903/
Greenlanders;oldcontext=http://www.geonames.org/countries/#GL;context=http://sws.geonames.org/3425505/
Grenadians;oldcontext=http://www.geonames.org/countries/#GD;context=http://sws.geonames.org/3580239/
Guadeloupians;oldcontext=http://www.geonames.org/countries/#GP;context=http://sws.geonames.org/3579143/
Guamanians;oldcontext=http://www.geonames.org/countries/#GU;context=http://sws.geonames.org/4043988/
Guatemalans;oldcontext=http://www.geonames.org/countries/#GT;context=http://sws.geonames.org/3595528/
Guineans;oldcontext=http://www.geonames.org/countries/#GN;context=http://sws.geonames.org/2420477/
Guyanese;oldcontext=http://www.geonames.org/countries/#GY;context=http://sws.geonames.org/3378535/
Haitians;oldcontext=http://www.geonames.org/countries/#HT;context=http://sws.geonames.org/3723988/
Hellenes;oldcontext=http://www.geonames.org/countries/#GR;context=http://sws.geonames.org/390903/
Herzegovinians;oldcontext=http://www.geonames.org/countries/#BA;context=http://sws.geonames.org/3277605/
Hondurans;oldcontext=http://www.geonames.org/countries/#HN;context=http://sws.geonames.org/3608932/
Hongers;oldcontext=http://www.geonames.org/countries/#HK;context=http://sws.geonames.org/1819730/
Hungarians;oldcontext=http://www.geonames.org/countries/#HU;context=http://sws.geonames.org/719819/
Icelanders;oldcontext=http://www.geonames.org/countries/#IS;context=http://sws.geonames.org/2629691/
Indians;oldcontext=http://www.geonames.org/countries/#IN;context=http://sws.geonames.org/1269750/
Indonesians;oldcontext=http://www.geonames.org/countries/#ID;context=http://sws.geonames.org/1643084/
Iranians;oldcontext=http://www.geonames.org/countries/#IR;context=http://sws.geonames.org/130758/
Iraqis;oldcontext=http://www.geonames.org/countries/#IQ;context=http://sws.geonames.org/99237/
Irish
Irish;oldcontext=http://statistics.data.gov.uk/id/country/922;context=http://sws.geonames.org/2641364/
Irish;oldcontext=http://www.geonames.org/countries/#IE;context=http://sws.geonames.org/2963597/
Israelis;oldcontext=http://www.geonames.org/countries/#IL;context=http://sws.geonames.org/294640/
Italians;oldcontext=http://www.geonames.org/countries/#IT;context=http://sws.geonames.org/3175395/
Jamaicans;oldcontext=http://www.geonames.org/countries/#JM;context=http://sws.geonames.org/3489940/
Japanese;oldcontext=http://www.geonames.org/countries/#JP;context=http://sws.geonames.org/1861060/
Jordanians;oldcontext=http://www.geonames.org/countries/#JO;context=http://sws.geonames.org/248816/
Kazakhs;oldcontext=http://www.geonames.org/countries/#KZ;context=http://sws.geonames.org/1522867/
Kazakhstanis;oldcontext=http://www.geonames.org/countries/#KZ;context=http://sws.geonames.org/1522867/
Kenyans;oldcontext=http://www.geonames.org/countries/#KE;context=http://sws.geonames.org/192950/
Kirghiz;oldcontext=http://www.geonames.org/countries/#KG;context=http://sws.geonames.org/1527747/
Kirgiz;oldcontext=http://www.geonames.org/countries/#KG;context=http://sws.geonames.org/1527747/
Kiribati;oldcontext=http://www.geonames.org/countries/#KI;context=http://sws.geonames.org/4030945/
Kittitians;oldcontext=http://www.geonames.org/countries/#KN;context=http://sws.geonames.org/3575174/
Kiwis;oldcontext=http://www.geonames.org/countries/#NZ;context=http://sws.geonames.org/2186224/
Kosovars;oldcontext=http://www.geonames.org/countries/#XK;context=http://sws.geonames.org/831053/
Kuwaitis;oldcontext=http://www.geonames.org/countries/#KW;context=http://sws.geonames.org/285570/
Kyrgyz;oldcontext=http://www.geonames.org/countries/#KG;context=http://sws.geonames.org/1527747/
Kyrgyzstanis;oldcontext=http://www.geonames.org/countries/#KG;context=http://sws.geonames.org/1527747/
Laos;oldcontext=http://www.geonames.org/countries/#LA;context=http://sws.geonames.org/1655842/
Laotians;oldcontext=http://www.geonames.org/countries/#LA;context=http://sws.geonames.org/1655842/
Latvians;oldcontext=http://www.geonames.org/countries/#LV;context=http://sws.geonames.org/458258/
Lebanese;oldcontext=http://www.geonames.org/countries/#LB;context=http://sws.geonames.org/272103/
Liberians;oldcontext=http://www.geonames.org/countries/#LR;context=http://sws.geonames.org/2275384/
Libyans;oldcontext=http://www.geonames.org/countries/#LY;context=http://sws.geonames.org/2215636/
Liechtensteiners;oldcontext=http://www.geonames.org/countries/#LI;context=http://sws.geonames.org/3042058/
Lithuanians;oldcontext=http://www.geonames.org/countries/#LT;context=http://sws.geonames.org/597427/
Luxembourgers;oldcontext=http://www.geonames.org/countries/#LU;context=http://sws.geonames.org/2960313/
Macanese;oldcontext=http://www.geonames.org/countries/#MO;context=http://sws.geonames.org/1821275/
Macedonians;oldcontext=http://www.geonames.org/countries/#MK;context=http://sws.geonames.org/718075/
Magyars;oldcontext=http://www.geonames.org/countries/#HU;context=http://sws.geonames.org/719819/
Mahorais;oldcontext=http://www.geonames.org/countries/#YT;context=http://sws.geonames.org/1024031/
Malagasy;oldcontext=http://www.geonames.org/countries/#MG;context=http://sws.geonames.org/1062947/
Malawians;oldcontext=http://www.geonames.org/countries/#MW;context=http://sws.geonames.org/927384/
Malaysians;oldcontext=http://www.geonames.org/countries/#MY;context=http://sws.geonames.org/1733045/
Maldivians;oldcontext=http://www.geonames.org/countries/#MV;context=http://sws.geonames.org/1282028/
Malians;oldcontext=http://www.geonames.org/countries/#ML;context=http://sws.geonames.org/2453866/
Maltese;oldcontext=http://www.geonames.org/countries/#MT;context=http://sws.geonames.org/2562770/
Manx;oldcontext=http://www.geonames.org/countries/#IM;context=http://sws.geonames.org/3042225/
Marshallese;oldcontext=http://www.geonames.org/countries/#MH;context=http://sws.geonames.org/2080185/
Martiniquais;oldcontext=http://www.geonames.org/countries/#MQ;context=http://sws.geonames.org/3570311/
Maubere;oldcontext=http://www.geonames.org/countries/#TL;context=http://sws.geonames.org/1966436/
Mauritanians;oldcontext=http://www.geonames.org/countries/#MR;context=http://sws.geonames.org/2378080/
Mauritians;oldcontext=http://www.geonames.org/countries/#MU;context=http://sws.geonames.org/934292/
Mexicans;oldcontext=http://www.geonames.org/countries/#MX;context=http://sws.geonames.org/3996063/
Micronesians;oldcontext=http://www.geonames.org/countries/#FM;context=http://sws.geonames.org/2081918/
Miquelonnais;oldcontext=http://www.geonames.org/countries/#PM;context=http://sws.geonames.org/3424932/
Moldovans;oldcontext=http://www.geonames.org/countries/#MD;context=http://sws.geonames.org/617790/
Monacans;oldcontext=http://www.geonames.org/countries/#MC;context=http://sws.geonames.org/2993457/
Monegasques;oldcontext=http://www.geonames.org/countries/#MC;context=http://sws.geonames.org/2993457/
Mongolians;oldcontext=http://www.geonames.org/countries/#MN;context=http://sws.geonames.org/2029969/
Mongols;oldcontext=http://www.geonames.org/countries/#MN;context=http://sws.geonames.org/2029969/
Montenegrins;oldcontext=http://www.geonames.org/countries/#ME;context=http://sws.geonames.org/3194884/
Montserratians;oldcontext=http://www.geonames.org/countries/#MS;context=http://sws.geonames.org/3578097/
Moroccans;oldcontext=http://www.geonames.org/countries/#MA;context=http://sws.geonames.org/2542007/
Mozambicans;oldcontext=http://www.geonames.org/countries/#MZ;context=http://sws.geonames.org/1036973/
Namibians;oldcontext=http://www.geonames.org/countries/#NA;context=http://sws.geonames.org/3355338/
Nauruans;oldcontext=http://www.geonames.org/countries/#NR;context=http://sws.geonames.org/2110425/
Nepalese;oldcontext=http://www.geonames.org/countries/#NP;context=http://sws.geonames.org/1282988/
Nevisians;oldcontext=http://www.geonames.org/countries/#KN;context=http://sws.geonames.org/3575174/
New Caledonians;oldcontext=http://www.geonames.org/countries/#NC;context=http://sws.geonames.org/2139685/
New Zealanders;oldcontext=http://www.geonames.org/countries/#NZ;context=http://sws.geonames.org/2186224/
Ni-Vanuatu;oldcontext=http://www.geonames.org/countries/#VU;context=http://sws.geonames.org/2134431/
Nicaraguans;oldcontext=http://www.geonames.org/countries/#NI;context=http://sws.geonames.org/3617476/
Nigerians;oldcontext=http://www.geonames.org/countries/#NG;context=http://sws.geonames.org/2328926/
Nigeriens;oldcontext=http://www.geonames.org/countries/#NE;context=http://sws.geonames.org/2440476/
Niueans;oldcontext=http://www.geonames.org/countries/#NU;context=http://sws.geonames.org/4036232/
North Koreans;oldcontext=http://www.geonames.org/countries/#KP;context=http://sws.geonames.org/1873107/
Northern Irish;oldcontext=http://statistics.data.gov.uk/id/country/922;context=http://sws.geonames.org/2641364/
Northern Marianans;oldcontext=http://www.geonames.org/countries/#MP;context=http://sws.geonames.org/4041468/
Norwegians;oldcontext=http://www.geonames.org/countries/#NO;context=http://sws.geonames.org/3144096/
Omanis;oldcontext=http://www.geonames.org/countries/#OM;context=http://sws.geonames.org/286963/
Pakistanis;oldcontext=http://www.geonames.org/countries/#PK;context=http://sws.geonames.org/1168579/
Palauans;oldcontext=http://www.geonames.org/countries/#PW;context=http://sws.geonames.org/1559582/
Palestinians;oldcontext=http://www.geonames.org/countries/#PS;context=http://sws.geonames.org/6254930/
Panamanians;oldcontext=http://www.geonames.org/countries/#PA;context=http://sws.geonames.org/3703430/
Papua New Guineans;oldcontext=http://www.geonames.org/countries/#PG;context=http://sws.geonames.org/2088628/
Papuans;oldcontext=http://www.geonames.org/countries/#PG;context=http://sws.geonames.org/2088628/
Paraguayans;oldcontext=http://www.geonames.org/countries/#PY;context=http://sws.geonames.org/3437598/
Peruvians;oldcontext=http://www.geonames.org/countries/#PE;context=http://sws.geonames.org/3932488/
Pinoys;oldcontext=http://www.geonames.org/countries/#PH;context=http://sws.geonames.org/1694008/
Pitcairn Islanders;oldcontext=http://www.geonames.org/countries/#PN;context=http://sws.geonames.org/4030699/
Poles;oldcontext=http://www.geonames.org/countries/#PL;context=http://sws.geonames.org/798544/
Portuguese;oldcontext=http://www.geonames.org/countries/#PT;context=http://sws.geonames.org/2264397/
Puerto Ricans;oldcontext=http://www.geonames.org/countries/#PR;context=http://sws.geonames.org/4566966/
Qataris;oldcontext=http://www.geonames.org/countries/#QA;context=http://sws.geonames.org/289688/
Quisqueyanos;oldcontext=http://www.geonames.org/countries/#DO;context=http://sws.geonames.org/3508796/
Reunionese;oldcontext=http://www.geonames.org/countries/#RE;context=http://sws.geonames.org/935317/
Reunionnais;oldcontext=http://www.geonames.org/countries/#RE;context=http://sws.geonames.org/935317/
Romanians;oldcontext=http://www.geonames.org/countries/#RO;context=http://sws.geonames.org/798549/
Russians;oldcontext=http://www.geonames.org/countries/#RU;context=http://sws.geonames.org/2017370/
Rwandans;oldcontext=http://www.geonames.org/countries/#RW;context=http://sws.geonames.org/49518/
Sahraouis;oldcontext=http://www.geonames.org/countries/#EH;context=http://sws.geonames.org/2461445/
Sahrawis;oldcontext=http://www.geonames.org/countries/#EH;context=http://sws.geonames.org/2461445/
Saint-Pierrais;oldcontext=http://www.geonames.org/countries/#PM;context=http://sws.geonames.org/3424932/
Salvadorans;oldcontext=http://www.geonames.org/countries/#SV;context=http://sws.geonames.org/3585968/
Sammarinese;oldcontext=http://www.geonames.org/countries/#SM;context=http://sws.geonames.org/3168068/
Samoans;oldcontext=http://www.geonames.org/countries/#WS;context=http://sws.geonames.org/4034894/
Sao Tomeans;oldcontext=http://www.geonames.org/countries/#ST;context=http://sws.geonames.org/2410758/
Saudi Arabians;oldcontext=http://www.geonames.org/countries/#SA;context=http://sws.geonames.org/102358/
Saudis;oldcontext=http://www.geonames.org/countries/#SA;context=http://sws.geonames.org/102358/
Scots;oldcontext=http://statistics.data.gov.uk/id/country/923;context=http://sws.geonames.org/2638360/
Senegalese;oldcontext=http://www.geonames.org/countries/#SN;context=http://sws.geonames.org/2245662/
Serbians;oldcontext=http://www.geonames.org/countries/#RS;context=http://sws.geonames.org/6290252/
Serbs;oldcontext=http://www.geonames.org/countries/#RS;context=http://sws.geonames.org/6290252/
Seychellois;oldcontext=http://www.geonames.org/countries/#SC;context=http://sws.geonames.org/241170/
Sierra Leoneans;oldcontext=http://www.geonames.org/countries/#SL;context=http://sws.geonames.org/2403846/
Singaporeans;oldcontext=http://www.geonames.org/countries/#SG;context=http://sws.geonames.org/1880251/
Slovaks;oldcontext=http://www.geonames.org/countries/#SK;context=http://sws.geonames.org/3057568/
Slovenes;oldcontext=http://www.geonames.org/countries/#SI;context=http://sws.geonames.org/3190538/
Slovenians;oldcontext=http://www.geonames.org/countries/#SI;context=http://sws.geonames.org/3190538/
Solomon Islanders;oldcontext=http://www.geonames.org/countries/#SB;context=http://sws.geonames.org/2103350/
Somalis;oldcontext=http://www.geonames.org/countries/#SO;context=http://sws.geonames.org/51537/
South Africans;oldcontext=http://www.geonames.org/countries/#ZA;context=http://sws.geonames.org/953987/
South Koreans
South Ossetians
Southern Irish
Spaniards;oldcontext=http://www.geonames.org/countries/#ES;context=http://sws.geonames.org/2510769/
Sri Lankans;oldcontext=http://www.geonames.org/countries/#LK;context=http://sws.geonames.org/1227603/
St Helenians;oldcontext=http://www.geonames.org/countries/#SH;context=http://sws.geonames.org/3370751/
St Lucians;oldcontext=http://www.geonames.org/countries/#LC;context=http://sws.geonames.org/3576468/
St Vincentians;oldcontext=http://www.geonames.org/countries/#VC;context=http://sws.geonames.org/3577815/
St. Helenians;oldcontext=http://www.geonames.org/countries/#SH;context=http://sws.geonames.org/3370751/
St. Lucians;oldcontext=http://www.geonames.org/countries/#LC;context=http://sws.geonames.org/3576468/
St. Vincentians;oldcontext=http://www.geonames.org/countries/#VC;context=http://sws.geonames.org/3577815/
Sudanese;oldcontext=http://www.geonames.org/countries/#SD;context=http://sws.geonames.org/366755/
Surinamers;oldcontext=http://www.geonames.org/countries/#SR;context=http://sws.geonames.org/3382998/
Swazis;oldcontext=http://www.geonames.org/countries/#SZ;context=http://sws.geonames.org/934841/
Swedes;oldcontext=http://www.geonames.org/countries/#SE;context=http://sws.geonames.org/2661886/
Swiss;oldcontext=http://www.geonames.org/countries/#CH;context=http://sws.geonames.org/2658434/
Syrians;oldcontext=http://www.geonames.org/countries/#SY;context=http://sws.geonames.org/163843/
Tahitians;oldcontext=http://www.geonames.org/countries/#PF;context=http://sws.geonames.org/4030656/
Taiwanese;oldcontext=http://www.geonames.org/countries/#TW;context=http://sws.geonames.org/1668284/
Tajikistanis;oldcontext=http://www.geonames.org/countries/#TJ;context=http://sws.geonames.org/1220409/
Tajiks;oldcontext=http://www.geonames.org/countries/#TJ;context=http://sws.geonames.org/1220409/
Tanzanians;oldcontext=http://www.geonames.org/countries/#TZ;context=http://sws.geonames.org/149590/
Thai;oldcontext=http://www.geonames.org/countries/#TH;context=http://sws.geonames.org/1605651/
Ticos;oldcontext=http://www.geonames.org/countries/#CR;context=http://sws.geonames.org/3624060/
Timorese;oldcontext=http://www.geonames.org/countries/#TL;context=http://sws.geonames.org/1966436/
Tobagonians;oldcontext=http://www.geonames.org/countries/#TT;context=http://sws.geonames.org/3573591/
Togolese;oldcontext=http://www.geonames.org/countries/#TG;context=http://sws.geonames.org/2363686/
Tongans;oldcontext=http://www.geonames.org/countries/#TO;context=http://sws.geonames.org/4032283/
Trinidadians;oldcontext=http://www.geonames.org/countries/#TT;context=http://sws.geonames.org/3573591/
Tunisians;oldcontext=http://www.geonames.org/countries/#TN;context=http://sws.geonames.org/2464461/
Turkmens;oldcontext=http://www.geonames.org/countries/#TM;context=http://sws.geonames.org/1218197/
Turks and Caicos Islanders;oldcontext=http://www.geonames.org/countries/#TC;context=http://sws.geonames.org/3576916/
Turks;oldcontext=http://www.geonames.org/countries/#TR;context=http://sws.geonames.org/298795/
Tuvaluans;oldcontext=http://www.geonames.org/countries/#TV;context=http://sws.geonames.org/2110297/
Ugandans;oldcontext=http://www.geonames.org/countries/#UG;context=http://sws.geonames.org/226074/
Ukrainians;oldcontext=http://www.geonames.org/countries/#UA;context=http://sws.geonames.org/690791/
Uruguayans;oldcontext=http://www.geonames.org/countries/#UY;context=http://sws.geonames.org/3439705/
Uzbekistanis;oldcontext=http://www.geonames.org/countries/#UZ;context=http://sws.geonames.org/1512440/
Uzbeks;oldcontext=http://www.geonames.org/countries/#UZ;context=http://sws.geonames.org/1512440/
Venezuelans;oldcontext=http://www.geonames.org/countries/#VE;context=http://sws.geonames.org/3625428/
Vietnamese;oldcontext=http://www.geonames.org/countries/#VN;context=http://sws.geonames.org/1562822/
Vincentians;oldcontext=http://www.geonames.org/countries/#VC;context=http://sws.geonames.org/3577815/
Virgin Islanders
Wallisians;oldcontext=http://www.geonames.org/countries/#WF;context=http://sws.geonames.org/4034749/
Welsh;oldcontext=http://statistics.data.gov.uk/id/country/924;context=http://sws.geonames.org/2634895/
Yemenis;oldcontext=http://www.geonames.org/countries/#YE;context=http://sws.geonames.org/69543/
Zambians;oldcontext=http://www.geonames.org/countries/#ZM;context=http://sws.geonames.org/895949/
Zimbabweans;oldcontext=http://www.geonames.org/countries/#ZW;context=http://sws.geonames.org/878675/
