Adoption (Intercountry Aspects) Act (Northern Ireland);year=2001;context=http://www.legislation.gov.uk/id/nia/2001/11
Allowances to Members of the Assembly Act (Northern Ireland);year=2000;context=http://www.legislation.gov.uk/id/nia/2000/3
Appropriation Act;context=http://www.legislation.gov.uk/id/nia/2000/2
Budget (No. 2) Act (Northern Ireland);context=http://www.legislation.gov.uk/id/nia/2001/16
Budget (No. 2) Act (Northern Ireland);year=2002;context=http://www.legislation.gov.uk/id/nia/2002/7
Budget (No. 2) Act (Northern Ireland);year=2008;context=http://www.legislation.gov.uk/id/nia/2008/11
Budget (No. 2) Act (Northern Ireland);year=2009;context=http://www.legislation.gov.uk/id/nia/2009/7
Budget (No. 2) Act (Northern Ireland);year=2010;context=http://www.legislation.gov.uk/id/nia/2010/8
Budget Act (Northern Ireland);year=2001;context=http://www.legislation.gov.uk/id/nia/2001/7
Budget Act (Northern Ireland);year=2002;context=http://www.legislation.gov.uk/id/nia/2002/3
Budget Act (Northern Ireland);year=2007;context=http://www.legislation.gov.uk/id/nia/2007/1
Budget Act (Northern Ireland);year=2008;context=http://www.legislation.gov.uk/id/nia/2008/3
Budget Act (Northern Ireland);year=2009;context=http://www.legislation.gov.uk/id/nia/2009/5
Budget Act (Northern Ireland);year=2010;context=http://www.legislation.gov.uk/id/nia/2010/6
Building Regulations (Amendment) Act (Northern Ireland);year=2009;context=http://www.legislation.gov.uk/id/nia/2009/4
Carers and Direct Payments Act (Northern Ireland);year=2002;context=http://www.legislation.gov.uk/id/nia/2002/6
Charities Act (Northern Ireland);year=2008;context=http://www.legislation.gov.uk/id/nia/2008/12
Child Maintenance Act (Northern Ireland);year=2008;context=http://www.legislation.gov.uk/id/nia/2008/10
Child Support, Pensions and Social Security Act (Northern Ireland);year=2000;context=http://www.legislation.gov.uk/id/nia/2000/4
Children (Emergency Protection Orders) Act (Northern Ireland);year=2007;context=http://www.legislation.gov.uk/id/nia/2007/3
Children (Leaving Care) Act (Northern Ireland);year=2002;context=http://www.legislation.gov.uk/id/nia/2002/11
Commission for Victims and Survivors Act (Northern Ireland);year=2008;context=http://www.legislation.gov.uk/id/nia/2008/6
Defective Premises (Landlord's Liability) Act (Northern Ireland);year=2001;context=http://www.legislation.gov.uk/id/nia/2001/10
Department for Employment and Learning Act (Northern Ireland);year=2001;context=http://www.legislation.gov.uk/id/nia/2001/15
Department of Justice Act (Northern Ireland);year=2010;context=http://www.legislation.gov.uk/id/nia/2010/3
Diseases of Animals Act (Northern Ireland);year=2010;context=http://www.legislation.gov.uk/id/nia/2010/1
Dogs (Amendment) Act (Northern Ireland);year=2001;context=http://www.legislation.gov.uk/id/nia/2001/1
Electronic Communications Act (Northern Ireland);year=2001;context=http://www.legislation.gov.uk/id/nia/2001/9
Family Law Act (Northern Ireland);year=2001;context=http://www.legislation.gov.uk/id/nia/2001/12
Financial Assistance Act (Northern Ireland);year=2009;context=http://www.legislation.gov.uk/id/nia/2009/2
Financial Assistance for Political Parties Act (Northern Ireland);year=2000;context=http://www.legislation.gov.uk/id/nia/2000/1
Financial Provisions Act (Northern Ireland);year=2009;context=http://www.legislation.gov.uk/id/nia/2009/9
Fisheries (Amendment) Act (Northern Ireland);year=2001;context=http://www.legislation.gov.uk/id/nia/2001/4
Game Preservation (Amendment) Act (Northern Ireland);year=2002;context=http://www.legislation.gov.uk/id/nia/2002/2
Goods Vehicles (Licensing of Operators) Act (Northern Ireland);year=2010;context=http://www.legislation.gov.uk/id/nia/2010/2
Government Resources and Accounts Act (Northern Ireland);year=2001;context=http://www.legislation.gov.uk/id/nia/2001/6
Ground Rents Act (Northern Ireland);year=2001;context=http://www.legislation.gov.uk/id/nia/2001/5
Health (Miscellaneous Provisions) Act (Northern Ireland);year=2008;context=http://www.legislation.gov.uk/id/nia/2008/2
Health and Personal Social Services Act (Northern Ireland);year=2001;context=http://www.legislation.gov.uk/id/nia/2001/3
Health and Personal Social Services Act (Northern Ireland);year=2002;context=http://www.legislation.gov.uk/id/nia/2002/9
Health and Social Care (Reform) Act (Northern Ireland);year=2009;context=http://www.legislation.gov.uk/id/nia/2009/1
Industrial Development Act (Northern Ireland);year=2002;context=http://www.legislation.gov.uk/id/nia/2002/1
Libraries Act (Northern Ireland);year=2008;context=http://www.legislation.gov.uk/id/nia/2008/8
Limited Liability Partnerships Act (Northern Ireland);year=2002;context=http://www.legislation.gov.uk/id/nia/2002/12
Local Government (Best Value) Act (Northern Ireland);year=2002;context=http://www.legislation.gov.uk/id/nia/2002/4
Local Government (Boundaries) Act (Northern Ireland);year=2008;context=http://www.legislation.gov.uk/id/nia/2008/7
Local Government (Miscellaneous Provisions) Act (Northern Ireland);year=2010;context=http://www.legislation.gov.uk/id/nia/2010/7
Mesothelioma, etc., Act (Northern Ireland);year=2008;context=http://www.legislation.gov.uk/id/nia/2008/9
Open-Ended Investment Companies Act (Northern Ireland);year=2002;context=http://www.legislation.gov.uk/id/nia/2002/13
Pensions (No. 2) Act (Northern Ireland);year=2008;context=http://www.legislation.gov.uk/id/nia/2008/13
Pensions Act (Northern Ireland);year=2008;context=http://www.legislation.gov.uk/id/nia/2008/1
Pensions Regulator Tribunal (Transfer of Functions) Act (Northern Ireland);year=2010;context=http://www.legislation.gov.uk/id/nia/2010/4
Personal Social Services (Preserved Rights) Act (Northern Ireland);year=2002;context=http://www.legislation.gov.uk/id/nia/2002/5
Planning (Compensation, etc.) Act (Northern Ireland);year=2001;context=http://www.legislation.gov.uk/id/nia/2001/2
Presumption of Death Act (Northern Ireland);year=2009;context=http://www.legislation.gov.uk/id/nia/2009/6
Product Liability (Amendment) Act (Northern Ireland);year=2001;context=http://www.legislation.gov.uk/id/nia/2001/13
Public Authorities (Reform) Act (Northern Ireland);year=2009;context=http://www.legislation.gov.uk/id/nia/2009/3
Public Health (Amendment) Act (Northern Ireland);year=2008;context=http://www.legislation.gov.uk/id/nia/2008/5
Railway Safety Act (Northern Ireland);year=2002;context=http://www.legislation.gov.uk/id/nia/2002/8
Rates (Amendment) Act (Northern Ireland);year=2009;context=http://www.legislation.gov.uk/id/nia/2009/8
Social Security Act (Northern Ireland);year=2002;context=http://www.legislation.gov.uk/id/nia/2002/10
Social Security Fraud Act (Northern Ireland);year=2001;context=http://www.legislation.gov.uk/id/nia/2001/17
State Pension Credit Act (Northern Ireland);year=2002;context=http://www.legislation.gov.uk/id/nia/2002/14
Street Trading Act (Northern Ireland);year=2001;context=http://www.legislation.gov.uk/id/nia/2001/8
Taxis Act (Northern Ireland);year=2008;context=http://www.legislation.gov.uk/id/nia/2008/4
Trustee Act (Northern Ireland);year=2001;context=http://www.legislation.gov.uk/id/nia/2001/14
Water and Sewerage Services (Amendment) Act (Northern Ireland);year=2010;context=http://www.legislation.gov.uk/id/nia/2010/5
Weights and Measures (Amendment) Act (Northern Ireland);year=2000;context=http://www.legislation.gov.uk/id/nia/2000/5
Welfare Reform Act (Northern Ireland);year=2007;context=http://www.legislation.gov.uk/id/nia/2007/2
